Archive member included to satisfy reference by file (symbol)

YAHAL_ski\libYAHAL_ski.a(st7735s_drv.cpp.obj)
                              CMakeFiles/ski.dir/ski.cpp.obj (st7735s_drv::Crystalfontz_128x128)
YAHAL_ski\libYAHAL_ski.a(adc14_msp432.cpp.obj)
                              CMakeFiles/ski.dir/ski.cpp.obj (adc14_msp432::inst)
YAHAL_ski\libYAHAL_ski.a(gpio_msp432.cpp.obj)
                              CMakeFiles/ski.dir/ski.cpp.obj (gpio_msp432::inst)
YAHAL_ski\libYAHAL_ski.a(spi_msp432.cpp.obj)
                              CMakeFiles/ski.dir/ski.cpp.obj (spi_msp432::spi_msp432(EUSCI_B_SPI_Type*, gpio_pin&, bool, unsigned short))
YAHAL_ski\libYAHAL_ski.a(startup_msp432p401r_gcc.cpp.obj)
                              (Reset_Handler)
YAHAL_ski\libYAHAL_ski.a(uart_msp432.cpp.obj)
                              CMakeFiles/ski.dir/ski.cpp.obj (uart_msp432::uart_msp432(EUSCI_A_Type*, unsigned long, unsigned short))
YAHAL_ski\libYAHAL_ski.a(system_msp432_gcc.cpp.obj)
                              YAHAL_ski\libYAHAL_ski.a(spi_msp432.cpp.obj) (SystemCoreClock)
YAHAL_ski\libYAHAL_ski.a(task.cpp.obj)
                              CMakeFiles/ski.dir/ski.cpp.obj (task::sleep(unsigned long))
YAHAL_ski\libYAHAL_ski.a(cpp_support.cpp.obj)
                              YAHAL_ski\libYAHAL_ski.a(gpio_msp432.cpp.obj) (std::__throw_bad_function_call())
YAHAL_ski\libYAHAL_ski.a(posix_io.cpp.obj)
                              CMakeFiles/ski.dir/ski.cpp.obj (posix_io::inst)
YAHAL_ski\libYAHAL_ski.a(irq_dispatcher.cpp.obj)
                              YAHAL_ski\libYAHAL_ski.a(spi_msp432.cpp.obj) (irq_dispatcher::link_in())
YAHAL_ski\libYAHAL_ski.a(task_msp432.cpp.obj)
                              YAHAL_ski\libYAHAL_ski.a(task.cpp.obj) (task::_setup_stack(bool))
uGUI_ski\libuGUI_ski.a(uGUI.cpp.obj)
                              CMakeFiles/ski.dir/ski.cpp.obj (uGUI::uGUI(lcd_interface&))
uGUI_ski\libuGUI_ski.a(font_4x6.cpp.obj)
                              CMakeFiles/ski.dir/ski.cpp.obj (FONT_4X6)
uGUI_ski\libuGUI_ski.a(font_6x10.cpp.obj)
                              CMakeFiles/ski.dir/ski.cpp.obj (FONT_6X10)
uGUI_ski\libuGUI_ski.a(font_6x8.cpp.obj)
                              CMakeFiles/ski.dir/ski.cpp.obj (FONT_6X8)
uGUI_ski\libuGUI_ski.a(font_8x12.cpp.obj)
                              CMakeFiles/ski.dir/ski.cpp.obj (FONT_8X12)
e:/mct_programme/12.2 mpacbti-rel1/bin/../lib/gcc/arm-none-eabi/12.2.1/thumb/v7e-m+fp/hard\libstdc++_nano.a(atexit_arm.o)
                              YAHAL_ski\libYAHAL_ski.a(adc14_msp432.cpp.obj) (__aeabi_atexit)
e:/mct_programme/12.2 mpacbti-rel1/bin/../lib/gcc/arm-none-eabi/12.2.1/thumb/v7e-m+fp/hard\libstdc++_nano.a(del_ops.o)
                              YAHAL_ski\libYAHAL_ski.a(st7735s_drv.cpp.obj) (operator delete(void*, unsigned int))
e:/mct_programme/12.2 mpacbti-rel1/bin/../lib/gcc/arm-none-eabi/12.2.1/thumb/v7e-m+fp/hard\libstdc++_nano.a(del_opv.o)
                              YAHAL_ski\libYAHAL_ski.a(task.cpp.obj) (operator delete[](void*))
e:/mct_programme/12.2 mpacbti-rel1/bin/../lib/gcc/arm-none-eabi/12.2.1/thumb/v7e-m+fp/hard\libstdc++_nano.a(new_op.o)
                              YAHAL_ski\libYAHAL_ski.a(task_msp432.cpp.obj) (operator new(unsigned int))
e:/mct_programme/12.2 mpacbti-rel1/bin/../lib/gcc/arm-none-eabi/12.2.1/thumb/v7e-m+fp/hard\libstdc++_nano.a(new_opv.o)
                              CMakeFiles/ski.dir/ski.cpp.obj (operator new[](unsigned int))
e:/mct_programme/12.2 mpacbti-rel1/bin/../lib/gcc/arm-none-eabi/12.2.1/thumb/v7e-m+fp/hard\libstdc++_nano.a(del_op.o)
                              e:/mct_programme/12.2 mpacbti-rel1/bin/../lib/gcc/arm-none-eabi/12.2.1/thumb/v7e-m+fp/hard\libstdc++_nano.a(del_ops.o) (operator delete(void*))
e:/mct_programme/12.2 mpacbti-rel1/bin/../lib/gcc/arm-none-eabi/12.2.1/thumb/v7e-m+fp/hard\libstdc++_nano.a(new_handler.o)
                              e:/mct_programme/12.2 mpacbti-rel1/bin/../lib/gcc/arm-none-eabi/12.2.1/thumb/v7e-m+fp/hard\libstdc++_nano.a(new_op.o) (std::get_new_handler())
e:/mct_programme/12.2 mpacbti-rel1/bin/../lib/gcc/arm-none-eabi/12.2.1/thumb/v7e-m+fp/hard\libc_nano.a(libc_a-abort.o)
                              e:/mct_programme/12.2 mpacbti-rel1/bin/../lib/gcc/arm-none-eabi/12.2.1/thumb/v7e-m+fp/hard\libstdc++_nano.a(new_op.o) (abort)
e:/mct_programme/12.2 mpacbti-rel1/bin/../lib/gcc/arm-none-eabi/12.2.1/thumb/v7e-m+fp/hard\libc_nano.a(libc_a-exit.o)
                              e:/mct_programme/12.2 mpacbti-rel1/bin/../lib/gcc/arm-none-eabi/12.2.1/thumb/v7e-m+fp/hard/crt0.o (exit)
e:/mct_programme/12.2 mpacbti-rel1/bin/../lib/gcc/arm-none-eabi/12.2.1/thumb/v7e-m+fp/hard\libc_nano.a(libc_a-malloc.o)
                              e:/mct_programme/12.2 mpacbti-rel1/bin/../lib/gcc/arm-none-eabi/12.2.1/thumb/v7e-m+fp/hard\libstdc++_nano.a(new_op.o) (malloc)
e:/mct_programme/12.2 mpacbti-rel1/bin/../lib/gcc/arm-none-eabi/12.2.1/thumb/v7e-m+fp/hard\libc_nano.a(libc_a-mallocr.o)
[...]
Memory Configuration

Name             Origin             Length             Attributes
FLASH            0x00000000         0x00040000         xr
RAM              0x20000000         0x00010000         rw
*default*        0x00000000         0xffffffff

Linker script and memory map

LOAD e:/mct_programme/12.2 mpacbti-rel1/bin/../lib/gcc/arm-none-eabi/12.2.1/thumb/v7e-m+fp/hard/crti.o
LOAD e:/mct_programme/12.2 mpacbti-rel1/bin/../lib/gcc/arm-none-eabi/12.2.1/thumb/v7e-m+fp/hard/crtbegin.o
LOAD e:/mct_programme/12.2 mpacbti-rel1/bin/../lib/gcc/arm-none-eabi/12.2.1/thumb/v7e-m+fp/hard/crt0.o

.text           0x00000000     0x7a60
 *(.intvecs)
 .intvecs       0x00000000       0xe4 YAHAL_ski\libYAHAL_ski.a(startup_msp432p401r_gcc.cpp.obj)
 *(.text.*)
 .text.deregister_tm_clones
                0x000000e4       0x1c e:/mct_programme/12.2 mpacbti-rel1/bin/../lib/gcc/arm-none-eabi/12.2.1/thumb/v7e-m+fp/hard/crtbegin.o
 .text.register_tm_clones
                0x00000100       0x24 e:/mct_programme/12.2 mpacbti-rel1/bin/../lib/gcc/arm-none-eabi/12.2.1/thumb/v7e-m+fp/hard/crtbegin.o
 .text.__do_global_dtors_aux
                0x00000124       0x28 e:/mct_programme/12.2 mpacbti-rel1/bin/../lib/gcc/arm-none-eabi/12.2.1/thumb/v7e-m+fp/hard/crtbegin.o
 .text.frame_dummy
                0x0000014c       0x24 e:/mct_programme/12.2 mpacbti-rel1/bin/../lib/gcc/arm-none-eabi/12.2.1/thumb/v7e-m+fp/hard/crtbegin.o
 .text._Z17window_3_callbackPN4uGUI7MESSAGEE
                0x00000170        0x2 CMakeFiles/ski.dir/ski.cpp.obj
                0x00000170                window_3_callback(uGUI::MESSAGE*)
 *fill*         0x00000172        0x2 
 .text._Z17window_1_callbackPN4uGUI7MESSAGEE
                0x00000174       0x10 CMakeFiles/ski.dir/ski.cpp.obj
                0x00000174                window_1_callback(uGUI::MESSAGE*)
 .text._Z17window_2_callbackPN4uGUI7MESSAGEE
                0x00000184       0x10 CMakeFiles/ski.dir/ski.cpp.obj
                0x00000184                window_2_callback(uGUI::MESSAGE*)
 .text._Z8setSpeedv
                0x00000194       0x3c CMakeFiles/ski.dir/ski.cpp.obj
                0x00000194                setSpeed()
 .text._Z21setSchwierigkeitsgradv
                0x000001d0       0x70 CMakeFiles/ski.dir/ski.cpp.obj
                0x000001d0                setSchwierigkeitsgrad()
 .text._Z14handleColisionssi
                0x00000240       0x68 CMakeFiles/ski.dir/ski.cpp.obj
                0x00000240                handleColision(short, short, int)
 .text._Z13handleTrefferiiii
                0x000002a8       0x74 CMakeFiles/ski.dir/ski.cpp.obj
                0x000002a8                handleTreffer(int, int, int, int)
 .text.main     0x0000031c      0xbf4 CMakeFiles/ski.dir/ski.cpp.obj
                0x0000031c                main
 .text._ZL17yahal_assert_funcv
                0x00000f10        0x2 YAHAL_ski\libYAHAL_ski.a(st7735s_drv.cpp.obj)
 .text._ZN18pixel_stream_const12getColorTypeEv
                0x00000f12        0x8 YAHAL_ski\libYAHAL_ski.a(st7735s_drv.cpp.obj)
                0x00000f12                pixel_stream_const::getColorType()
 .text._ZN18pixel_stream_const7getNextEv
                0x00000f1a        0x4 YAHAL_ski\libYAHAL_ski.a(st7735s_drv.cpp.obj)
                0x00000f1a                pixel_stream_const::getNext()
 .text._ZN18pixel_stream_const5resetEv
                0x00000f1e        0x2 YAHAL_ski\libYAHAL_ski.a(st7735s_drv.cpp.obj)
                0x00000f1e                pixel_stream_const::reset()
 .text._ZN11st7735s_drvD2Ev
                0x00000f20       0x14 YAHAL_ski\libYAHAL_ski.a(st7735s_drv.cpp.obj)
                0x00000f20                st7735s_drv::~st7735s_drv()
                0x00000f20                st7735s_drv::~st7735s_drv()
 .text._ZN11st7735s_drv8getSizeXEv
                0x00000f34       0x18 YAHAL_ski\libYAHAL_ski.a(st7735s_drv.cpp.obj)
                0x00000f34                st7735s_drv::getSizeX()
 .text._ZN11st7735s_drv8getSizeYEv
                0x00000f4c       0x18 YAHAL_ski\libYAHAL_ski.a(st7735s_drv.cpp.obj)
                0x00000f4c                st7735s_drv::getSizeY()
 .text._ZN18pixel_stream_constD2Ev
                0x00000f64        0xc YAHAL_ski\libYAHAL_ski.a(st7735s_drv.cpp.obj)
                0x00000f64                pixel_stream_const::~pixel_stream_const()
                0x00000f64                pixel_stream_const::~pixel_stream_const()
 .text._Z41__static_initialization_and_destruction_0ii
                0x00000f70       0x2c YAHAL_ski\libYAHAL_ski.a(st7735s_drv.cpp.obj)
 .text._ZN18pixel_stream_constD0Ev
                0x00000f9c       0x18 YAHAL_ski\libYAHAL_ski.a(st7735s_drv.cpp.obj)
                0x00000f9c                pixel_stream_const::~pixel_stream_const()
 .text._ZN11st7735s_drvD0Ev
                0x00000fb4       0x16 YAHAL_ski\libYAHAL_ski.a(st7735s_drv.cpp.obj)
                0x00000fb4                st7735s_drv::~st7735s_drv()
 *fill*         0x00000fca        0x2 
 .text._ZN13lcd_interface12convertColorEmm
                0x00000fcc       0x4c YAHAL_ski\libYAHAL_ski.a(st7735s_drv.cpp.obj)
                0x00000fcc                lcd_interface::convertColor(unsigned long, unsigned long)
 .text._ZN11st7735s_drv8fillAreaEttttm
                0x00001018       0x54 YAHAL_ski\libYAHAL_ski.a(st7735s_drv.cpp.obj)
                0x00001018                st7735s_drv::fillArea(unsigned short, unsigned short, unsigned short, unsigned short, unsigned long)
 .text._ZN11st7735s_drv6changeERtS0_
                0x0000106c       0x9e YAHAL_ski\libYAHAL_ski.a(st7735s_drv.cpp.obj)
                0x0000106c                st7735s_drv::change(unsigned short&, unsigned short&)
 .text._ZN11st7735s_drv9writeDataEh
                0x0000110a       0x1e YAHAL_ski\libYAHAL_ski.a(st7735s_drv.cpp.obj)
                0x0000110a                st7735s_drv::writeData(unsigned char)
 .text._ZN11st7735s_drv15writeDataBufferEi
                0x00001128       0x14 YAHAL_ski\libYAHAL_ski.a(st7735s_drv.cpp.obj)
                0x00001128                st7735s_drv::writeDataBuffer(int)
 .text._ZN11st7735s_drv12writeCommandEh
                0x0000113c       0x42 YAHAL_ski\libYAHAL_ski.a(st7735s_drv.cpp.obj)
                0x0000113c                st7735s_drv::writeCommand(unsigned char)
 .text._ZN11st7735s_drv14setOrientationENS_11OrientationE
                0x0000117e       0x70 YAHAL_ski\libYAHAL_ski.a(st7735s_drv.cpp.obj)
                0x0000117e                st7735s_drv::setOrientation(st7735s_drv::Orientation)
 .text._ZN11st7735s_drv6scrollEs
                0x000011ee       0x72 YAHAL_ski\libYAHAL_ski.a(st7735s_drv.cpp.obj)
                0x000011ee                st7735s_drv::scroll(short)
 .text._ZN11st7735s_drvC2ER13spi_interfaceR8gpio_pinS3_RNS_6configEP15mutex_interface
                0x00001260      0x11c YAHAL_ski\libYAHAL_ski.a(st7735s_drv.cpp.obj)
                0x00001260                st7735s_drv::st7735s_drv(spi_interface&, gpio_pin&, gpio_pin&, st7735s_drv::config&, mutex_interface*)
                0x00001260                st7735s_drv::st7735s_drv(spi_interface&, gpio_pin&, gpio_pin&, st7735s_drv::config&, mutex_interface*)
 .text._ZN11st7735s_drv8setFrameEtttt
                0x0000137c      0x100 YAHAL_ski\libYAHAL_ski.a(st7735s_drv.cpp.obj)
                0x0000137c                st7735s_drv::setFrame(unsigned short, unsigned short, unsigned short, unsigned short)
 .text._ZN11st7735s_drv9drawPixelEttm
                0x0000147c       0x6a YAHAL_ski\libYAHAL_ski.a(st7735s_drv.cpp.obj)
                0x0000147c                st7735s_drv::drawPixel(unsigned short, unsigned short, unsigned long)
 .text._ZN11st7735s_drv9drawHLineEtttm
                0x000014e6       0x9a YAHAL_ski\libYAHAL_ski.a(st7735s_drv.cpp.obj)
                0x000014e6                st7735s_drv::drawHLine(unsigned short, unsigned short, unsigned short, unsigned long)
 .text._ZN11st7735s_drv9drawVLineEtttm
                0x00001580       0x9c YAHAL_ski\libYAHAL_ski.a(st7735s_drv.cpp.obj)
                0x00001580                st7735s_drv::drawVLine(unsigned short, unsigned short, unsigned short, unsigned long)
 .text._ZN11st7735s_drv8drawAreaEttttR12pixel_stream
                0x0000161c       0xf8 YAHAL_ski\libYAHAL_ski.a(st7735s_drv.cpp.obj)
                0x0000161c                st7735s_drv::drawArea(unsigned short, unsigned short, unsigned short, unsigned short, pixel_stream&)
 .text._ZN11st7735s_drv11clearScreenEm
                0x00001714       0xac YAHAL_ski\libYAHAL_ski.a(st7735s_drv.cpp.obj)
                0x00001714                st7735s_drv::clearScreen(unsigned long)
 .text._GLOBAL__sub_I__ZN11st7735s_drv20Crystalfontz_128x128E
                0x000017c0        0xe YAHAL_ski\libYAHAL_ski.a(st7735s_drv.cpp.obj)
 .text._ZL17yahal_assert_funcv
                0x000017ce        0x2 YAHAL_ski\libYAHAL_ski.a(adc14_msp432.cpp.obj)
 .text._ZN12adc14_msp4327getModeEh
                0x000017d0       0x2c YAHAL_ski\libYAHAL_ski.a(adc14_msp432.cpp.obj)
                0x000017d0                adc14_msp432::getMode(unsigned char)
 .text._ZN12adc14_msp43214adcReadVoltageEh
                0x000017fc       0x18 YAHAL_ski\libYAHAL_ski.a(adc14_msp432.cpp.obj)
                0x000017fc                adc14_msp432::adcReadVoltage(unsigned char)
 .text._ZN12adc14_msp43212rawToVoltageEht
                0x00001814       0x84 YAHAL_ski\libYAHAL_ski.a(adc14_msp432.cpp.obj)
                0x00001814                adc14_msp432::rawToVoltage(unsigned char, unsigned short)
 .text._ZN12adc14_msp432D2Ev
                0x00001898       0x14 YAHAL_ski\libYAHAL_ski.a(adc14_msp432.cpp.obj)
                0x00001898                adc14_msp432::~adc14_msp432()
                0x00001898                adc14_msp432::~adc14_msp432()
 .text._ZN12adc14_msp4327adcModeEht
                0x000018ac       0x5c YAHAL_ski\libYAHAL_ski.a(adc14_msp432.cpp.obj)
                0x000018ac                adc14_msp432::adcMode(unsigned char, unsigned short)
 .text._ZN12adc14_msp432D0Ev
                0x00001908       0x20 YAHAL_ski\libYAHAL_ski.a(adc14_msp432.cpp.obj)
                0x00001908                adc14_msp432::~adc14_msp432()
 .text._ZN12adc14_msp43211adcStopScanEv
                0x00001928       0x1c YAHAL_ski\libYAHAL_ski.a(adc14_msp432.cpp.obj)
                0x00001928                adc14_msp432::adcStopScan()
 .text._ZN12adc14_msp432C2Ev
                0x00001944       0x64 YAHAL_ski\libYAHAL_ski.a(adc14_msp432.cpp.obj)
                0x00001944                adc14_msp432::adc14_msp432()
                0x00001944                adc14_msp432::adc14_msp432()
 .text._Z41__static_initialization_and_destruction_0ii
                0x000019a8       0x30 YAHAL_ski\libYAHAL_ski.a(adc14_msp432.cpp.obj)
 .text._ZN12adc14_msp43214set_resolutionEt
                0x000019d8       0x8c YAHAL_ski\libYAHAL_ski.a(adc14_msp432.cpp.obj)
                0x000019d8                adc14_msp432::set_resolution(unsigned short)
 .text._ZN12adc14_msp43210adcReadRawEh
                0x00001a64       0x8c YAHAL_ski\libYAHAL_ski.a(adc14_msp432.cpp.obj)
                0x00001a64                adc14_msp432::adcReadRaw(unsigned char)
 .text._ZN12adc14_msp4329handleIrqEm
                0x00001af0       0x98 YAHAL_ski\libYAHAL_ski.a(adc14_msp432.cpp.obj)
                0x00001af0                adc14_msp432::handleIrq(unsigned long)
 .text.ADC14_IRQHandler
                0x00001b88       0x18 YAHAL_ski\libYAHAL_ski.a(adc14_msp432.cpp.obj)
                0x00001b88                ADC14_IRQHandler
 .text._GLOBAL__sub_I__ZN12adc14_msp4324instE
                0x00001ba0        0xe YAHAL_ski\libYAHAL_ski.a(adc14_msp432.cpp.obj)
 *fill*         0x00001bae        0x2 
 .text.__NVIC_EnableIRQ
                0x00001bb0       0x1c YAHAL_ski\libYAHAL_ski.a(gpio_msp432.cpp.obj)
 .text._ZL17yahal_assert_funcv
                0x00001bcc        0x2 YAHAL_ski\libYAHAL_ski.a(gpio_msp432.cpp.obj)
 *fill*         0x00001bce        0x2 
 .text._ZN11gpio_msp4328gpioReadEt
                0x00001bd0       0x48 YAHAL_ski\libYAHAL_ski.a(gpio_msp432.cpp.obj)
                0x00001bd0                gpio_msp432::gpioRead(unsigned short)
 .text._ZN11gpio_msp4329gpioWriteEtb
                0x00001c18      0x148 YAHAL_ski\libYAHAL_ski.a(gpio_msp432.cpp.obj)
                0x00001c18                gpio_msp432::gpioWrite(unsigned short, bool)
 .text._ZN11gpio_msp43210gpioToggleEt
                0x00001d60       0x50 YAHAL_ski\libYAHAL_ski.a(gpio_msp432.cpp.obj)
                0x00001d60                gpio_msp432::gpioToggle(unsigned short)
 .text._ZN11gpio_msp43213gpioEnableIrqEt
                0x00001db0       0x60 YAHAL_ski\libYAHAL_ski.a(gpio_msp432.cpp.obj)
                0x00001db0                gpio_msp432::gpioEnableIrq(unsigned short)
 .text._ZN11gpio_msp43214gpioDisableIrqEt
                0x00001e10       0x48 YAHAL_ski\libYAHAL_ski.a(gpio_msp432.cpp.obj)
                0x00001e10                gpio_msp432::gpioDisableIrq(unsigned short)
 .text._ZNSt14_Function_baseD2Ev
                0x00001e58       0x12 YAHAL_ski\libYAHAL_ski.a(gpio_msp432.cpp.obj)
                0x00001e58                std::_Function_base::~_Function_base()
                0x00001e58                std::_Function_base::~_Function_base()
 *fill*         0x00001e6a        0x2 
 .text._ZN11gpio_msp432D2Ev
                0x00001e6c       0x30 YAHAL_ski\libYAHAL_ski.a(gpio_msp432.cpp.obj)
                0x00001e6c                gpio_msp432::~gpio_msp432()
                0x00001e6c                gpio_msp432::~gpio_msp432()
 .text._ZN11gpio_msp432D0Ev
                0x00001e9c       0x16 YAHAL_ski\libYAHAL_ski.a(gpio_msp432.cpp.obj)
                0x00001e9c                gpio_msp432::~gpio_msp432()
 *fill*         0x00001eb2        0x2 
 .text._ZN11gpio_msp432C2Ev
                0x00001eb4       0x48 YAHAL_ski\libYAHAL_ski.a(gpio_msp432.cpp.obj)
                0x00001eb4                gpio_msp432::gpio_msp432()
                0x00001eb4                gpio_msp432::gpio_msp432()
 .text._Z41__static_initialization_and_destruction_0ii
                0x00001efc       0x30 YAHAL_ski\libYAHAL_ski.a(gpio_msp432.cpp.obj)
 .text._ZN11gpio_msp4326setSELEth
                0x00001f2c       0x58 YAHAL_ski\libYAHAL_ski.a(gpio_msp432.cpp.obj)
                0x00001f2c                gpio_msp432::setSEL(unsigned short, unsigned char)
 .text._ZN11gpio_msp4327setModeEtt
                0x00001f84      0x168 YAHAL_ski\libYAHAL_ski.a(gpio_msp432.cpp.obj)
                0x00001f84                gpio_msp432::setMode(unsigned short, unsigned short)
 .text._ZN11gpio_msp4328gpioModeEtt
                0x000020ec       0x1a YAHAL_ski\libYAHAL_ski.a(gpio_msp432.cpp.obj)
                0x000020ec                gpio_msp432::gpioMode(unsigned short, unsigned short)
 .text._ZNSt8functionIFvvEEC2ERKS1_
                0x00002106       0x24 YAHAL_ski\libYAHAL_ski.a(gpio_msp432.cpp.obj)
                0x00002106                std::function<void ()>::function(std::function<void ()> const&)
                0x00002106                std::function<void ()>::function(std::function<void ()> const&)
 .text._ZNSt8functionIFvvEEaSEDn
                0x0000212a       0x18 YAHAL_ski\libYAHAL_ski.a(gpio_msp432.cpp.obj)
                0x0000212a                std::function<void ()>::operator=(decltype(nullptr))
 *fill*         0x00002142        0x2 
 .text._ZN11gpio_msp43213gpioDetachIrqEt
                0x00002144       0x4c YAHAL_ski\libYAHAL_ski.a(gpio_msp432.cpp.obj)
                0x00002144                gpio_msp432::gpioDetachIrq(unsigned short)
 .text._ZNKSt8functionIFvvEEclEv
                0x00002190       0x10 YAHAL_ski\libYAHAL_ski.a(gpio_msp432.cpp.obj)
                0x00002190                std::function<void ()>::operator()() const
 .text._ZN11gpio_msp4329handleIrqEhh
                0x000021a0       0x48 YAHAL_ski\libYAHAL_ski.a(gpio_msp432.cpp.obj)
                0x000021a0                gpio_msp432::handleIrq(unsigned char, unsigned char)
 .text.PORT1_IRQHandler
                0x000021e8       0x24 YAHAL_ski\libYAHAL_ski.a(gpio_msp432.cpp.obj)
                0x000021e8                PORT1_IRQHandler
 .text.PORT2_IRQHandler
                0x0000220c       0x24 YAHAL_ski\libYAHAL_ski.a(gpio_msp432.cpp.obj)
                0x0000220c                PORT2_IRQHandler
 .text.PORT3_IRQHandler
                0x00002230       0x24 YAHAL_ski\libYAHAL_ski.a(gpio_msp432.cpp.obj)
                0x00002230                PORT3_IRQHandler
 .text.PORT4_IRQHandler
                0x00002254       0x24 YAHAL_ski\libYAHAL_ski.a(gpio_msp432.cpp.obj)
                0x00002254                PORT4_IRQHandler
 .text.PORT5_IRQHandler
                0x00002278       0x28 YAHAL_ski\libYAHAL_ski.a(gpio_msp432.cpp.obj)
                0x00002278                PORT5_IRQHandler
 .text.PORT6_IRQHandler
                0x000022a0       0x28 YAHAL_ski\libYAHAL_ski.a(gpio_msp432.cpp.obj)
                0x000022a0                PORT6_IRQHandler
 .text._ZSt4swapISt9_Any_dataENSt9enable_ifIXsrSt6__and_IJSt6__not_ISt15__is_tuple_likeIT_EESt21is_move_constructibleIS5_ESt18is_move_assignableIS5_EEE5valueEvE4typeERS5_SF_
                0x000022c8       0x24 YAHAL_ski\libYAHAL_ski.a(gpio_msp432.cpp.obj)
                0x000022c8                std::enable_if<std::__and_<std::__not_<std::__is_tuple_like<std::_Any_data> >, std::is_move_constructible<std::_Any_data>, std::is_move_assignable<std::_Any_data> >::value, void>::type std::swap<std::_Any_data>(std::_Any_data&, std::_Any_data&)
 .text._ZNSt8functionIFvvEE4swapERS1_
                0x000022ec       0x1c YAHAL_ski\libYAHAL_ski.a(gpio_msp432.cpp.obj)
                0x000022ec                std::function<void ()>::swap(std::function<void ()>&)
 .text._ZNSt8functionIFvvEEaSERKS1_
                0x00002308       0x20 YAHAL_ski\libYAHAL_ski.a(gpio_msp432.cpp.obj)
                0x00002308                std::function<void ()>::operator=(std::function<void ()> const&)
 .text._ZN11gpio_msp43213gpioAttachIrqEttSt8functionIFvvEE
                0x00002328       0xf8 YAHAL_ski\libYAHAL_ski.a(gpio_msp432.cpp.obj)
                0x00002328                gpio_msp432::gpioAttachIrq(unsigned short, unsigned short, std::function<void ()>)
 .text._GLOBAL__sub_I_port_base
                0x00002420        0xe YAHAL_ski\libYAHAL_ski.a(gpio_msp432.cpp.obj)
 *fill*         0x0000242e        0x2 
 .text.__NVIC_EnableIRQ
                0x00002430       0x1c YAHAL_ski\libYAHAL_ski.a(spi_msp432.cpp.obj)
 .text._ZL17yahal_assert_funcv
                0x0000244c        0x2 YAHAL_ski\libYAHAL_ski.a(spi_msp432.cpp.obj)
 *fill*         0x0000244e        0x2 
 .text._ZN10spi_msp432D2Ev
                0x00002450       0x24 YAHAL_ski\libYAHAL_ski.a(spi_msp432.cpp.obj)
                0x00002450                spi_msp432::~spi_msp432()
                0x00002450                spi_msp432::~spi_msp432()
 .text._ZN10spi_msp432D0Ev
                0x00002474       0x14 YAHAL_ski\libYAHAL_ski.a(spi_msp432.cpp.obj)
                0x00002474                spi_msp432::~spi_msp432()
 .text._Z41__static_initialization_and_destruction_0ii
                0x00002488       0x54 YAHAL_ski\libYAHAL_ski.a(spi_msp432.cpp.obj)
 .text.__tcf_0  0x000024dc       0x20 YAHAL_ski\libYAHAL_ski.a(spi_msp432.cpp.obj)
 .text._ZN10spi_msp432C2EP16EUSCI_B_SPI_TypeR8gpio_pinbt
                0x000024fc      0x118 YAHAL_ski\libYAHAL_ski.a(spi_msp432.cpp.obj)
                0x000024fc                spi_msp432::spi_msp432(EUSCI_B_SPI_Type*, gpio_pin&, bool, unsigned short)
                0x000024fc                spi_msp432::spi_msp432(EUSCI_B_SPI_Type*, gpio_pin&, bool, unsigned short)
 .text._ZN10spi_msp43210initializeEv
                0x00002614       0xc8 YAHAL_ski\libYAHAL_ski.a(spi_msp432.cpp.obj)
                0x00002614                spi_msp432::initialize()
 .text._ZN10spi_msp4327spiTxRxEPKhPht
                0x000026dc       0xa8 YAHAL_ski\libYAHAL_ski.a(spi_msp432.cpp.obj)
                0x000026dc                spi_msp432::spiTxRx(unsigned char const*, unsigned char*, unsigned short)
 .text._ZN10spi_msp4325spiTxEPKht
                0x00002784       0x88 YAHAL_ski\libYAHAL_ski.a(spi_msp432.cpp.obj)
                0x00002784                spi_msp432::spiTx(unsigned char const*, unsigned short)
 .text._ZN10spi_msp4325spiRxEhPht
                0x0000280c       0xa4 YAHAL_ski\libYAHAL_ski.a(spi_msp432.cpp.obj)
                0x0000280c                spi_msp432::spiRx(unsigned char, unsigned char*, unsigned short)
 .text._ZN10spi_msp4328setSpeedEm
                0x000028b0       0x24 YAHAL_ski\libYAHAL_ski.a(spi_msp432.cpp.obj)
                0x000028b0                spi_msp432::setSpeed(unsigned long)
 .text._ZN10spi_msp43210generateCSEb
                0x000028d4       0x14 YAHAL_ski\libYAHAL_ski.a(spi_msp432.cpp.obj)
                0x000028d4                spi_msp432::generateCS(bool)
 .text._ZN10spi_msp4325setCSEb
                0x000028e8       0x20 YAHAL_ski\libYAHAL_ski.a(spi_msp432.cpp.obj)
                0x000028e8                spi_msp432::setCS(bool)
 .text._ZNKSt8functionIFvhEEclEh
                0x00002908       0x1e YAHAL_ski\libYAHAL_ski.a(spi_msp432.cpp.obj)
                0x00002908                std::function<void (unsigned char)>::operator()(unsigned char) const
 *fill*         0x00002926        0x2 
 .text.EUSCIA0_SPI_IRQHandler
                0x00002928       0x18 YAHAL_ski\libYAHAL_ski.a(spi_msp432.cpp.obj)
                0x00002928                EUSCIA0_SPI_IRQHandler
 .text.EUSCIA1_SPI_IRQHandler
                0x00002940       0x18 YAHAL_ski\libYAHAL_ski.a(spi_msp432.cpp.obj)
                0x00002940                EUSCIA1_SPI_IRQHandler
 .text.EUSCIA2_SPI_IRQHandler
                0x00002958       0x18 YAHAL_ski\libYAHAL_ski.a(spi_msp432.cpp.obj)
                0x00002958                EUSCIA2_SPI_IRQHandler
 .text.EUSCIA3_SPI_IRQHandler
                0x00002970       0x18 YAHAL_ski\libYAHAL_ski.a(spi_msp432.cpp.obj)
                0x00002970                EUSCIA3_SPI_IRQHandler
 .text.EUSCIB0_SPI_IRQHandler
                0x00002988       0x18 YAHAL_ski\libYAHAL_ski.a(spi_msp432.cpp.obj)
                0x00002988                EUSCIB0_SPI_IRQHandler
 .text.EUSCIB1_SPI_IRQHandler
                0x000029a0       0x18 YAHAL_ski\libYAHAL_ski.a(spi_msp432.cpp.obj)
                0x000029a0                EUSCIB1_SPI_IRQHandler
 .text.EUSCIB2_SPI_IRQHandler
                0x000029b8       0x18 YAHAL_ski\libYAHAL_ski.a(spi_msp432.cpp.obj)
                0x000029b8                EUSCIB2_SPI_IRQHandler
 .text.EUSCIB3_SPI_IRQHandler
                0x000029d0       0x18 YAHAL_ski\libYAHAL_ski.a(spi_msp432.cpp.obj)
                0x000029d0                EUSCIB3_SPI_IRQHandler
 .text._ZNSt8functionIFvhEEC2ERKS1_
                0x000029e8       0x24 YAHAL_ski\libYAHAL_ski.a(spi_msp432.cpp.obj)
                0x000029e8                std::function<void (unsigned char)>::function(std::function<void (unsigned char)> const&)
                0x000029e8                std::function<void (unsigned char)>::function(std::function<void (unsigned char)> const&)
 .text._ZNSt8functionIFvhEE4swapERS1_
                0x00002a0c       0x1c YAHAL_ski\libYAHAL_ski.a(spi_msp432.cpp.obj)
                0x00002a0c                std::function<void (unsigned char)>::swap(std::function<void (unsigned char)>&)
 .text._ZNSt8functionIFvhEEaSERKS1_
                0x00002a28       0x20 YAHAL_ski\libYAHAL_ski.a(spi_msp432.cpp.obj)
                0x00002a28                std::function<void (unsigned char)>::operator=(std::function<void (unsigned char)> const&)
 .text._ZN10spi_msp43214spiAttachRxIrqESt8functionIFvhEE
                0x00002a48       0x28 YAHAL_ski\libYAHAL_ski.a(spi_msp432.cpp.obj)
                0x00002a48                spi_msp432::spiAttachRxIrq(std::function<void (unsigned char)>)
 .text._GLOBAL__sub_I_SPI_CLK
                0x00002a70        0xe YAHAL_ski\libYAHAL_ski.a(spi_msp432.cpp.obj)
 .text.Default_Handler
                0x00002a7e        0x2 YAHAL_ski\libYAHAL_ski.a(startup_msp432p401r_gcc.cpp.obj)
                0x00002a7e                CS_IRQHandler
                0x00002a7e                DebugMon_Handler
                0x00002a7e                AES256_IRQHandler
                0x00002a7e                HardFault_Handler
                0x00002a7e                NMI_Handler
                0x00002a7e                RTC_C_IRQHandler
                0x00002a7e                FPU_IRQHandler
                0x00002a7e                TA3_0_IRQHandler
                0x00002a7e                UsageFault_Handler
                0x00002a7e                DMA_INT3_IRQHandler
                0x00002a7e                TA2_0_IRQHandler
                0x00002a7e                DMA_INT1_IRQHandler
                0x00002a7e                WDT_A_IRQHandler
                0x00002a7e                TA2_N_IRQHandler
                0x00002a7e                TA1_0_IRQHandler
                0x00002a7e                PSS_IRQHandler
                0x00002a7e                DMA_INT2_IRQHandler
                0x00002a7e                DMA_INT0_IRQHandler
                0x00002a7e                Default_Handler
                0x00002a7e                T32_INTC_IRQHandler
                0x00002a7e                TA3_N_IRQHandler
                0x00002a7e                TA0_0_IRQHandler
                0x00002a7e                MemManage_Handler
                0x00002a7e                TA1_N_IRQHandler
                0x00002a7e                COMP_E1_IRQHandler
                0x00002a7e                FLCTL_IRQHandler
                0x00002a7e                T32_INT1_IRQHandler
                0x00002a7e                DMA_ERR_IRQHandler
                0x00002a7e                BusFault_Handler
                0x00002a7e                PCM_IRQHandler
                0x00002a7e                TA0_N_IRQHandler
                0x00002a7e                COMP_E0_IRQHandler
                0x00002a7e                T32_INT2_IRQHandler
 .text.Reset_Handler
                0x00002a80       0x60 YAHAL_ski\libYAHAL_ski.a(startup_msp432p401r_gcc.cpp.obj)
                0x00002a80                Reset_Handler
 .text.__NVIC_EnableIRQ
                0x00002ae0       0x1c YAHAL_ski\libYAHAL_ski.a(uart_msp432.cpp.obj)
 .text.__NVIC_DisableIRQ
                0x00002afc       0x24 YAHAL_ski\libYAHAL_ski.a(uart_msp432.cpp.obj)
 .text._ZL17yahal_assert_funcv
                0x00002b20        0x2 YAHAL_ski\libYAHAL_ski.a(uart_msp432.cpp.obj)
 .text._ZN11uart_msp4328uartModeEt
                0x00002b22       0xc0 YAHAL_ski\libYAHAL_ski.a(uart_msp432.cpp.obj)
                0x00002b22                uart_msp432::uartMode(unsigned short)
 *fill*         0x00002be2        0x2 
 .text._ZN11uart_msp43211setBaudrateEm
                0x00002be4       0x18 YAHAL_ski\libYAHAL_ski.a(uart_msp432.cpp.obj)
                0x00002be4                uart_msp432::setBaudrate(unsigned long)
 .text._ZN11uart_msp43213uartEnableIrqEv
                0x00002bfc        0x8 YAHAL_ski\libYAHAL_ski.a(uart_msp432.cpp.obj)
                0x00002bfc                uart_msp432::uartEnableIrq()
 .text._ZN11uart_msp43214uartDisableIrqEv
                0x00002c04        0x8 YAHAL_ski\libYAHAL_ski.a(uart_msp432.cpp.obj)
                0x00002c04                uart_msp432::uartDisableIrq()
 .text._ZN11uart_msp432D2Ev
                0x00002c0c       0x58 YAHAL_ski\libYAHAL_ski.a(uart_msp432.cpp.obj)
                0x00002c0c                uart_msp432::~uart_msp432()
                0x00002c0c                uart_msp432::~uart_msp432()
 .text._ZN11uart_msp432D0Ev
                0x00002c64       0x14 YAHAL_ski\libYAHAL_ski.a(uart_msp432.cpp.obj)
                0x00002c64                uart_msp432::~uart_msp432()
 .text._Z41__static_initialization_and_destruction_0ii
                0x00002c78       0x5c YAHAL_ski\libYAHAL_ski.a(uart_msp432.cpp.obj)
 .text.__tcf_0  0x00002cd4       0x20 YAHAL_ski\libYAHAL_ski.a(uart_msp432.cpp.obj)
 .text._ZN11uart_msp432C2EP12EUSCI_A_Typemt
                0x00002cf4       0x2c YAHAL_ski\libYAHAL_ski.a(uart_msp432.cpp.obj)
                0x00002cf4                uart_msp432::uart_msp432(EUSCI_A_Type*, unsigned long, unsigned short)
                0x00002cf4                uart_msp432::uart_msp432(EUSCI_A_Type*, unsigned long, unsigned short)
 .text._ZN11uart_msp4324initEv
                0x00002d20       0xe4 YAHAL_ski\libYAHAL_ski.a(uart_msp432.cpp.obj)
                0x00002d20                uart_msp432::init()
 .text._ZN11uart_msp4329availableEv
                0x00002e04       0x18 YAHAL_ski\libYAHAL_ski.a(uart_msp432.cpp.obj)
                0x00002e04                uart_msp432::available()
 .text._ZN11uart_msp4324getcEv
                0x00002e1c       0x1e YAHAL_ski\libYAHAL_ski.a(uart_msp432.cpp.obj)
                0x00002e1c                uart_msp432::getc()
 .text._ZN11uart_msp4324putcEc
                0x00002e3a       0x1e YAHAL_ski\libYAHAL_ski.a(uart_msp432.cpp.obj)
                0x00002e3a                uart_msp432::putc(char)
 .text._ZNSt8functionIFvcEEaSEDn
                0x00002e58       0x18 YAHAL_ski\libYAHAL_ski.a(uart_msp432.cpp.obj)
                0x00002e58                std::function<void (char)>::operator=(decltype(nullptr))
 .text._ZN11uart_msp43213uartDetachIrqEv
                0x00002e70       0x34 YAHAL_ski\libYAHAL_ski.a(uart_msp432.cpp.obj)
                0x00002e70                uart_msp432::uartDetachIrq()
 .text._ZNKSt8functionIFvcEEclEc
                0x00002ea4       0x1e YAHAL_ski\libYAHAL_ski.a(uart_msp432.cpp.obj)
                0x00002ea4                std::function<void (char)>::operator()(char) const
 *fill*         0x00002ec2        0x2 
 .text._ZN11uart_msp4329handleIrqEP12EUSCI_A_Type
                0x00002ec4       0x20 YAHAL_ski\libYAHAL_ski.a(uart_msp432.cpp.obj)
                0x00002ec4                uart_msp432::handleIrq(EUSCI_A_Type*)
 .text.EUSCIA0_UART_IRQHandler
                0x00002ee4       0x10 YAHAL_ski\libYAHAL_ski.a(uart_msp432.cpp.obj)
                0x00002ee4                EUSCIA0_UART_IRQHandler
 .text.EUSCIA1_UART_IRQHandler
                0x00002ef4       0x10 YAHAL_ski\libYAHAL_ski.a(uart_msp432.cpp.obj)
                0x00002ef4                EUSCIA1_UART_IRQHandler
 .text.EUSCIA2_UART_IRQHandler
                0x00002f04       0x10 YAHAL_ski\libYAHAL_ski.a(uart_msp432.cpp.obj)
                0x00002f04                EUSCIA2_UART_IRQHandler
 .text.EUSCIA3_UART_IRQHandler
                0x00002f14       0x10 YAHAL_ski\libYAHAL_ski.a(uart_msp432.cpp.obj)
                0x00002f14                EUSCIA3_UART_IRQHandler
 .text._ZNSt8functionIFvcEEC2ERKS1_
                0x00002f24       0x24 YAHAL_ski\libYAHAL_ski.a(uart_msp432.cpp.obj)
                0x00002f24                std::function<void (char)>::function(std::function<void (char)> const&)
                0x00002f24                std::function<void (char)>::function(std::function<void (char)> const&)
 .text._ZNSt8functionIFvcEE4swapERS1_
                0x00002f48       0x1c YAHAL_ski\libYAHAL_ski.a(uart_msp432.cpp.obj)
                0x00002f48                std::function<void (char)>::swap(std::function<void (char)>&)
 .text._ZNSt8functionIFvcEEaSERKS1_
                0x00002f64       0x20 YAHAL_ski\libYAHAL_ski.a(uart_msp432.cpp.obj)
                0x00002f64                std::function<void (char)>::operator=(std::function<void (char)> const&)
 .text._ZN11uart_msp43213uartAttachIrqESt8functionIFvcEE
                0x00002f84       0x38 YAHAL_ski\libYAHAL_ski.a(uart_msp432.cpp.obj)
                0x00002f84                uart_msp432::uartAttachIrq(std::function<void (char)>)
 .text._GLOBAL__sub_I_UART_CLK
                0x00002fbc        0xe YAHAL_ski\libYAHAL_ski.a(uart_msp432.cpp.obj)
 *fill*         0x00002fca        0x2 
 .text.calculate_DCO_clock
                0x00002fcc       0xd4 YAHAL_ski\libYAHAL_ski.a(system_msp432_gcc.cpp.obj)
                0x00002fcc                calculate_DCO_clock
 .text.SystemCoreClockUpdate
                0x000030a0      0x168 YAHAL_ski\libYAHAL_ski.a(system_msp432_gcc.cpp.obj)
                0x000030a0                SystemCoreClockUpdate
 .text.SystemInit
                0x00003208      0x128 YAHAL_ski\libYAHAL_ski.a(system_msp432_gcc.cpp.obj)
                0x00003208                SystemInit
 .text._ZL17yahal_assert_funcv
                0x00003330        0x2 YAHAL_ski\libYAHAL_ski.a(task.cpp.obj)
 *fill*         0x00003332        0x2 
 .text._Z41__static_initialization_and_destruction_0ii
                0x00003334       0x20 YAHAL_ski\libYAHAL_ski.a(task.cpp.obj)
 .text._ZN4taskC2EPKct
                0x00003354       0x74 YAHAL_ski\libYAHAL_ski.a(task.cpp.obj)
                0x00003354                task::task(char const*, unsigned short)
                0x00003354                task::task(char const*, unsigned short)
 .text._ZN4task5sleepEm
                0x000033c8       0x48 YAHAL_ski\libYAHAL_ski.a(task.cpp.obj)
                0x000033c8                task::sleep(unsigned long)
 .text._ZN4task10_schedulerEv
                0x00003410       0xa8 YAHAL_ski\libYAHAL_ski.a(task.cpp.obj)
                0x00003410                task::_scheduler()
 .text._ZN4task13_tick_handlerEv
                0x000034b8       0x2c YAHAL_ski\libYAHAL_ski.a(task.cpp.obj)
                0x000034b8                task::_tick_handler()
 .text._ZN4task3runEv
                0x000034e4        0xa YAHAL_ski\libYAHAL_ski.a(task.cpp.obj)
                0x000034e4                task::run()
 .text._ZN13circular_listI4taskE9push_backEPS0_
                0x000034ee       0x2e YAHAL_ski\libYAHAL_ski.a(task.cpp.obj)
                0x000034ee                circular_list<task>::push_back(task*)
 .text._ZN4task5startEtb
                0x0000351c       0x74 YAHAL_ski\libYAHAL_ski.a(task.cpp.obj)
                0x0000351c                task::start(unsigned short, bool)
 .text._ZN13circular_listI4taskE6removeEPS0_
                0x00003590       0x3e YAHAL_ski\libYAHAL_ski.a(task.cpp.obj)
                0x00003590                circular_list<task>::remove(task*)
 *fill*         0x000035ce        0x2 
 .text._ZN4task4stopEv
                0x000035d0       0x28 YAHAL_ski\libYAHAL_ski.a(task.cpp.obj)
                0x000035d0                task::stop()
 .text._ZN4taskD2Ev
                0x000035f8       0x28 YAHAL_ski\libYAHAL_ski.a(task.cpp.obj)
                0x000035f8                task::~task()
                0x000035f8                task::~task()
 .text._ZN4taskD0Ev
                0x00003620       0x14 YAHAL_ski\libYAHAL_ski.a(task.cpp.obj)
                0x00003620                task::~task()
 .text._ZN4task4_runEv
                0x00003634       0x12 YAHAL_ski\libYAHAL_ski.a(task.cpp.obj)
                0x00003634                task::_run()
 .text._GLOBAL__sub_I__ZN4task9_up_ticksE
                0x00003646        0xe YAHAL_ski\libYAHAL_ski.a(task.cpp.obj)
 .text.__yahal_bad_function_call
                0x00003654        0x2 YAHAL_ski\libYAHAL_ski.a(cpp_support.cpp.obj)
                0x00003654                std::__throw_bad_function_call()
                0x00003654                __yahal_bad_function_call
 *fill*         0x00003656        0x2 
 .text._Z41__static_initialization_and_destruction_0ii
                0x00003658       0x28 YAHAL_ski\libYAHAL_ski.a(posix_io.cpp.obj)
 .text._read    0x00003680       0x78 YAHAL_ski\libYAHAL_ski.a(posix_io.cpp.obj)
                0x00003680                _read
 .text._write   0x000036f8      0x100 YAHAL_ski\libYAHAL_ski.a(posix_io.cpp.obj)
                0x000036f8                _write
 .text._close   0x000037f8       0x24 YAHAL_ski\libYAHAL_ski.a(posix_io.cpp.obj)
                0x000037f8                _close
 .text._fstat   0x0000381c       0x24 YAHAL_ski\libYAHAL_ski.a(posix_io.cpp.obj)
                0x0000381c                _fstat
 .text._lseek   0x00003840       0x20 YAHAL_ski\libYAHAL_ski.a(posix_io.cpp.obj)
                0x00003840                _lseek
 .text._isatty  0x00003860       0x2c YAHAL_ski\libYAHAL_ski.a(posix_io.cpp.obj)
                0x00003860                _isatty
 .text._kill    0x0000388c       0x10 YAHAL_ski\libYAHAL_ski.a(posix_io.cpp.obj)
                0x0000388c                _kill
 .text._getpid  0x0000389c        0x6 YAHAL_ski\libYAHAL_ski.a(posix_io.cpp.obj)
                0x0000389c                _getpid
 *fill*         0x000038a2        0x2 
 .text._ZN8posix_io14register_stdinER14uart_interfaceb
                0x000038a4       0x1c YAHAL_ski\libYAHAL_ski.a(posix_io.cpp.obj)
                0x000038a4                posix_io::register_stdin(uart_interface&, bool)
 .text._ZN8posix_io15register_stdoutER14uart_interfaceb
                0x000038c0       0x1c YAHAL_ski\libYAHAL_ski.a(posix_io.cpp.obj)
                0x000038c0                posix_io::register_stdout(uart_interface&, bool)
 .text._ZN8posix_io15register_stderrER14uart_interfaceb
                0x000038dc       0x1c YAHAL_ski\libYAHAL_ski.a(posix_io.cpp.obj)
                0x000038dc                posix_io::register_stderr(uart_interface&, bool)
 .text._GLOBAL__sub_I__ZN8posix_io4instE
                0x000038f8        0xe YAHAL_ski\libYAHAL_ski.a(posix_io.cpp.obj)
 .text._ZN14irq_dispatcher7link_inEv
                0x00003906        0x2 YAHAL_ski\libYAHAL_ski.a(irq_dispatcher.cpp.obj)
                0x00003906                irq_dispatcher::link_in()
 .text.Default_EUSCI_Handler
                0x00003908        0x2 YAHAL_ski\libYAHAL_ski.a(irq_dispatcher.cpp.obj)
                0x00003908                EUSCIB2_I2C_IRQHandler
                0x00003908                Default_EUSCI_Handler
                0x00003908                EUSCIB1_I2C_IRQHandler
                0x00003908                EUSCIB3_I2C_IRQHandler
                0x00003908                EUSCIB0_I2C_IRQHandler
 *fill*         0x0000390a        0x2 
 .text.EUSCIA0_IRQHandler
                0x0000390c       0x1c YAHAL_ski\libYAHAL_ski.a(irq_dispatcher.cpp.obj)
                0x0000390c                EUSCIA0_IRQHandler
 .text.EUSCIA1_IRQHandler
                0x00003928       0x1c YAHAL_ski\libYAHAL_ski.a(irq_dispatcher.cpp.obj)
                0x00003928                EUSCIA1_IRQHandler
 .text.EUSCIA2_IRQHandler
                0x00003944       0x1c YAHAL_ski\libYAHAL_ski.a(irq_dispatcher.cpp.obj)
                0x00003944                EUSCIA2_IRQHandler
 .text.EUSCIA3_IRQHandler
                0x00003960       0x1c YAHAL_ski\libYAHAL_ski.a(irq_dispatcher.cpp.obj)
                0x00003960                EUSCIA3_IRQHandler
 .text.EUSCIB0_IRQHandler
                0x0000397c       0x20 YAHAL_ski\libYAHAL_ski.a(irq_dispatcher.cpp.obj)
                0x0000397c                EUSCIB0_IRQHandler
 .text.EUSCIB1_IRQHandler
                0x0000399c       0x20 YAHAL_ski\libYAHAL_ski.a(irq_dispatcher.cpp.obj)
                0x0000399c                EUSCIB1_IRQHandler
 .text.EUSCIB2_IRQHandler
                0x000039bc       0x20 YAHAL_ski\libYAHAL_ski.a(irq_dispatcher.cpp.obj)
                0x000039bc                EUSCIB2_IRQHandler
 .text.EUSCIB3_IRQHandler
                0x000039dc       0x20 YAHAL_ski\libYAHAL_ski.a(irq_dispatcher.cpp.obj)
                0x000039dc                EUSCIB3_IRQHandler
 .text._ZL17yahal_assert_funcv
                0x000039fc        0x2 YAHAL_ski\libYAHAL_ski.a(task_msp432.cpp.obj)
 *fill*         0x000039fe        0x2 
 .text._ZN9task_idleD2Ev
                0x00003a00       0x14 YAHAL_ski\libYAHAL_ski.a(task_msp432.cpp.obj)
                0x00003a00                task_idle::~task_idle()
                0x00003a00                task_idle::~task_idle()
 .text._ZN9task_idleD0Ev
                0x00003a14       0x1c YAHAL_ski\libYAHAL_ski.a(task_msp432.cpp.obj)
                0x00003a14                task_idle::~task_idle()
 .text._ZN4task13_switchToNextEv
                0x00003a30       0x14 YAHAL_ski\libYAHAL_ski.a(task_msp432.cpp.obj)
                0x00003a30                task::_switchToNext()
 .text._ZN4task13_getStackBaseEv
                0x00003a44        0xc YAHAL_ski\libYAHAL_ski.a(task_msp432.cpp.obj)
                0x00003a44                task::_getStackBase()
 .text._ZN4task12_getStackPtrEv
                0x00003a50        0xc YAHAL_ski\libYAHAL_ski.a(task_msp432.cpp.obj)
                0x00003a50                task::_getStackPtr()
 .text._ZN4task12_setStackPtrEPh
                0x00003a5c        0xc YAHAL_ski\libYAHAL_ski.a(task_msp432.cpp.obj)
                0x00003a5c                task::_setStackPtr(unsigned char*)
 .text._ZN4task12_setup_stackEb
                0x00003a68       0x48 YAHAL_ski\libYAHAL_ski.a(task_msp432.cpp.obj)
                0x00003a68                task::_setup_stack(bool)
 .text._ZN4task15_context_switchEv
                0x00003ab0       0x10 YAHAL_ski\libYAHAL_ski.a(task_msp432.cpp.obj)
                0x00003ab0                task::_context_switch()
 .text._ZN4task12_nonOS_sleepEm
                0x00003ac0       0x44 YAHAL_ski\libYAHAL_ski.a(task_msp432.cpp.obj)
                0x00003ac0                task::_nonOS_sleep(unsigned long)
 .text._ZN4task5yieldEv
                0x00003b04        0x4 YAHAL_ski\libYAHAL_ski.a(task_msp432.cpp.obj)
                0x00003b04                task::yield()
 .text._ZN4task9cpu_sleepEv
                0x00003b08        0x4 YAHAL_ski\libYAHAL_ski.a(task_msp432.cpp.obj)
                0x00003b08                task::cpu_sleep()
 .text._ZN9task_idle3runEv
                0x00003b0c        0x8 YAHAL_ski\libYAHAL_ski.a(task_msp432.cpp.obj)
                0x00003b0c                task_idle::run()
 .text._ZN4task13enterCriticalEv
                0x00003b14        0xa YAHAL_ski\libYAHAL_ski.a(task_msp432.cpp.obj)
                0x00003b14                task::enterCritical()
 .text._ZN4task13leaveCriticalEv
                0x00003b1e        0x6 YAHAL_ski\libYAHAL_ski.a(task_msp432.cpp.obj)
                0x00003b1e                task::leaveCritical()
 .text.SysTick_Handler
                0x00003b24        0x8 YAHAL_ski\libYAHAL_ski.a(task_msp432.cpp.obj)
                0x00003b24                SysTick_Handler
 .text.PendSV_Handler
                0x00003b2c       0x6c YAHAL_ski\libYAHAL_ski.a(task_msp432.cpp.obj)
                0x00003b2c                PendSV_Handler
 .text.SVC_Handler
                0x00003b98       0x24 YAHAL_ski\libYAHAL_ski.a(task_msp432.cpp.obj)
                0x00003b98                SVC_Handler
 .text.SVC_Handler_C
                0x00003bbc       0xd0 YAHAL_ski\libYAHAL_ski.a(task_msp432.cpp.obj)
                0x00003bbc                SVC_Handler_C
 .text._ZN19pixel_stream_rgb565D2Ev
                0x00003c8c        0x4 uGUI_ski\libuGUI_ski.a(uGUI.cpp.obj)
                0x00003c8c                pixel_stream_rgb565::~pixel_stream_rgb565()
                0x00003c8c                pixel_stream_rgb565::~pixel_stream_rgb565()
 .text._ZN19pixel_stream_rgb56512getColorTypeEv
                0x00003c90        0x8 uGUI_ski\libuGUI_ski.a(uGUI.cpp.obj)
                0x00003c90                pixel_stream_rgb565::getColorType()
 .text._ZN19pixel_stream_rgb5657getNextEv
                0x00003c98       0x14 uGUI_ski\libuGUI_ski.a(uGUI.cpp.obj)
                0x00003c98                pixel_stream_rgb565::getNext()
 .text._ZN19pixel_stream_rgb5655resetEv
                0x00003cac        0x8 uGUI_ski\libuGUI_ski.a(uGUI.cpp.obj)
                0x00003cac                pixel_stream_rgb565::reset()
 .text._ZN19pixel_stream_rgb565D0Ev
                0x00003cb4       0x10 uGUI_ski\libuGUI_ski.a(uGUI.cpp.obj)
                0x00003cb4                pixel_stream_rgb565::~pixel_stream_rgb565()
 .text._ZN4uGUI10DrawCircleEsssm.part.0
                0x00003cc4      0x14c uGUI_ski\libuGUI_ski.a(uGUI.cpp.obj)
 .text._ZN4uGUI12_ImageUpdateEPS_PNS_6WINDOWEPNS_6OBJECTE
                0x00003e10      0x15c uGUI_ski\libuGUI_ski.a(uGUI.cpp.obj)
                0x00003e10                uGUI::_ImageUpdate(uGUI*, uGUI::WINDOW*, uGUI::OBJECT*)
 .text._ZN4uGUIC2ER13lcd_interface
                0x00003f6c       0x5c uGUI_ski\libuGUI_ski.a(uGUI.cpp.obj)
                0x00003f6c                uGUI::uGUI(lcd_interface&)
                0x00003f6c                uGUI::uGUI(lcd_interface&)
 .text._ZN4uGUI10FontSelectEPKNS_4FONTE
                0x00003fc8       0x14 uGUI_ski\libuGUI_ski.a(uGUI.cpp.obj)
                0x00003fc8                uGUI::FontSelect(uGUI::FONT const*)
 .text._ZN4uGUI10FillScreenEm
                0x00003fdc       0x44 uGUI_ski\libuGUI_ski.a(uGUI.cpp.obj)
                0x00003fdc                uGUI::FillScreen(unsigned long)
 .text._ZN4uGUI9FillFrameEssssm
                0x00004020       0x38 uGUI_ski\libuGUI_ski.a(uGUI.cpp.obj)
                0x00004020                uGUI::FillFrame(short, short, short, short, unsigned long)
 .text._ZN4uGUI10DrawCircleEsssm
                0x00004058       0x18 uGUI_ski\libuGUI_ski.a(uGUI.cpp.obj)
                0x00004058                uGUI::DrawCircle(short, short, short, unsigned long)
 .text._ZN4uGUI8DrawLineEssssm
                0x00004070      0x1ac uGUI_ski\libuGUI_ski.a(uGUI.cpp.obj)
                0x00004070                uGUI::DrawLine(short, short, short, short, unsigned long)
 .text._ZN4uGUI9DrawFrameEssssm
                0x0000421c       0x58 uGUI_ski\libuGUI_ski.a(uGUI.cpp.obj)
                0x0000421c                uGUI::DrawFrame(short, short, short, short, unsigned long)
 .text._ZN4uGUI10FillCircleEsssm
                0x00004274      0x11c uGUI_ski\libuGUI_ski.a(uGUI.cpp.obj)
                0x00004274                uGUI::FillCircle(short, short, short, unsigned long)
 .text._ZN4uGUI7PutCharEcssmmb
                0x00004390      0x19c uGUI_ski\libuGUI_ski.a(uGUI.cpp.obj)
                0x00004390                uGUI::PutChar(char, short, short, unsigned long, unsigned long, bool)
 .text._ZN4uGUI9PutStringEssPKcb
                0x0000452c       0x84 uGUI_ski\libuGUI_ski.a(uGUI.cpp.obj)
                0x0000452c                uGUI::PutString(short, short, char const*, bool)
 .text._ZN4uGUI12SetForecolorEm
                0x000045b0        0x4 uGUI_ski\libuGUI_ski.a(uGUI.cpp.obj)
                0x000045b0                uGUI::SetForecolor(unsigned long)
 .text._ZN4uGUI8_PutTextEPNS_4TEXTE
                0x000045b4      0x2bc uGUI_ski\libuGUI_ski.a(uGUI.cpp.obj)
                0x000045b4                uGUI::_PutText(uGUI::TEXT*)
 .text._ZN4uGUI17_ProcessTouchDataEPNS_6WINDOWE
                0x00004870       0xc8 uGUI_ski\libuGUI_ski.a(uGUI.cpp.obj)
                0x00004870                uGUI::_ProcessTouchData(uGUI::WINDOW*)
 .text._ZN4uGUI14_UpdateObjectsEPNS_6WINDOWE
                0x00004938       0x60 uGUI_ski\libuGUI_ski.a(uGUI.cpp.obj)
                0x00004938                uGUI::_UpdateObjects(uGUI::WINDOW*)
 .text._ZN4uGUI16_DrawObjectFrameEssssPm
                0x00004998      0x15c uGUI_ski\libuGUI_ski.a(uGUI.cpp.obj)
                0x00004998                uGUI::_DrawObjectFrame(short, short, short, short, unsigned long*)
 .text._ZN4uGUI13_ButtonUpdateEPS_PNS_6WINDOWEPNS_6OBJECTE
                0x00004af4      0x2b0 uGUI_ski\libuGUI_ski.a(uGUI.cpp.obj)
                0x00004af4                uGUI::_ButtonUpdate(uGUI*, uGUI::WINDOW*, uGUI::OBJECT*)
 .text._ZN4uGUI12WindowCreateEPNS_6WINDOWEPNS_6OBJECTEhPFvPNS_7MESSAGEEE
                0x00004da4       0x88 uGUI_ski\libuGUI_ski.a(uGUI.cpp.obj)
                0x00004da4                uGUI::WindowCreate(uGUI::WINDOW*, uGUI::OBJECT*, unsigned char, void (*)(uGUI::MESSAGE*))
 .text._ZN4uGUI10WindowShowEPNS_6WINDOWE
                0x00004e2c       0x1c uGUI_ski\libuGUI_ski.a(uGUI.cpp.obj)
                0x00004e2c                uGUI::WindowShow(uGUI::WINDOW*)
 .text._ZN4uGUI12WindowResizeEPNS_6WINDOWEssss
                0x00004e48      0x170 uGUI_ski\libuGUI_ski.a(uGUI.cpp.obj)
                0x00004e48                uGUI::WindowResize(uGUI::WINDOW*, short, short, short, short)
 .text._ZN4uGUI18WindowSetBackColorEPNS_6WINDOWEm
                0x00004fb8       0x1c uGUI_ski\libuGUI_ski.a(uGUI.cpp.obj)
                0x00004fb8                uGUI::WindowSetBackColor(uGUI::WINDOW*, unsigned long)
 .text._ZN4uGUI23WindowSetTitleTextColorEPNS_6WINDOWEm
                0x00004fd4       0x1c uGUI_ski\libuGUI_ski.a(uGUI.cpp.obj)
                0x00004fd4                uGUI::WindowSetTitleTextColor(uGUI::WINDOW*, unsigned long)
 .text._ZN4uGUI19WindowSetTitleColorEPNS_6WINDOWEm
                0x00004ff0       0x1c uGUI_ski\libuGUI_ski.a(uGUI.cpp.obj)
                0x00004ff0                uGUI::WindowSetTitleColor(uGUI::WINDOW*, unsigned long)
 .text._ZN4uGUI18WindowSetTitleTextEPNS_6WINDOWEPc
                0x0000500c       0x1c uGUI_ski\libuGUI_ski.a(uGUI.cpp.obj)
                0x0000500c                uGUI::WindowSetTitleText(uGUI::WINDOW*, char*)
 .text._ZN4uGUI22WindowSetTitleTextFontEPNS_6WINDOWEPKNS_4FONTE
                0x00005028       0x38 uGUI_ski\libuGUI_ski.a(uGUI.cpp.obj)
                0x00005028                uGUI::WindowSetTitleTextFont(uGUI::WINDOW*, uGUI::FONT const*)
 .text._ZN4uGUI20WindowSetTitleHeightEPNS_6WINDOWEh
                0x00005060       0x20 uGUI_ski\libuGUI_ski.a(uGUI.cpp.obj)
                0x00005060                uGUI::WindowSetTitleHeight(uGUI::WINDOW*, unsigned char)
 .text._ZN4uGUI15WindowGetXStartEPNS_6WINDOWE
                0x00005080       0x14 uGUI_ski\libuGUI_ski.a(uGUI.cpp.obj)
                0x00005080                uGUI::WindowGetXStart(uGUI::WINDOW*)
 .text._ZN4uGUI15WindowGetYStartEPNS_6WINDOWE
                0x00005094       0x14 uGUI_ski\libuGUI_ski.a(uGUI.cpp.obj)
                0x00005094                uGUI::WindowGetYStart(uGUI::WINDOW*)
 .text._ZN4uGUI13WindowGetXEndEPNS_6WINDOWE
                0x000050a8       0x14 uGUI_ski\libuGUI_ski.a(uGUI.cpp.obj)
                0x000050a8                uGUI::WindowGetXEnd(uGUI::WINDOW*)
 .text._ZN4uGUI13WindowGetYEndEPNS_6WINDOWE
                0x000050bc       0x14 uGUI_ski\libuGUI_ski.a(uGUI.cpp.obj)
                0x000050bc                uGUI::WindowGetYEnd(uGUI::WINDOW*)
 .text._ZN4uGUI16_WindowDrawTitleEPNS_6WINDOWE
                0x000050d0      0x110 uGUI_ski\libuGUI_ski.a(uGUI.cpp.obj)
                0x000050d0                uGUI::_WindowDrawTitle(uGUI::WINDOW*)
 .text._ZN4uGUI13_WindowUpdateEPNS_6WINDOWE
                0x000051e0      0x120 uGUI_ski\libuGUI_ski.a(uGUI.cpp.obj)
                0x000051e0                uGUI::_WindowUpdate(uGUI::WINDOW*)
 .text._ZN4uGUI6UpdateEv
                0x00005300      0x110 uGUI_ski\libuGUI_ski.a(uGUI.cpp.obj)
                0x00005300                uGUI::Update()
 .text._ZN4uGUI12_WindowClearEPNS_6WINDOWE
                0x00005410       0x80 uGUI_ski\libuGUI_ski.a(uGUI.cpp.obj)
                0x00005410                uGUI::_WindowClear(uGUI::WINDOW*)
 .text._ZN4uGUI10WindowHideEPNS_6WINDOWE
                0x00005490       0xe4 uGUI_ski\libuGUI_ski.a(uGUI.cpp.obj)
                0x00005490                uGUI::WindowHide(uGUI::WINDOW*)
 .text._ZN4uGUI12ButtonCreateEPNS_6WINDOWEPNS_6BUTTONEhssss
                0x00005574       0xb4 uGUI_ski\libuGUI_ski.a(uGUI.cpp.obj)
                0x00005574                uGUI::ButtonCreate(uGUI::WINDOW*, uGUI::BUTTON*, unsigned char, short, short, short, short)
 .text._ZN4uGUI18ButtonSetBackColorEPNS_6WINDOWEhm
                0x00005628       0x40 uGUI_ski\libuGUI_ski.a(uGUI.cpp.obj)
                0x00005628                uGUI::ButtonSetBackColor(uGUI::WINDOW*, unsigned char, unsigned long)
 .text._ZN4uGUI13ButtonSetTextEPNS_6WINDOWEhPc
                0x00005668       0x40 uGUI_ski\libuGUI_ski.a(uGUI.cpp.obj)
                0x00005668                uGUI::ButtonSetText(uGUI::WINDOW*, unsigned char, char*)
 .text._ZN4uGUI13ButtonSetFontEPNS_6WINDOWEhPKNS_4FONTE
                0x000056a8       0x40 uGUI_ski\libuGUI_ski.a(uGUI.cpp.obj)
                0x000056a8                uGUI::ButtonSetFont(uGUI::WINDOW*, unsigned char, uGUI::FONT const*)
 .text._ZN4uGUI11ImageCreateEPNS_6WINDOWEPNS_5IMAGEEhssss
                0x000056e8       0x78 uGUI_ski\libuGUI_ski.a(uGUI.cpp.obj)
                0x000056e8                uGUI::ImageCreate(uGUI::WINDOW*, uGUI::IMAGE*, unsigned char, short, short, short, short)
 .text._ZN4uGUI9ImageShowEPNS_6WINDOWEh
                0x00005760       0x38 uGUI_ski\libuGUI_ski.a(uGUI.cpp.obj)
                0x00005760                uGUI::ImageShow(uGUI::WINDOW*, unsigned char)
 .text._ZN4uGUI11ImageSetBMPEPNS_6WINDOWEhPKNS_3BMPE
                0x00005798       0x44 uGUI_ski\libuGUI_ski.a(uGUI.cpp.obj)
                0x00005798                uGUI::ImageSetBMP(uGUI::WINDOW*, unsigned char, uGUI::BMP const*)
 .text.__aeabi_atexit
                0x000057dc        0xa e:/mct_programme/12.2 mpacbti-rel1/bin/../lib/gcc/arm-none-eabi/12.2.1/thumb/v7e-m+fp/hard\libstdc++_nano.a(atexit_arm.o)
                0x000057dc                __aeabi_atexit
 .text._ZdlPvj  0x000057e6        0x4 e:/mct_programme/12.2 mpacbti-rel1/bin/../lib/gcc/arm-none-eabi/12.2.1/thumb/v7e-m+fp/hard\libstdc++_nano.a(del_ops.o)
                0x000057e6                operator delete(void*, unsigned int)
 .text._ZdaPv   0x000057ea        0x4 e:/mct_programme/12.2 mpacbti-rel1/bin/../lib/gcc/arm-none-eabi/12.2.1/thumb/v7e-m+fp/hard\libstdc++_nano.a(del_opv.o)
                0x000057ea                operator delete[](void*)
 .text._Znwj    0x000057ee       0x22 e:/mct_programme/12.2 mpacbti-rel1/bin/../lib/gcc/arm-none-eabi/12.2.1/thumb/v7e-m+fp/hard\libstdc++_nano.a(new_op.o)
                0x000057ee                operator new(unsigned int)
 .text._Znaj    0x00005810        0x4 e:/mct_programme/12.2 mpacbti-rel1/bin/../lib/gcc/arm-none-eabi/12.2.1/thumb/v7e-m+fp/hard\libstdc++_nano.a(new_opv.o)
                0x00005810                operator new[](unsigned int)
 .text._ZdlPv   0x00005814        0x4 e:/mct_programme/12.2 mpacbti-rel1/bin/../lib/gcc/arm-none-eabi/12.2.1/thumb/v7e-m+fp/hard\libstdc++_nano.a(del_op.o)
                0x00005814                operator delete(void*)
 .text._ZSt15get_new_handlerv
                0x00005818       0x10 e:/mct_programme/12.2 mpacbti-rel1/bin/../lib/gcc/arm-none-eabi/12.2.1/thumb/v7e-m+fp/hard\libstdc++_nano.a(new_handler.o)
                0x00005818                std::get_new_handler()
 .text.abort    0x00005828        0xe e:/mct_programme/12.2 mpacbti-rel1/bin/../lib/gcc/arm-none-eabi/12.2.1/thumb/v7e-m+fp/hard\libc_nano.a(libc_a-abort.o)
                0x00005828                abort
 *fill*         0x00005836        0x2 
 .text.exit     0x00005838       0x24 e:/mct_programme/12.2 mpacbti-rel1/bin/../lib/gcc/arm-none-eabi/12.2.1/thumb/v7e-m+fp/hard\libc_nano.a(libc_a-exit.o)
                0x00005838                exit
 .text.malloc   0x0000585c       0x10 e:/mct_programme/12.2 mpacbti-rel1/bin/../lib/gcc/arm-none-eabi/12.2.1/thumb/v7e-m+fp/hard\libc_nano.a(libc_a-malloc.o)
                0x0000585c                malloc
 .text.free     0x0000586c       0x10 e:/mct_programme/12.2 mpacbti-rel1/bin/../lib/gcc/arm-none-eabi/12.2.1/thumb/v7e-m+fp/hard\libc_nano.a(libc_a-malloc.o)
                0x0000586c                free
 .text.sbrk_aligned
                0x0000587c       0x44 e:/mct_programme/12.2 mpacbti-rel1/bin/../lib/gcc/arm-none-eabi/12.2.1/thumb/v7e-m+fp/hard\libc_nano.a(libc_a-mallocr.o)
 .text._malloc_r
                0x000058c0      0x100 e:/mct_programme/12.2 mpacbti-rel1/bin/../lib/gcc/arm-none-eabi/12.2.1/thumb/v7e-m+fp/hard\libc_nano.a(libc_a-mallocr.o)
                0x000058c0                _malloc_r
 .text.__malloc_lock
                0x000059c0        0xc e:/mct_programme/12.2 mpacbti-rel1/bin/../lib/gcc/arm-none-eabi/12.2.1/thumb/v7e-m+fp/hard\libc_nano.a(libc_a-mlock.o)
                0x000059c0                __malloc_lock
 .text.__malloc_unlock
                0x000059cc        0xc e:/mct_programme/12.2 mpacbti-rel1/bin/../lib/gcc/arm-none-eabi/12.2.1/thumb/v7e-m+fp/hard\libc_nano.a(libc_a-mlock.o)
                0x000059cc                __malloc_unlock
 .text.rand     0x000059d8       0x7c e:/mct_programme/12.2 mpacbti-rel1/bin/../lib/gcc/arm-none-eabi/12.2.1/thumb/v7e-m+fp/hard\libc_nano.a(libc_a-rand.o)
                0x000059d8                rand
 .text.__cxa_atexit
                0x00005a54       0x1c e:/mct_programme/12.2 mpacbti-rel1/bin/../lib/gcc/arm-none-eabi/12.2.1/thumb/v7e-m+fp/hard\libc_nano.a(libc_a-cxa_atexit.o)
                0x00005a54                __cxa_atexit
 .text.__sflush_r
                0x00005a70      0x108 e:/mct_programme/12.2 mpacbti-rel1/bin/../lib/gcc/arm-none-eabi/12.2.1/thumb/v7e-m+fp/hard\libc_nano.a(libc_a-fflush.o)
                0x00005a70                __sflush_r
 .text._fflush_r
                0x00005b78       0x50 e:/mct_programme/12.2 mpacbti-rel1/bin/../lib/gcc/arm-none-eabi/12.2.1/thumb/v7e-m+fp/hard\libc_nano.a(libc_a-fflush.o)
                0x00005b78                _fflush_r
 .text.fflush   0x00005bc8       0x28 e:/mct_programme/12.2 mpacbti-rel1/bin/../lib/gcc/arm-none-eabi/12.2.1/thumb/v7e-m+fp/hard\libc_nano.a(libc_a-fflush.o)
                0x00005bc8                fflush
 .text.std      0x00005bf0       0x6c e:/mct_programme/12.2 mpacbti-rel1/bin/../lib/gcc/arm-none-eabi/12.2.1/thumb/v7e-m+fp/hard\libc_nano.a(libc_a-findfp.o)
 .text.stdio_exit_handler
                0x00005c5c       0x18 e:/mct_programme/12.2 mpacbti-rel1/bin/../lib/gcc/arm-none-eabi/12.2.1/thumb/v7e-m+fp/hard\libc_nano.a(libc_a-findfp.o)
 .text.cleanup_stdio
                0x00005c74       0x40 e:/mct_programme/12.2 mpacbti-rel1/bin/../lib/gcc/arm-none-eabi/12.2.1/thumb/v7e-m+fp/hard\libc_nano.a(libc_a-findfp.o)
 .text.global_stdio_init.part.0
                0x00005cb4       0x3c e:/mct_programme/12.2 mpacbti-rel1/bin/../lib/gcc/arm-none-eabi/12.2.1/thumb/v7e-m+fp/hard\libc_nano.a(libc_a-findfp.o)
 .text.__sfp_lock_acquire
                0x00005cf0        0xc e:/mct_programme/12.2 mpacbti-rel1/bin/../lib/gcc/arm-none-eabi/12.2.1/thumb/v7e-m+fp/hard\libc_nano.a(libc_a-findfp.o)
                0x00005cf0                __sfp_lock_acquire
 .text.__sfp_lock_release
                0x00005cfc        0xc e:/mct_programme/12.2 mpacbti-rel1/bin/../lib/gcc/arm-none-eabi/12.2.1/thumb/v7e-m+fp/hard\libc_nano.a(libc_a-findfp.o)
                0x00005cfc                __sfp_lock_release
 .text.__sinit  0x00005d08       0x30 e:/mct_programme/12.2 mpacbti-rel1/bin/../lib/gcc/arm-none-eabi/12.2.1/thumb/v7e-m+fp/hard\libc_nano.a(libc_a-findfp.o)
                0x00005d08                __sinit
 .text._fwalk_sglue
                0x00005d38       0x3c e:/mct_programme/12.2 mpacbti-rel1/bin/../lib/gcc/arm-none-eabi/12.2.1/thumb/v7e-m+fp/hard\libc_nano.a(libc_a-fwalk.o)
                0x00005d38                _fwalk_sglue
 .text.printf   0x00005d74       0x24 e:/mct_programme/12.2 mpacbti-rel1/bin/../lib/gcc/arm-none-eabi/12.2.1/thumb/v7e-m+fp/hard\libc_nano.a(libc_a-printf.o)
                0x00005d74                iprintf
                0x00005d74                printf
 .text.scanf    0x00005d98       0x24 e:/mct_programme/12.2 mpacbti-rel1/bin/../lib/gcc/arm-none-eabi/12.2.1/thumb/v7e-m+fp/hard\libc_nano.a(libc_a-scanf.o)
                0x00005d98                scanf
                0x00005d98                iscanf
 .text.setvbuf  0x00005dbc      0x168 e:/mct_programme/12.2 mpacbti-rel1/bin/../lib/gcc/arm-none-eabi/12.2.1/thumb/v7e-m+fp/hard\libc_nano.a(libc_a-setvbuf.o)
                0x00005dbc                setvbuf
 .text.sprintf  0x00005f24       0x40 e:/mct_programme/12.2 mpacbti-rel1/bin/../lib/gcc/arm-none-eabi/12.2.1/thumb/v7e-m+fp/hard\libc_nano.a(libc_a-sprintf.o)
                0x00005f24                siprintf
                0x00005f24                sprintf
 .text.__sread  0x00005f64       0x22 e:/mct_programme/12.2 mpacbti-rel1/bin/../lib/gcc/arm-none-eabi/12.2.1/thumb/v7e-m+fp/hard\libc_nano.a(libc_a-stdio.o)
                0x00005f64                __sread
 .text.__swrite
                0x00005f86       0x38 e:/mct_programme/12.2 mpacbti-rel1/bin/../lib/gcc/arm-none-eabi/12.2.1/thumb/v7e-m+fp/hard\libc_nano.a(libc_a-stdio.o)
                0x00005f86                __swrite
 .text.__sseek  0x00005fbe       0x24 e:/mct_programme/12.2 mpacbti-rel1/bin/../lib/gcc/arm-none-eabi/12.2.1/thumb/v7e-m+fp/hard\libc_nano.a(libc_a-stdio.o)
                0x00005fbe                __sseek
 .text.__sclose
                0x00005fe2        0x8 e:/mct_programme/12.2 mpacbti-rel1/bin/../lib/gcc/arm-none-eabi/12.2.1/thumb/v7e-m+fp/hard\libc_nano.a(libc_a-stdio.o)
                0x00005fe2                __sclose
 .text.memset   0x00005fea       0x10 e:/mct_programme/12.2 mpacbti-rel1/bin/../lib/gcc/arm-none-eabi/12.2.1/thumb/v7e-m+fp/hard\libc_nano.a(libc_a-memset.o)
                0x00005fea                memset
 .text.strncpy  0x00005ffa       0x26 e:/mct_programme/12.2 mpacbti-rel1/bin/../lib/gcc/arm-none-eabi/12.2.1/thumb/v7e-m+fp/hard\libc_nano.a(libc_a-strncpy.o)
                0x00005ffa                strncpy
 .text._raise_r
                0x00006020       0x50 e:/mct_programme/12.2 mpacbti-rel1/bin/../lib/gcc/arm-none-eabi/12.2.1/thumb/v7e-m+fp/hard\libc_nano.a(libc_a-signal.o)
                0x00006020                _raise_r
 .text.raise    0x00006070       0x10 e:/mct_programme/12.2 mpacbti-rel1/bin/../lib/gcc/arm-none-eabi/12.2.1/thumb/v7e-m+fp/hard\libc_nano.a(libc_a-signal.o)
                0x00006070                raise
 .text._close_r
                0x00006080       0x20 e:/mct_programme/12.2 mpacbti-rel1/bin/../lib/gcc/arm-none-eabi/12.2.1/thumb/v7e-m+fp/hard\libc_nano.a(libc_a-closer.o)
                0x00006080                _close_r
 .text._lseek_r
                0x000060a0       0x24 e:/mct_programme/12.2 mpacbti-rel1/bin/../lib/gcc/arm-none-eabi/12.2.1/thumb/v7e-m+fp/hard\libc_nano.a(libc_a-lseekr.o)
                0x000060a0                _lseek_r
 .text._read_r  0x000060c4       0x24 e:/mct_programme/12.2 mpacbti-rel1/bin/../lib/gcc/arm-none-eabi/12.2.1/thumb/v7e-m+fp/hard\libc_nano.a(libc_a-readr.o)
                0x000060c4                _read_r
 .text._kill_r  0x000060e8       0x24 e:/mct_programme/12.2 mpacbti-rel1/bin/../lib/gcc/arm-none-eabi/12.2.1/thumb/v7e-m+fp/hard\libc_nano.a(libc_a-signalr.o)
                0x000060e8                _kill_r
 .text._getpid_r
                0x0000610c        0x4 e:/mct_programme/12.2 mpacbti-rel1/bin/../lib/gcc/arm-none-eabi/12.2.1/thumb/v7e-m+fp/hard\libc_nano.a(libc_a-signalr.o)
                0x0000610c                _getpid_r
 .text._sbrk_r  0x00006110       0x20 e:/mct_programme/12.2 mpacbti-rel1/bin/../lib/gcc/arm-none-eabi/12.2.1/thumb/v7e-m+fp/hard\libc_nano.a(libc_a-sbrkr.o)
                0x00006110                _sbrk_r
 .text._write_r
                0x00006130       0x24 e:/mct_programme/12.2 mpacbti-rel1/bin/../lib/gcc/arm-none-eabi/12.2.1/thumb/v7e-m+fp/hard\libc_nano.a(libc_a-writer.o)
                0x00006130                _write_r
 .text.__errno  0x00006154        0xc e:/mct_programme/12.2 mpacbti-rel1/bin/../lib/gcc/arm-none-eabi/12.2.1/thumb/v7e-m+fp/hard\libc_nano.a(libc_a-errno.o)
                0x00006154                __errno
 .text.__libc_init_array
                0x00006160       0x48 e:/mct_programme/12.2 mpacbti-rel1/bin/../lib/gcc/arm-none-eabi/12.2.1/thumb/v7e-m+fp/hard\libc_nano.a(libc_a-init.o)
                0x00006160                __libc_init_array
 .text.__retarget_lock_init_recursive
                0x000061a8        0x2 e:/mct_programme/12.2 mpacbti-rel1/bin/../lib/gcc/arm-none-eabi/12.2.1/thumb/v7e-m+fp/hard\libc_nano.a(libc_a-lock.o)
                0x000061a8                __retarget_lock_init_recursive
 .text.__retarget_lock_acquire_recursive
                0x000061aa        0x2 e:/mct_programme/12.2 mpacbti-rel1/bin/../lib/gcc/arm-none-eabi/12.2.1/thumb/v7e-m+fp/hard\libc_nano.a(libc_a-lock.o)
                0x000061aa                __retarget_lock_acquire_recursive
 .text.__retarget_lock_release_recursive
                0x000061ac        0x2 e:/mct_programme/12.2 mpacbti-rel1/bin/../lib/gcc/arm-none-eabi/12.2.1/thumb/v7e-m+fp/hard\libc_nano.a(libc_a-lock.o)
                0x000061ac                __retarget_lock_release_recursive
 *fill*         0x000061ae        0x2 
 .text.__assert_func
                0x000061b0       0x3c e:/mct_programme/12.2 mpacbti-rel1/bin/../lib/gcc/arm-none-eabi/12.2.1/thumb/v7e-m+fp/hard\libc_nano.a(libc_a-assert.o)
                0x000061b0                __assert_func
 .text._free_r  0x000061ec       0x94 e:/mct_programme/12.2 mpacbti-rel1/bin/../lib/gcc/arm-none-eabi/12.2.1/thumb/v7e-m+fp/hard\libc_nano.a(libc_a-freer.o)
                0x000061ec                _free_r
 .text.__ssputs_r
                0x00006280       0xb6 e:/mct_programme/12.2 mpacbti-rel1/bin/../lib/gcc/arm-none-eabi/12.2.1/thumb/v7e-m+fp/hard\libc_nano.a(libc_a-nano-svfprintf.o)
                0x00006280                __ssputs_r
 *fill*         0x00006336        0x2 
 .text._svfprintf_r
                0x00006338      0x1f8 e:/mct_programme/12.2 mpacbti-rel1/bin/../lib/gcc/arm-none-eabi/12.2.1/thumb/v7e-m+fp/hard\libc_nano.a(libc_a-nano-svfprintf.o)
                0x00006338                _svfiprintf_r
                0x00006338                _svfprintf_r
 .text.__sfputc_r
                0x00006530       0x2e e:/mct_programme/12.2 mpacbti-rel1/bin/../lib/gcc/arm-none-eabi/12.2.1/thumb/v7e-m+fp/hard\libc_nano.a(libc_a-nano-vfprintf.o)
 .text.__sfputs_r
                0x0000655e       0x24 e:/mct_programme/12.2 mpacbti-rel1/bin/../lib/gcc/arm-none-eabi/12.2.1/thumb/v7e-m+fp/hard\libc_nano.a(libc_a-nano-vfprintf.o)
                0x0000655e                __sfputs_r
 *fill*         0x00006582        0x2 
 .text._vfprintf_r
                0x00006584      0x230 e:/mct_programme/12.2 mpacbti-rel1/bin/../lib/gcc/arm-none-eabi/12.2.1/thumb/v7e-m+fp/hard\libc_nano.a(libc_a-nano-vfprintf.o)
                0x00006584                _vfprintf_r
                0x00006584                _vfiprintf_r
 .text._printf_common
                0x000067b4       0xda e:/mct_programme/12.2 mpacbti-rel1/bin/../lib/gcc/arm-none-eabi/12.2.1/thumb/v7e-m+fp/hard\libc_nano.a(libc_a-nano-vfprintf_i.o)
                0x000067b4                _printf_common
 *fill*         0x0000688e        0x2 
 .text._printf_i
                0x00006890      0x258 e:/mct_programme/12.2 mpacbti-rel1/bin/../lib/gcc/arm-none-eabi/12.2.1/thumb/v7e-m+fp/hard\libc_nano.a(libc_a-nano-vfprintf_i.o)
                0x00006890                _printf_i
 .text.__svfscanf_r
                0x00006ae8      0x33c e:/mct_programme/12.2 mpacbti-rel1/bin/../lib/gcc/arm-none-eabi/12.2.1/thumb/v7e-m+fp/hard\libc_nano.a(libc_a-nano-vfscanf.o)
                0x00006ae8                __svfscanf_r
                0x00006ae8                __svfiscanf_r
 .text._vfscanf_r
                0x00006e24       0x26 e:/mct_programme/12.2 mpacbti-rel1/bin/../lib/gcc/arm-none-eabi/12.2.1/thumb/v7e-m+fp/hard\libc_nano.a(libc_a-nano-vfscanf.o)
                0x00006e24                _vfscanf_r
                0x00006e24                _vfiscanf_r
 *fill*         0x00006e4a        0x2 
 .text._scanf_chars
                0x00006e4c       0xb4 e:/mct_programme/12.2 mpacbti-rel1/bin/../lib/gcc/arm-none-eabi/12.2.1/thumb/v7e-m+fp/hard\libc_nano.a(libc_a-nano-vfscanf_i.o)
                0x00006e4c                _scanf_chars
 .text._scanf_i
                0x00006f00      0x200 e:/mct_programme/12.2 mpacbti-rel1/bin/../lib/gcc/arm-none-eabi/12.2.1/thumb/v7e-m+fp/hard\libc_nano.a(libc_a-nano-vfscanf_i.o)
                0x00006f00                _scanf_i
 .text.fprintf  0x00007100       0x24 e:/mct_programme/12.2 mpacbti-rel1/bin/../lib/gcc/arm-none-eabi/12.2.1/thumb/v7e-m+fp/hard\libc_nano.a(libc_a-fprintf.o)
                0x00007100                fiprintf
                0x00007100                fprintf
 .text.__swhatbuf_r
                0x00007124       0x4c e:/mct_programme/12.2 mpacbti-rel1/bin/../lib/gcc/arm-none-eabi/12.2.1/thumb/v7e-m+fp/hard\libc_nano.a(libc_a-makebuf.o)
                0x00007124                __swhatbuf_r
 .text.__smakebuf_r
                0x00007170       0x78 e:/mct_programme/12.2 mpacbti-rel1/bin/../lib/gcc/arm-none-eabi/12.2.1/thumb/v7e-m+fp/hard\libc_nano.a(libc_a-makebuf.o)
                0x00007170                __smakebuf_r
 .text.lflush   0x000071e8       0x1c e:/mct_programme/12.2 mpacbti-rel1/bin/../lib/gcc/arm-none-eabi/12.2.1/thumb/v7e-m+fp/hard\libc_nano.a(libc_a-refill.o)
 .text.__srefill_r
                0x00007204       0xe8 e:/mct_programme/12.2 mpacbti-rel1/bin/../lib/gcc/arm-none-eabi/12.2.1/thumb/v7e-m+fp/hard\libc_nano.a(libc_a-refill.o)
                0x00007204                __srefill_r
 .text.__sccl   0x000072ec       0x72 e:/mct_programme/12.2 mpacbti-rel1/bin/../lib/gcc/arm-none-eabi/12.2.1/thumb/v7e-m+fp/hard\libc_nano.a(libc_a-sccl.o)
                0x000072ec                __sccl
 .text.__submore
                0x0000735e       0x74 e:/mct_programme/12.2 mpacbti-rel1/bin/../lib/gcc/arm-none-eabi/12.2.1/thumb/v7e-m+fp/hard\libc_nano.a(libc_a-ungetc.o)
                0x0000735e                __submore
 .text._ungetc_r
                0x000073d2       0xfe e:/mct_programme/12.2 mpacbti-rel1/bin/../lib/gcc/arm-none-eabi/12.2.1/thumb/v7e-m+fp/hard\libc_nano.a(libc_a-ungetc.o)
                0x000073d2                _ungetc_r
 .text.__swbuf_r
                0x000074d0       0x7c e:/mct_programme/12.2 mpacbti-rel1/bin/../lib/gcc/arm-none-eabi/12.2.1/thumb/v7e-m+fp/hard\libc_nano.a(libc_a-wbuf.o)
                0x000074d0                __swbuf_r
 .text.__swsetup_r
                0x0000754c       0xac e:/mct_programme/12.2 mpacbti-rel1/bin/../lib/gcc/arm-none-eabi/12.2.1/thumb/v7e-m+fp/hard\libc_nano.a(libc_a-wsetup.o)
                0x0000754c                __swsetup_r
 .text.memmove  0x000075f8       0x34 e:/mct_programme/12.2 mpacbti-rel1/bin/../lib/gcc/arm-none-eabi/12.2.1/thumb/v7e-m+fp/hard\libc_nano.a(libc_a-memmove.o)
                0x000075f8                memmove
 .text._fstat_r
                0x0000762c       0x24 e:/mct_programme/12.2 mpacbti-rel1/bin/../lib/gcc/arm-none-eabi/12.2.1/thumb/v7e-m+fp/hard\libc_nano.a(libc_a-fstatr.o)
                0x0000762c                _fstat_r
 .text._isatty_r
                0x00007650       0x20 e:/mct_programme/12.2 mpacbti-rel1/bin/../lib/gcc/arm-none-eabi/12.2.1/thumb/v7e-m+fp/hard\libc_nano.a(libc_a-isattyr.o)
                0x00007650                _isatty_r
 .text.memcpy   0x00007670       0x1c e:/mct_programme/12.2 mpacbti-rel1/bin/../lib/gcc/arm-none-eabi/12.2.1/thumb/v7e-m+fp/hard\libc_nano.a(libc_a-memcpy-stub.o)
                0x00007670                memcpy
 .text._realloc_r
                0x0000768c       0x5c e:/mct_programme/12.2 mpacbti-rel1/bin/../lib/gcc/arm-none-eabi/12.2.1/thumb/v7e-m+fp/hard\libc_nano.a(libc_a-reallocr.o)
                0x0000768c                _realloc_r
 .text._strtol_l.constprop.0
                0x000076e8       0xfc e:/mct_programme/12.2 mpacbti-rel1/bin/../lib/gcc/arm-none-eabi/12.2.1/thumb/v7e-m+fp/hard\libc_nano.a(libc_a-strtol.o)
 .text._strtol_r
                0x000077e4        0x4 e:/mct_programme/12.2 mpacbti-rel1/bin/../lib/gcc/arm-none-eabi/12.2.1/thumb/v7e-m+fp/hard\libc_nano.a(libc_a-strtol.o)
                0x000077e4                _strtol_r
 .text._strtoul_l.constprop.0
                0x000077e8       0xe4 e:/mct_programme/12.2 mpacbti-rel1/bin/../lib/gcc/arm-none-eabi/12.2.1/thumb/v7e-m+fp/hard\libc_nano.a(libc_a-strtoul.o)
 .text._strtoul_r
                0x000078cc        0x4 e:/mct_programme/12.2 mpacbti-rel1/bin/../lib/gcc/arm-none-eabi/12.2.1/thumb/v7e-m+fp/hard\libc_nano.a(libc_a-strtoul.o)
                0x000078cc                _strtoul_r
 .text._malloc_usable_size_r
                0x000078d0       0x10 e:/mct_programme/12.2 mpacbti-rel1/bin/../lib/gcc/arm-none-eabi/12.2.1/thumb/v7e-m+fp/hard\libc_nano.a(libc_a-msizer.o)
                0x000078d0                _malloc_usable_size_r
 .text._sbrk    0x000078e0       0x1c e:/mct_programme/12.2 mpacbti-rel1/bin/../lib/gcc/arm-none-eabi/12.2.1/thumb/v7e-m+fp/hard\libnosys.a(sbrk.o)
                0x000078e0                _sbrk
 .text._exit    0x000078fc        0x4 e:/mct_programme/12.2 mpacbti-rel1/bin/../lib/gcc/arm-none-eabi/12.2.1/thumb/v7e-m+fp/hard\libnosys.a(_exit.o)
                0x000078fc                _exit
 *(SORT_BY_NAME(.ctors.*))
 *(.ctors)
 *(SORT_BY_NAME(.dtors.*))
 *(.dtors)
 *(.init)
 .init          0x00007900        0x4 e:/mct_programme/12.2 mpacbti-rel1/bin/../lib/gcc/arm-none-eabi/12.2.1/thumb/v7e-m+fp/hard/crti.o
                0x00007900                _init
 .init          0x00007904        0x8 e:/mct_programme/12.2 mpacbti-rel1/bin/../lib/gcc/arm-none-eabi/12.2.1/thumb/v7e-m+fp/hard/crtn.o
 *(.fini)
 .fini          0x0000790c        0x4 e:/mct_programme/12.2 mpacbti-rel1/bin/../lib/gcc/arm-none-eabi/12.2.1/thumb/v7e-m+fp/hard/crti.o
                0x0000790c                _fini
 .fini          0x00007910        0x8 e:/mct_programme/12.2 mpacbti-rel1/bin/../lib/gcc/arm-none-eabi/12.2.1/thumb/v7e-m+fp/hard/crtn.o
                0x00007918                        __preinit_array_start = .
 *(.preinit_array*)
                0x00007918                        __preinit_array_end = .
                0x00007918                        __init_array_start = .
 *(.init_array*)
 .init_array    0x00007918        0x4 e:/mct_programme/12.2 mpacbti-rel1/bin/../lib/gcc/arm-none-eabi/12.2.1/thumb/v7e-m+fp/hard/crtbegin.o
 .init_array    0x0000791c        0x4 YAHAL_ski\libYAHAL_ski.a(st7735s_drv.cpp.obj)
 .init_array    0x00007920        0x4 YAHAL_ski\libYAHAL_ski.a(adc14_msp432.cpp.obj)
 .init_array    0x00007924        0x4 YAHAL_ski\libYAHAL_ski.a(gpio_msp432.cpp.obj)
 .init_array    0x00007928        0x4 YAHAL_ski\libYAHAL_ski.a(spi_msp432.cpp.obj)
 .init_array    0x0000792c        0x4 YAHAL_ski\libYAHAL_ski.a(uart_msp432.cpp.obj)
 .init_array    0x00007930        0x4 YAHAL_ski\libYAHAL_ski.a(task.cpp.obj)
 .init_array    0x00007934        0x4 YAHAL_ski\libYAHAL_ski.a(posix_io.cpp.obj)
                0x00007938                        __init_array_end = .
                0x00007938                        __fini_array_start = .
 *(.fini_array*)
 .fini_array    0x00007938        0x4 e:/mct_programme/12.2 mpacbti-rel1/bin/../lib/gcc/arm-none-eabi/12.2.1/thumb/v7e-m+fp/hard/crtbegin.o
                0x0000793c                        __fini_array_end = .
 .text          0x0000793c       0x7c e:/mct_programme/12.2 mpacbti-rel1/bin/../lib/gcc/arm-none-eabi/12.2.1/thumb/v7e-m+fp/hard/crt0.o
                0x0000793c                _stack_init
                0x00007944                _start
                0x00007944                _mainCRTStartup
 *fill*         0x000079b8        0x8 
 .text          0x000079c0       0xa0 e:/mct_programme/12.2 mpacbti-rel1/bin/../lib/gcc/arm-none-eabi/12.2.1/thumb/v7e-m+fp/hard\libc_nano.a(libc_a-memchr.o)
                0x000079c0                memchr

.glue_7         0x00007a60        0x0
 .glue_7        0x00007a60        0x0 linker stubs

.glue_7t        0x00007a60        0x0
 .glue_7t       0x00007a60        0x0 linker stubs

.vfp11_veneer   0x00007a60        0x0
 .vfp11_veneer  0x00007a60        0x0 linker stubs

.v4_bx          0x00007a60        0x0
 .v4_bx         0x00007a60        0x0 linker stubs

.iplt           0x00007a60        0x0
 .iplt          0x00007a60        0x0 e:/mct_programme/12.2 mpacbti-rel1/bin/../lib/gcc/arm-none-eabi/12.2.1/thumb/v7e-m+fp/hard/crtbegin.o

.ARM.extab      0x00007a60        0x0
 *(.ARM.extab* .gnu.linkonce.armextab.*)
 .ARM.extab     0x00007a60        0x0 e:/mct_programme/12.2 mpacbti-rel1/bin/../lib/gcc/arm-none-eabi/12.2.1/thumb/v7e-m+fp/hard/crt0.o
 .ARM.extab     0x00007a60        0x0 e:/mct_programme/12.2 mpacbti-rel1/bin/../lib/gcc/arm-none-eabi/12.2.1/thumb/v7e-m+fp/hard\libc_nano.a(libc_a-strlen.o)
 .ARM.extab     0x00007a60        0x0 e:/mct_programme/12.2 mpacbti-rel1/bin/../lib/gcc/arm-none-eabi/12.2.1/thumb/v7e-m+fp/hard\libc_nano.a(libc_a-memchr.o)

.ARM.exidx      0x00007a60        0x8
                0x00007a60                        __exidx_start = .
 *(.ARM.exidx* .gnu.linkonce.armexidx.*)
 .ARM.exidx     0x00007a60        0x8 e:/mct_programme/12.2 mpacbti-rel1/bin/../lib/gcc/arm-none-eabi/12.2.1/thumb/v7e-m+fp/hard/crt0.o
                                 0x10 (size before relaxing)
 .ARM.exidx     0x00007a68        0x0 e:/mct_programme/12.2 mpacbti-rel1/bin/../lib/gcc/arm-none-eabi/12.2.1/thumb/v7e-m+fp/hard\libc_nano.a(libc_a-memchr.o)
                                  0x8 (size before relaxing)
                0x00007a68                        __exidx_end = .

.rodata         0x00007a68     0xad8b
 *(.rodata)
 .rodata        0x00007a68       0x49 YAHAL_ski\libYAHAL_ski.a(task_msp432.cpp.obj)
 *fill*         0x00007ab1        0x3 
 .rodata        0x00007ab4        0xc e:/mct_programme/12.2 mpacbti-rel1/bin/../lib/gcc/arm-none-eabi/12.2.1/thumb/v7e-m+fp/hard\libc_nano.a(libc_a-nano-vfscanf_i.o)
 *(.rodata.*)
 .rodata._Z17window_1_callbackPN4uGUI7MESSAGEE.str1.4
                0x00007ac0        0x0 CMakeFiles/ski.dir/ski.cpp.obj
                                  0x4 (size before relaxing)
 .rodata._Z8setSpeedv.str1.4
                0x00007ac0       0x44 CMakeFiles/ski.dir/ski.cpp.obj
 .rodata._Z21setSchwierigkeitsgradv.str1.4
                0x00007b04       0x63 CMakeFiles/ski.dir/ski.cpp.obj
 *fill*         0x00007b67        0x1 
 .rodata._Z13handleTrefferiiii.str1.4
                0x00007b68       0x24 CMakeFiles/ski.dir/ski.cpp.obj
 .rodata.main.str1.4
                0x00007b8c       0x84 CMakeFiles/ski.dir/ski.cpp.obj
                                 0x88 (size before relaxing)
 .rodata.mario  0x00007c10     0x8000 CMakeFiles/ski.dir/gen/mario.cpp.obj
                0x00007c10                mario
 .rodata.stein  0x0000fc10      0x168 CMakeFiles/ski.dir/gen/stein.cpp.obj
                0x0000fc10                stein
 .rodata._ZN13lcd_interface12convertColorEmm.str1.4
                0x0000fd78       0x40 YAHAL_ski\libYAHAL_ski.a(st7735s_drv.cpp.obj)
 .rodata._ZTV12pixel_stream
                0x0000fdb8       0x14 YAHAL_ski\libYAHAL_ski.a(st7735s_drv.cpp.obj)
                0x0000fdb8                vtable for pixel_stream
 .rodata._ZTV13lcd_interface
                0x0000fdcc       0x2c YAHAL_ski\libYAHAL_ski.a(st7735s_drv.cpp.obj)
                0x0000fdcc                vtable for lcd_interface
 .rodata._ZTV11st7735s_drv
                0x0000fdf8       0x2c YAHAL_ski\libYAHAL_ski.a(st7735s_drv.cpp.obj)
                0x0000fdf8                vtable for st7735s_drv
 .rodata._ZTV18pixel_stream_const
                0x0000fe24       0x1c YAHAL_ski\libYAHAL_ski.a(st7735s_drv.cpp.obj)
                0x0000fe24                vtable for pixel_stream_const
 .rodata._ZN12adc14_msp4327getModeEh.str1.4
                0x0000fe40       0x43 YAHAL_ski\libYAHAL_ski.a(adc14_msp432.cpp.obj)
 *fill*         0x0000fe83        0x1 
 .rodata._ZTV13adc_interface
                0x0000fe84       0x24 YAHAL_ski\libYAHAL_ski.a(adc14_msp432.cpp.obj)
                0x0000fe84                vtable for adc_interface
 .rodata._ZTV12adc14_msp432
                0x0000fea8       0x24 YAHAL_ski\libYAHAL_ski.a(adc14_msp432.cpp.obj)
                0x0000fea8                vtable for adc14_msp432
 .rodata._ZN11gpio_msp4328gpioReadEt.str1.4
                0x0000fecc       0x42 YAHAL_ski\libYAHAL_ski.a(gpio_msp432.cpp.obj)
 *fill*         0x0000ff0e        0x2 
 .rodata._ZTV14gpio_interface
                0x0000ff10       0x30 YAHAL_ski\libYAHAL_ski.a(gpio_msp432.cpp.obj)
                0x0000ff10                vtable for gpio_interface
 .rodata._ZTV11gpio_msp432
                0x0000ff40       0x30 YAHAL_ski\libYAHAL_ski.a(gpio_msp432.cpp.obj)
                0x0000ff40                vtable for gpio_msp432
 .rodata._ZN10spi_msp432C2EP16EUSCI_A_SPI_TypeR8gpio_pinbt.str1.4
                0x0000ff70       0x41 YAHAL_ski\libYAHAL_ski.a(spi_msp432.cpp.obj)
 *fill*         0x0000ffb1        0x3 
 .rodata._ZTV13spi_interface
                0x0000ffb4       0x2c YAHAL_ski\libYAHAL_ski.a(spi_msp432.cpp.obj)
                0x0000ffb4                vtable for spi_interface
 .rodata._ZTV10spi_msp432
                0x0000ffe0       0x2c YAHAL_ski\libYAHAL_ski.a(spi_msp432.cpp.obj)
                0x0000ffe0                vtable for spi_msp432
 .rodata._ZN11uart_msp4324initEv.str1.4
                0x0001000c       0x42 YAHAL_ski\libYAHAL_ski.a(uart_msp432.cpp.obj)
 *fill*         0x0001004e        0x2 
 .rodata._ZTV14uart_interface
                0x00010050       0x34 YAHAL_ski\libYAHAL_ski.a(uart_msp432.cpp.obj)
                0x00010050                vtable for uart_interface
 .rodata._ZTV11uart_msp432
                0x00010084       0x34 YAHAL_ski\libYAHAL_ski.a(uart_msp432.cpp.obj)
                0x00010084                vtable for uart_msp432
 .rodata._ZN4taskC2EPKct.str1.4
                0x000100b8       0x30 YAHAL_ski\libYAHAL_ski.a(task.cpp.obj)
 .rodata._ZTV4task
                0x000100e8       0x14 YAHAL_ski\libYAHAL_ski.a(task.cpp.obj)
                0x000100e8                vtable for task
 .rodata._write.str1.4
                0x000100fc        0xd YAHAL_ski\libYAHAL_ski.a(posix_io.cpp.obj)
 *fill*         0x00010109        0x3 
 .rodata._ZTV9task_idle
                0x0001010c       0x14 YAHAL_ski\libYAHAL_ski.a(task_msp432.cpp.obj)
                0x0001010c                vtable for task_idle
 .rodata._ZN4uGUI12ButtonCreateEPNS_6WINDOWEPNS_6BUTTONEhssss.str1.4
                0x00010120        0x2 uGUI_ski\libuGUI_ski.a(uGUI.cpp.obj)
 *fill*         0x00010122        0x2 
 .rodata._ZTV19pixel_stream_rgb565
                0x00010124       0x1c uGUI_ski\libuGUI_ski.a(uGUI.cpp.obj)
                0x00010124                vtable for pixel_stream_rgb565
 .rodata._ZL19pal_button_released
                0x00010140       0x30 uGUI_ski\libuGUI_ski.a(uGUI.cpp.obj)
 .rodata._ZL18pal_button_pressed
                0x00010170       0x30 uGUI_ski\libuGUI_ski.a(uGUI.cpp.obj)
 .rodata._ZL10pal_window
                0x000101a0       0x30 uGUI_ski\libuGUI_ski.a(uGUI.cpp.obj)
 .rodata.FONT_4X6
                0x000101d0        0x8 uGUI_ski\libuGUI_ski.a(font_4x6.cpp.obj)
                0x000101d0                FONT_4X6
 .rodata.font_4x6
                0x000101d8      0x600 uGUI_ski\libuGUI_ski.a(font_4x6.cpp.obj)
                0x000101d8                font_4x6
 .rodata.FONT_6X10
                0x000107d8        0x8 uGUI_ski\libuGUI_ski.a(font_6x10.cpp.obj)
                0x000107d8                FONT_6X10
 .rodata.font_6x10
                0x000107e0      0xa00 uGUI_ski\libuGUI_ski.a(font_6x10.cpp.obj)
                0x000107e0                font_6x10
 .rodata.FONT_6X8
                0x000111e0        0x8 uGUI_ski\libuGUI_ski.a(font_6x8.cpp.obj)
                0x000111e0                FONT_6X8
 .rodata.font_6x8
                0x000111e8      0x800 uGUI_ski\libuGUI_ski.a(font_6x8.cpp.obj)
                0x000111e8                font_6x8
 .rodata.FONT_8X12
                0x000119e8        0x8 uGUI_ski\libuGUI_ski.a(font_8x12.cpp.obj)
                0x000119e8                FONT_8X12
 .rodata.font_8x12
                0x000119f0      0xc00 uGUI_ski\libuGUI_ski.a(font_8x12.cpp.obj)
                0x000119f0                font_8x12
 .rodata.srand.str1.1
                0x000125f0       0x78 e:/mct_programme/12.2 mpacbti-rel1/bin/../lib/gcc/arm-none-eabi/12.2.1/thumb/v7e-m+fp/hard\libc_nano.a(libc_a-rand.o)
 .rodata.__assert_func.str1.1
                0x00012668       0x3c e:/mct_programme/12.2 mpacbti-rel1/bin/../lib/gcc/arm-none-eabi/12.2.1/thumb/v7e-m+fp/hard\libc_nano.a(libc_a-assert.o)
                                 0x3d (size before relaxing)
 .rodata._svfprintf_r.str1.1
                0x000126a4       0x11 e:/mct_programme/12.2 mpacbti-rel1/bin/../lib/gcc/arm-none-eabi/12.2.1/thumb/v7e-m+fp/hard\libc_nano.a(libc_a-nano-svfprintf.o)
 .rodata._vfprintf_r.str1.1
                0x000126b5       0x11 e:/mct_programme/12.2 mpacbti-rel1/bin/../lib/gcc/arm-none-eabi/12.2.1/thumb/v7e-m+fp/hard\libc_nano.a(libc_a-nano-vfprintf.o)
 .rodata._printf_i.str1.1
                0x000126b5       0x22 e:/mct_programme/12.2 mpacbti-rel1/bin/../lib/gcc/arm-none-eabi/12.2.1/thumb/v7e-m+fp/hard\libc_nano.a(libc_a-nano-vfprintf_i.o)
 .rodata.__svfscanf_r.str1.1
                0x000126d7        0x4 e:/mct_programme/12.2 mpacbti-rel1/bin/../lib/gcc/arm-none-eabi/12.2.1/thumb/v7e-m+fp/hard\libc_nano.a(libc_a-nano-vfscanf.o)
 .rodata._scanf_i.str1.1
                0x000126d7       0x12 e:/mct_programme/12.2 mpacbti-rel1/bin/../lib/gcc/arm-none-eabi/12.2.1/thumb/v7e-m+fp/hard\libc_nano.a(libc_a-nano-vfscanf_i.o)
 .rodata.str1.1
                0x000126e9        0x9 e:/mct_programme/12.2 mpacbti-rel1/bin/../lib/gcc/arm-none-eabi/12.2.1/thumb/v7e-m+fp/hard\libc_nano.a(libc_a-nano-vfscanf_i.o)
 .rodata._ctype_
                0x000126f2      0x101 e:/mct_programme/12.2 mpacbti-rel1/bin/../lib/gcc/arm-none-eabi/12.2.1/thumb/v7e-m+fp/hard\libc_nano.a(libc_a-ctype_.o)
                0x000126f2                _ctype_

.eh_frame       0x000127f4        0x0
 .eh_frame      0x000127f4        0x0 e:/mct_programme/12.2 mpacbti-rel1/bin/../lib/gcc/arm-none-eabi/12.2.1/thumb/v7e-m+fp/hard/crtbegin.o

.rel.dyn        0x000127f4        0x0
 .rel.iplt      0x000127f4        0x0 e:/mct_programme/12.2 mpacbti-rel1/bin/../lib/gcc/arm-none-eabi/12.2.1/thumb/v7e-m+fp/hard/crtbegin.o

.copy.table     0x000127f3       0x11
                0x000127f8                        . = ALIGN (0x8)
 *fill*         0x000127f3        0x5 
                0x000127f8                        __copy_table_start__ = .
                0x000127f8        0x4 LONG 0x12810 __data_load__
                0x000127fc        0x4 LONG 0x20000000 __data_start__
                0x00012800        0x4 LONG 0xb4 (__data_end__ - __data_start__)
                0x00012804                        __copy_table_end__ = .

.zero.table     0x00012804        0xc
                0x00012808                        . = ALIGN (0x8)
 *fill*         0x00012804        0x4 
                0x00012808                        __zero_table_start__ = .
                0x00012808        0x4 LONG 0x200000b8 __bss_start__
                0x0001280c        0x4 LONG 0x78c (__bss_end__ - __bss_start__)
                0x00012810                        __zero_table_end__ = .
                0x00012810                        __etext = .

.data           0x20000000       0xb4 load address 0x00012810
                0x20000000                        . = ALIGN (0x4)
                0x00012810                        __data_load__ = LOADADDR (.data)
                0x20000000                        __data_start__ = .
 *(.vtable)
 *(.data*)
 .data.__dso_handle
                0x20000000        0x4 e:/mct_programme/12.2 mpacbti-rel1/bin/../lib/gcc/arm-none-eabi/12.2.1/thumb/v7e-m+fp/hard/crtbegin.o
                0x20000000                __dso_handle
 .data.hinderniss_speed
                0x20000004        0x4 CMakeFiles/ski.dir/ski.cpp.obj
                0x20000004                hinderniss_speed
 .data.neuesZiel
                0x20000008        0x1 CMakeFiles/ski.dir/ski.cpp.obj
                0x20000008                neuesZiel
 *fill*         0x20000009        0x3 
 .data.anzahlZiele
                0x2000000c        0x4 CMakeFiles/ski.dir/ski.cpp.obj
                0x2000000c                anzahlZiele
 .data.playerY  0x20000010        0x4 CMakeFiles/ski.dir/ski.cpp.obj
                0x20000010                playerY
 .data.playerX  0x20000014        0x4 CMakeFiles/ski.dir/ski.cpp.obj
                0x20000014                playerX
 .data.breite_hinderniss
                0x20000018        0x4 CMakeFiles/ski.dir/ski.cpp.obj
                0x20000018                breite_hinderniss
 .data.dy_speed
                0x2000001c        0x4 CMakeFiles/ski.dir/ski.cpp.obj
                0x2000001c                dy_speed
 .data.dx_speed
                0x20000020        0x4 CMakeFiles/ski.dir/ski.cpp.obj
                0x20000020                dx_speed
 .data.zeit_bis_zum_schiessen
                0x20000024        0x4 CMakeFiles/ski.dir/ski.cpp.obj
                0x20000024                zeit_bis_zum_schiessen
 .data.port_base
                0x20000028       0x28 YAHAL_ski\libYAHAL_ski.a(gpio_msp432.cpp.obj)
                0x20000028                port_base
 .data.SubsystemMasterClock
                0x20000050        0x4 YAHAL_ski\libYAHAL_ski.a(system_msp432_gcc.cpp.obj)
                0x20000050                SubsystemMasterClock
 .data.SystemCoreClock
                0x20000054        0x4 YAHAL_ski\libYAHAL_ski.a(system_msp432_gcc.cpp.obj)
                0x20000054                SystemCoreClock
 .data.__sglue  0x20000058        0xc e:/mct_programme/12.2 mpacbti-rel1/bin/../lib/gcc/arm-none-eabi/12.2.1/thumb/v7e-m+fp/hard\libc_nano.a(libc_a-findfp.o)
                0x20000058                __sglue
 .data._impure_ptr
                0x20000064        0x4 e:/mct_programme/12.2 mpacbti-rel1/bin/../lib/gcc/arm-none-eabi/12.2.1/thumb/v7e-m+fp/hard\libc_nano.a(libc_a-impure.o)
                0x20000064                _impure_ptr
 .data._impure_data
                0x20000068       0x4c e:/mct_programme/12.2 mpacbti-rel1/bin/../lib/gcc/arm-none-eabi/12.2.1/thumb/v7e-m+fp/hard\libc_nano.a(libc_a-impure.o)
                0x20000068                _impure_data
                0x200000b4                        . = ALIGN (0x4)
                0x200000b4                        __data_end__ = .

.tm_clone_table
                0x200000b4        0x0 load address 0x000128c4
 .tm_clone_table
                0x200000b4        0x0 e:/mct_programme/12.2 mpacbti-rel1/bin/../lib/gcc/arm-none-eabi/12.2.1/thumb/v7e-m+fp/hard/crtbegin.o
 .tm_clone_table
                0x200000b4        0x0 e:/mct_programme/12.2 mpacbti-rel1/bin/../lib/gcc/arm-none-eabi/12.2.1/thumb/v7e-m+fp/hard/crtend.o

.igot.plt       0x200000b4        0x0 load address 0x000128c4
 .igot.plt      0x200000b4        0x0 e:/mct_programme/12.2 mpacbti-rel1/bin/../lib/gcc/arm-none-eabi/12.2.1/thumb/v7e-m+fp/hard/crtbegin.o

.bss            0x200000b8      0x78c load address 0x000128c4
                0x200000b8                        . = ALIGN (0x4)
                0x200000b8                        __bss_start__ = .
 *(SORT_BY_ALIGNMENT(SORT_BY_NAME(.bss*)))
 .bss._ZN4task9_up_ticksE
                0x200000b8        0x8 YAHAL_ski\libYAHAL_ski.a(task.cpp.obj)
                0x200000b8                task::_up_ticks
 .bss.HfxtFrequency
                0x200000c0        0x4 YAHAL_ski\libYAHAL_ski.a(system_msp432_gcc.cpp.obj)
                0x200000c0                HfxtFrequency
 .bss.LfxtFrequency
                0x200000c4        0x4 YAHAL_ski\libYAHAL_ski.a(system_msp432_gcc.cpp.obj)
                0x200000c4                LfxtFrequency
 .bss.SPI_CLK   0x200000c8        0x4 YAHAL_ski\libYAHAL_ski.a(spi_msp432.cpp.obj)
                0x200000c8                SPI_CLK
 .bss.UART_CLK  0x200000cc        0x4 YAHAL_ski\libYAHAL_ski.a(uart_msp432.cpp.obj)
                0x200000cc                UART_CLK
 .bss._ZL17yahal_assert_file
                0x200000d0        0x4 YAHAL_ski\libYAHAL_ski.a(st7735s_drv.cpp.obj)
 .bss._ZL17yahal_assert_file
                0x200000d4        0x4 YAHAL_ski\libYAHAL_ski.a(adc14_msp432.cpp.obj)
 .bss._ZL17yahal_assert_file
                0x200000d8        0x4 YAHAL_ski\libYAHAL_ski.a(gpio_msp432.cpp.obj)
 .bss._ZL17yahal_assert_file
                0x200000dc        0x4 YAHAL_ski\libYAHAL_ski.a(spi_msp432.cpp.obj)
 .bss._ZL17yahal_assert_file
                0x200000e0        0x4 YAHAL_ski\libYAHAL_ski.a(uart_msp432.cpp.obj)
 .bss._ZL17yahal_assert_file
                0x200000e4        0x4 YAHAL_ski\libYAHAL_ski.a(task.cpp.obj)
 .bss._ZL17yahal_assert_file
                0x200000e8        0x4 YAHAL_ski\libYAHAL_ski.a(task_msp432.cpp.obj)
 .bss._ZL17yahal_assert_line
                0x200000ec        0x4 YAHAL_ski\libYAHAL_ski.a(st7735s_drv.cpp.obj)
 .bss._ZL17yahal_assert_line
                0x200000f0        0x4 YAHAL_ski\libYAHAL_ski.a(adc14_msp432.cpp.obj)
 .bss._ZL17yahal_assert_line
                0x200000f4        0x4 YAHAL_ski\libYAHAL_ski.a(gpio_msp432.cpp.obj)
 .bss._ZL17yahal_assert_line
                0x200000f8        0x4 YAHAL_ski\libYAHAL_ski.a(spi_msp432.cpp.obj)
 .bss._ZL17yahal_assert_line
                0x200000fc        0x4 YAHAL_ski\libYAHAL_ski.a(uart_msp432.cpp.obj)
 .bss._ZL17yahal_assert_line
                0x20000100        0x4 YAHAL_ski\libYAHAL_ski.a(task.cpp.obj)
 .bss._ZL17yahal_assert_line
                0x20000104        0x4 YAHAL_ski\libYAHAL_ski.a(task_msp432.cpp.obj)
 .bss._ZL9_exec_ret
                0x20000108        0x4 YAHAL_ski\libYAHAL_ski.a(task_msp432.cpp.obj)
 .bss._ZN10spi_msp43211_intHandlerE
                0x2000010c       0x80 YAHAL_ski\libYAHAL_ski.a(spi_msp432.cpp.obj)
                0x2000010c                spi_msp432::_intHandler
 .bss._ZN11gpio_msp4324instE
                0x2000018c      0x41c YAHAL_ski\libYAHAL_ski.a(gpio_msp432.cpp.obj)
                0x2000018c                gpio_msp432::inst
 .bss._ZN11st7735s_drv20Crystalfontz_128x128E
                0x200005a8        0xc YAHAL_ski\libYAHAL_ski.a(st7735s_drv.cpp.obj)
                0x200005a8                st7735s_drv::Crystalfontz_128x128
 .bss._ZN11uart_msp43211_intHandlerE
                0x200005b4       0x40 YAHAL_ski\libYAHAL_ski.a(uart_msp432.cpp.obj)
                0x200005b4                uart_msp432::_intHandler
 .bss._ZN12_GLOBAL__N_113__new_handlerE
                0x200005f4        0x4 e:/mct_programme/12.2 mpacbti-rel1/bin/../lib/gcc/arm-none-eabi/12.2.1/thumb/v7e-m+fp/hard\libstdc++_nano.a(new_handler.o)
 .bss._ZN12adc14_msp4324instE
                0x200005f8       0xa0 YAHAL_ski\libYAHAL_ski.a(adc14_msp432.cpp.obj)
                0x200005f8                adc14_msp432::inst
 .bss._ZN4task5_listE
                0x20000698        0xc YAHAL_ski\libYAHAL_ski.a(task.cpp.obj)
                0x20000698                task::_list
 .bss._ZN4task8_run_ptrE
                0x200006a4        0x4 YAHAL_ski\libYAHAL_ski.a(task.cpp.obj)