Archive member included to satisfy reference by file (symbol)

YAHAL_ski\libYAHAL_ski.a(st7735s_drv.cpp.obj)
                              CMakeFiles/ski.dir/ski.cpp.obj (st7735s_drv::Crystalfontz_128x128)
YAHAL_ski\libYAHAL_ski.a(adc14_msp432.cpp.obj)
                              CMakeFiles/ski.dir/ski.cpp.obj (adc14_msp432::inst)
YAHAL_ski\libYAHAL_ski.a(gpio_msp432.cpp.obj)
                              CMakeFiles/ski.dir/ski.cpp.obj (gpio_msp432::inst)
YAHAL_ski\libYAHAL_ski.a(spi_msp432.cpp.obj)
                              CMakeFiles/ski.dir/ski.cpp.obj (spi_msp432::spi_msp432(EUSCI_B_SPI_Type*, gpio_pin&, bool, unsigned short))
YAHAL_ski\libYAHAL_ski.a(startup_msp432p401r_gcc.cpp.obj)
                              (Reset_Handler)
YAHAL_ski\libYAHAL_ski.a(uart_msp432.cpp.obj)
                              CMakeFiles/ski.dir/ski.cpp.obj (uart_msp432::uart_msp432(EUSCI_A_Type*, unsigned long, unsigned short))
YAHAL_ski\libYAHAL_ski.a(system_msp432_gcc.cpp.obj)
                              YAHAL_ski\libYAHAL_ski.a(spi_msp432.cpp.obj) (SystemCoreClock)
YAHAL_ski\libYAHAL_ski.a(task.cpp.obj)
                              CMakeFiles/ski.dir/ski.cpp.obj (task::sleep(unsigned long))
YAHAL_ski\libYAHAL_ski.a(cpp_support.cpp.obj)
                              YAHAL_ski\libYAHAL_ski.a(gpio_msp432.cpp.obj) (std::__throw_bad_function_call())
YAHAL_ski\libYAHAL_ski.a(posix_io.cpp.obj)
                              CMakeFiles/ski.dir/ski.cpp.obj (posix_io::inst)
YAHAL_ski\libYAHAL_ski.a(irq_dispatcher.cpp.obj)
                              YAHAL_ski\libYAHAL_ski.a(spi_msp432.cpp.obj) (irq_dispatcher::link_in())
YAHAL_ski\libYAHAL_ski.a(task_msp432.cpp.obj)
                              YAHAL_ski\libYAHAL_ski.a(task.cpp.obj) (task::_setup_stack(bool))
uGUI_ski\libuGUI_ski.a(uGUI.cpp.obj)
                              CMakeFiles/ski.dir/ski.cpp.obj (uGUI::uGUI(lcd_interface&))
uGUI_ski\libuGUI_ski.a(font_6x8.cpp.obj)
                              CMakeFiles/ski.dir/ski.cpp.obj (FONT_6X8)
c:/progra~2/armgnu~1/12dbab~1.2re/bin/../lib/gcc/arm-none-eabi/12.2.1/thumb/v7e-m+fp/hard\libstdc++_nano.a(atexit_arm.o)
                              YAHAL_ski\libYAHAL_ski.a(adc14_msp432.cpp.obj) (__aeabi_atexit)
c:/progra~2/armgnu~1/12dbab~1.2re/bin/../lib/gcc/arm-none-eabi/12.2.1/thumb/v7e-m+fp/hard\libstdc++_nano.a(del_ops.o)
                              YAHAL_ski\libYAHAL_ski.a(st7735s_drv.cpp.obj) (operator delete(void*, unsigned int))
c:/progra~2/armgnu~1/12dbab~1.2re/bin/../lib/gcc/arm-none-eabi/12.2.1/thumb/v7e-m+fp/hard\libstdc++_nano.a(del_opv.o)
                              YAHAL_ski\libYAHAL_ski.a(task.cpp.obj) (operator delete[](void*))
c:/progra~2/armgnu~1/12dbab~1.2re/bin/../lib/gcc/arm-none-eabi/12.2.1/thumb/v7e-m+fp/hard\libstdc++_nano.a(new_op.o)
                              YAHAL_ski\libYAHAL_ski.a(task_msp432.cpp.obj) (operator new(unsigned int))
c:/progra~2/armgnu~1/12dbab~1.2re/bin/../lib/gcc/arm-none-eabi/12.2.1/thumb/v7e-m+fp/hard\libstdc++_nano.a(new_opv.o)
                              CMakeFiles/ski.dir/ski.cpp.obj (operator new[](unsigned int))
c:/progra~2/armgnu~1/12dbab~1.2re/bin/../lib/gcc/arm-none-eabi/12.2.1/thumb/v7e-m+fp/hard\libstdc++_nano.a(del_op.o)
                              c:/progra~2/armgnu~1/12dbab~1.2re/bin/../lib/gcc/arm-none-eabi/12.2.1/thumb/v7e-m+fp/hard\libstdc++_nano.a(del_ops.o) (operator delete(void*))
c:/progra~2/armgnu~1/12dbab~1.2re/bin/../lib/gcc/arm-none-eabi/12.2.1/thumb/v7e-m+fp/hard\libstdc++_nano.a(new_handler.o)
                              c:/progra~2/armgnu~1/12dbab~1.2re/bin/../lib/gcc/arm-none-eabi/12.2.1/thumb/v7e-m+fp/hard\libstdc++_nano.a(new_op.o) (std::get_new_handler())
c:/progra~2/armgnu~1/12dbab~1.2re/bin/../lib/gcc/arm-none-eabi/12.2.1/thumb/v7e-m+fp/hard\libc_nano.a(libc_a-abort.o)
                              c:/progra~2/armgnu~1/12dbab~1.2re/bin/../lib/gcc/arm-none-eabi/12.2.1/thumb/v7e-m+fp/hard\libstdc++_nano.a(new_op.o) (abort)
c:/progra~2/armgnu~1/12dbab~1.2re/bin/../lib/gcc/arm-none-eabi/12.2.1/thumb/v7e-m+fp/hard\libc_nano.a(libc_a-exit.o)
                              c:/progra~2/armgnu~1/12dbab~1.2re/bin/../lib/gcc/arm-none-eabi/12.2.1/thumb/v7e-m+fp/hard/crt0.o (exit)
c:/progra~2/armgnu~1/12dbab~1.2re/bin/../lib/gcc/arm-none-eabi/12.2.1/thumb/v7e-m+fp/hard\libc_nano.a(libc_a-malloc.o)
                              c:/progra~2/armgnu~1/12dbab~1.2re/bin/../lib/gcc/arm-none-eabi/12.2.1/thumb/v7e-m+fp/hard\libstdc++_nano.a(new_op.o) (malloc)
c:/progra~2/armgnu~1/12dbab~1.2re/bin/../lib/gcc/arm-none-eabi/12.2.1/thumb/v7e-m+fp/hard\libc_nano.a(libc_a-mallocr.o)
                              c:/progra~2/armgnu~1/12dbab~1.2re/bin/../lib/gcc/arm-none-eabi/12.2.1/thumb/v7e-m+fp/hard\libc_nano.a(libc_a-malloc.o) (_malloc_r)
c:/progra~2/armgnu~1/12dbab~1.2re/bin/../lib/gcc/arm-none-eabi/12.2.1/thumb/v7e-m+fp/hard\libc_nano.a(libc_a-mlock.o)
[...]
Memory Configuration

Name             Origin             Length             Attributes
FLASH            0x00000000         0x00040000         xr
RAM              0x20000000         0x00010000         rw
*default*        0x00000000         0xffffffff

Linker script and memory map

LOAD c:/progra~2/armgnu~1/12dbab~1.2re/bin/../lib/gcc/arm-none-eabi/12.2.1/thumb/v7e-m+fp/hard/crti.o
LOAD c:/progra~2/armgnu~1/12dbab~1.2re/bin/../lib/gcc/arm-none-eabi/12.2.1/thumb/v7e-m+fp/hard/crtbegin.o
LOAD c:/progra~2/armgnu~1/12dbab~1.2re/bin/../lib/gcc/arm-none-eabi/12.2.1/thumb/v7e-m+fp/hard/crt0.o

.text           0x00000000     0x69e0
 *(.intvecs)
 .intvecs       0x00000000       0xe4 YAHAL_ski\libYAHAL_ski.a(startup_msp432p401r_gcc.cpp.obj)
 *(.text.*)
 .text.deregister_tm_clones
                0x000000e4       0x1c c:/progra~2/armgnu~1/12dbab~1.2re/bin/../lib/gcc/arm-none-eabi/12.2.1/thumb/v7e-m+fp/hard/crtbegin.o
 .text.register_tm_clones
                0x00000100       0x24 c:/progra~2/armgnu~1/12dbab~1.2re/bin/../lib/gcc/arm-none-eabi/12.2.1/thumb/v7e-m+fp/hard/crtbegin.o
 .text.__do_global_dtors_aux
                0x00000124       0x28 c:/progra~2/armgnu~1/12dbab~1.2re/bin/../lib/gcc/arm-none-eabi/12.2.1/thumb/v7e-m+fp/hard/crtbegin.o
 .text.frame_dummy
                0x0000014c       0x24 c:/progra~2/armgnu~1/12dbab~1.2re/bin/../lib/gcc/arm-none-eabi/12.2.1/thumb/v7e-m+fp/hard/crtbegin.o
 .text._Z17window_3_callbackPN4uGUI7MESSAGEE
                0x00000170        0x2 CMakeFiles/ski.dir/ski.cpp.obj
                0x00000170                window_3_callback(uGUI::MESSAGE*)
 *fill*         0x00000172        0x2 
 .text._Z17window_1_callbackPN4uGUI7MESSAGEE
                0x00000174       0x10 CMakeFiles/ski.dir/ski.cpp.obj
                0x00000174                window_1_callback(uGUI::MESSAGE*)
 .text._Z17window_2_callbackPN4uGUI7MESSAGEE
                0x00000184       0x10 CMakeFiles/ski.dir/ski.cpp.obj
                0x00000184                window_2_callback(uGUI::MESSAGE*)
 .text._Z8setSpeedv
                0x00000194       0x3c CMakeFiles/ski.dir/ski.cpp.obj
                0x00000194                setSpeed()
 .text.main     0x000001d0      0x620 CMakeFiles/ski.dir/ski.cpp.obj
                0x000001d0                main
 .text._ZL17yahal_assert_funcv
                0x000007f0        0x2 YAHAL_ski\libYAHAL_ski.a(st7735s_drv.cpp.obj)
 .text._ZN18pixel_stream_const12getColorTypeEv
                0x000007f2        0x8 YAHAL_ski\libYAHAL_ski.a(st7735s_drv.cpp.obj)
                0x000007f2                pixel_stream_const::getColorType()
 .text._ZN18pixel_stream_const7getNextEv
                0x000007fa        0x4 YAHAL_ski\libYAHAL_ski.a(st7735s_drv.cpp.obj)
                0x000007fa                pixel_stream_const::getNext()
 .text._ZN18pixel_stream_const5resetEv
                0x000007fe        0x2 YAHAL_ski\libYAHAL_ski.a(st7735s_drv.cpp.obj)
                0x000007fe                pixel_stream_const::reset()
 .text._ZN11st7735s_drvD2Ev
                0x00000800       0x14 YAHAL_ski\libYAHAL_ski.a(st7735s_drv.cpp.obj)
                0x00000800                st7735s_drv::~st7735s_drv()
                0x00000800                st7735s_drv::~st7735s_drv()
 .text._ZN11st7735s_drv8getSizeXEv
                0x00000814       0x18 YAHAL_ski\libYAHAL_ski.a(st7735s_drv.cpp.obj)
                0x00000814                st7735s_drv::getSizeX()
 .text._ZN11st7735s_drv8getSizeYEv
                0x0000082c       0x18 YAHAL_ski\libYAHAL_ski.a(st7735s_drv.cpp.obj)
                0x0000082c                st7735s_drv::getSizeY()
 .text._ZN18pixel_stream_constD2Ev
                0x00000844        0xc YAHAL_ski\libYAHAL_ski.a(st7735s_drv.cpp.obj)
                0x00000844                pixel_stream_const::~pixel_stream_const()
                0x00000844                pixel_stream_const::~pixel_stream_const()
 .text._Z41__static_initialization_and_destruction_0ii
                0x00000850       0x2c YAHAL_ski\libYAHAL_ski.a(st7735s_drv.cpp.obj)
 .text._ZN18pixel_stream_constD0Ev
                0x0000087c       0x18 YAHAL_ski\libYAHAL_ski.a(st7735s_drv.cpp.obj)
                0x0000087c                pixel_stream_const::~pixel_stream_const()
 .text._ZN11st7735s_drvD0Ev
                0x00000894       0x16 YAHAL_ski\libYAHAL_ski.a(st7735s_drv.cpp.obj)
                0x00000894                st7735s_drv::~st7735s_drv()
 *fill*         0x000008aa        0x2 
 .text._ZN13lcd_interface12convertColorEmm
                0x000008ac       0x4c YAHAL_ski\libYAHAL_ski.a(st7735s_drv.cpp.obj)
                0x000008ac                lcd_interface::convertColor(unsigned long, unsigned long)
 .text._ZN11st7735s_drv8fillAreaEttttm
                0x000008f8       0x54 YAHAL_ski\libYAHAL_ski.a(st7735s_drv.cpp.obj)
                0x000008f8                st7735s_drv::fillArea(unsigned short, unsigned short, unsigned short, unsigned short, unsigned long)
 .text._ZN11st7735s_drv6changeERtS0_
                0x0000094c       0x9e YAHAL_ski\libYAHAL_ski.a(st7735s_drv.cpp.obj)
                0x0000094c                st7735s_drv::change(unsigned short&, unsigned short&)
 .text._ZN11st7735s_drv9writeDataEh
                0x000009ea       0x1e YAHAL_ski\libYAHAL_ski.a(st7735s_drv.cpp.obj)
                0x000009ea                st7735s_drv::writeData(unsigned char)
 .text._ZN11st7735s_drv15writeDataBufferEi
                0x00000a08       0x14 YAHAL_ski\libYAHAL_ski.a(st7735s_drv.cpp.obj)
                0x00000a08                st7735s_drv::writeDataBuffer(int)
 .text._ZN11st7735s_drv12writeCommandEh
                0x00000a1c       0x42 YAHAL_ski\libYAHAL_ski.a(st7735s_drv.cpp.obj)
                0x00000a1c                st7735s_drv::writeCommand(unsigned char)
 .text._ZN11st7735s_drv14setOrientationENS_11OrientationE
                0x00000a5e       0x70 YAHAL_ski\libYAHAL_ski.a(st7735s_drv.cpp.obj)
                0x00000a5e                st7735s_drv::setOrientation(st7735s_drv::Orientation)
 .text._ZN11st7735s_drv6scrollEs
                0x00000ace       0x72 YAHAL_ski\libYAHAL_ski.a(st7735s_drv.cpp.obj)
                0x00000ace                st7735s_drv::scroll(short)
 .text._ZN11st7735s_drvC2ER13spi_interfaceR8gpio_pinS3_RNS_6configEP15mutex_interface
                0x00000b40      0x11c YAHAL_ski\libYAHAL_ski.a(st7735s_drv.cpp.obj)
                0x00000b40                st7735s_drv::st7735s_drv(spi_interface&, gpio_pin&, gpio_pin&, st7735s_drv::config&, mutex_interface*)
                0x00000b40                st7735s_drv::st7735s_drv(spi_interface&, gpio_pin&, gpio_pin&, st7735s_drv::config&, mutex_interface*)
 .text._ZN11st7735s_drv8setFrameEtttt
                0x00000c5c      0x100 YAHAL_ski\libYAHAL_ski.a(st7735s_drv.cpp.obj)
                0x00000c5c                st7735s_drv::setFrame(unsigned short, unsigned short, unsigned short, unsigned short)
 .text._ZN11st7735s_drv9drawPixelEttm
                0x00000d5c       0x6a YAHAL_ski\libYAHAL_ski.a(st7735s_drv.cpp.obj)
                0x00000d5c                st7735s_drv::drawPixel(unsigned short, unsigned short, unsigned long)
 .text._ZN11st7735s_drv9drawHLineEtttm
                0x00000dc6       0x9a YAHAL_ski\libYAHAL_ski.a(st7735s_drv.cpp.obj)
                0x00000dc6                st7735s_drv::drawHLine(unsigned short, unsigned short, unsigned short, unsigned long)
 .text._ZN11st7735s_drv9drawVLineEtttm
                0x00000e60       0x9c YAHAL_ski\libYAHAL_ski.a(st7735s_drv.cpp.obj)
                0x00000e60                st7735s_drv::drawVLine(unsigned short, unsigned short, unsigned short, unsigned long)
 .text._ZN11st7735s_drv8drawAreaEttttR12pixel_stream
                0x00000efc       0xf8 YAHAL_ski\libYAHAL_ski.a(st7735s_drv.cpp.obj)
                0x00000efc                st7735s_drv::drawArea(unsigned short, unsigned short, unsigned short, unsigned short, pixel_stream&)
 .text._ZN11st7735s_drv11clearScreenEm
                0x00000ff4       0xac YAHAL_ski\libYAHAL_ski.a(st7735s_drv.cpp.obj)
                0x00000ff4                st7735s_drv::clearScreen(unsigned long)
 .text._GLOBAL__sub_I__ZN11st7735s_drv20Crystalfontz_128x128E
                0x000010a0        0xe YAHAL_ski\libYAHAL_ski.a(st7735s_drv.cpp.obj)
 .text._ZL17yahal_assert_funcv
                0x000010ae        0x2 YAHAL_ski\libYAHAL_ski.a(adc14_msp432.cpp.obj)
 .text._ZN12adc14_msp4327getModeEh
                0x000010b0       0x2c YAHAL_ski\libYAHAL_ski.a(adc14_msp432.cpp.obj)
                0x000010b0                adc14_msp432::getMode(unsigned char)
 .text._ZN12adc14_msp43214adcReadVoltageEh
                0x000010dc       0x18 YAHAL_ski\libYAHAL_ski.a(adc14_msp432.cpp.obj)
                0x000010dc                adc14_msp432::adcReadVoltage(unsigned char)
 .text._ZN12adc14_msp43212rawToVoltageEht
                0x000010f4       0x84 YAHAL_ski\libYAHAL_ski.a(adc14_msp432.cpp.obj)
                0x000010f4                adc14_msp432::rawToVoltage(unsigned char, unsigned short)
 .text._ZN12adc14_msp432D2Ev
                0x00001178       0x14 YAHAL_ski\libYAHAL_ski.a(adc14_msp432.cpp.obj)
                0x00001178                adc14_msp432::~adc14_msp432()
                0x00001178                adc14_msp432::~adc14_msp432()
 .text._ZN12adc14_msp4327adcModeEht
                0x0000118c       0x5c YAHAL_ski\libYAHAL_ski.a(adc14_msp432.cpp.obj)
                0x0000118c                adc14_msp432::adcMode(unsigned char, unsigned short)
 .text._ZN12adc14_msp432D0Ev
                0x000011e8       0x20 YAHAL_ski\libYAHAL_ski.a(adc14_msp432.cpp.obj)
                0x000011e8                adc14_msp432::~adc14_msp432()
 .text._ZN12adc14_msp43211adcStopScanEv
                0x00001208       0x1c YAHAL_ski\libYAHAL_ski.a(adc14_msp432.cpp.obj)
                0x00001208                adc14_msp432::adcStopScan()
 .text._ZN12adc14_msp432C2Ev
                0x00001224       0x64 YAHAL_ski\libYAHAL_ski.a(adc14_msp432.cpp.obj)
                0x00001224                adc14_msp432::adc14_msp432()
                0x00001224                adc14_msp432::adc14_msp432()
 .text._Z41__static_initialization_and_destruction_0ii
                0x00001288       0x30 YAHAL_ski\libYAHAL_ski.a(adc14_msp432.cpp.obj)
 .text._ZN12adc14_msp43214set_resolutionEt
                0x000012b8       0x8c YAHAL_ski\libYAHAL_ski.a(adc14_msp432.cpp.obj)
                0x000012b8                adc14_msp432::set_resolution(unsigned short)
 .text._ZN12adc14_msp43210adcReadRawEh
                0x00001344       0x8c YAHAL_ski\libYAHAL_ski.a(adc14_msp432.cpp.obj)
                0x00001344                adc14_msp432::adcReadRaw(unsigned char)
 .text._ZN12adc14_msp4329handleIrqEm
                0x000013d0       0x98 YAHAL_ski\libYAHAL_ski.a(adc14_msp432.cpp.obj)
                0x000013d0                adc14_msp432::handleIrq(unsigned long)
 .text.ADC14_IRQHandler
                0x00001468       0x18 YAHAL_ski\libYAHAL_ski.a(adc14_msp432.cpp.obj)
                0x00001468                ADC14_IRQHandler
 .text._GLOBAL__sub_I__ZN12adc14_msp4324instE
                0x00001480        0xe YAHAL_ski\libYAHAL_ski.a(adc14_msp432.cpp.obj)
 *fill*         0x0000148e        0x2 
 .text.__NVIC_EnableIRQ
                0x00001490       0x1c YAHAL_ski\libYAHAL_ski.a(gpio_msp432.cpp.obj)
 .text._ZL17yahal_assert_funcv
                0x000014ac        0x2 YAHAL_ski\libYAHAL_ski.a(gpio_msp432.cpp.obj)
 *fill*         0x000014ae        0x2 
 .text._ZN11gpio_msp4328gpioReadEt
                0x000014b0       0x48 YAHAL_ski\libYAHAL_ski.a(gpio_msp432.cpp.obj)
                0x000014b0                gpio_msp432::gpioRead(unsigned short)
 .text._ZN11gpio_msp4329gpioWriteEtb
                0x000014f8      0x148 YAHAL_ski\libYAHAL_ski.a(gpio_msp432.cpp.obj)
                0x000014f8                gpio_msp432::gpioWrite(unsigned short, bool)
 .text._ZN11gpio_msp43210gpioToggleEt
                0x00001640       0x50 YAHAL_ski\libYAHAL_ski.a(gpio_msp432.cpp.obj)
                0x00001640                gpio_msp432::gpioToggle(unsigned short)
 .text._ZN11gpio_msp43213gpioEnableIrqEt
                0x00001690       0x60 YAHAL_ski\libYAHAL_ski.a(gpio_msp432.cpp.obj)
                0x00001690                gpio_msp432::gpioEnableIrq(unsigned short)
 .text._ZN11gpio_msp43214gpioDisableIrqEt
                0x000016f0       0x48 YAHAL_ski\libYAHAL_ski.a(gpio_msp432.cpp.obj)
                0x000016f0                gpio_msp432::gpioDisableIrq(unsigned short)
 .text._ZNSt14_Function_baseD2Ev
                0x00001738       0x12 YAHAL_ski\libYAHAL_ski.a(gpio_msp432.cpp.obj)
                0x00001738                std::_Function_base::~_Function_base()
                0x00001738                std::_Function_base::~_Function_base()
 *fill*         0x0000174a        0x2 
 .text._ZN11gpio_msp432D2Ev
                0x0000174c       0x30 YAHAL_ski\libYAHAL_ski.a(gpio_msp432.cpp.obj)
                0x0000174c                gpio_msp432::~gpio_msp432()
                0x0000174c                gpio_msp432::~gpio_msp432()
 .text._ZN11gpio_msp432D0Ev
                0x0000177c       0x16 YAHAL_ski\libYAHAL_ski.a(gpio_msp432.cpp.obj)
                0x0000177c                gpio_msp432::~gpio_msp432()
 *fill*         0x00001792        0x2 
 .text._ZN11gpio_msp432C2Ev
                0x00001794       0x48 YAHAL_ski\libYAHAL_ski.a(gpio_msp432.cpp.obj)
                0x00001794                gpio_msp432::gpio_msp432()
                0x00001794                gpio_msp432::gpio_msp432()
 .text._Z41__static_initialization_and_destruction_0ii
                0x000017dc       0x30 YAHAL_ski\libYAHAL_ski.a(gpio_msp432.cpp.obj)
 .text._ZN11gpio_msp4326setSELEth
                0x0000180c       0x58 YAHAL_ski\libYAHAL_ski.a(gpio_msp432.cpp.obj)
                0x0000180c                gpio_msp432::setSEL(unsigned short, unsigned char)
 .text._ZN11gpio_msp4327setModeEtt
                0x00001864      0x168 YAHAL_ski\libYAHAL_ski.a(gpio_msp432.cpp.obj)
                0x00001864                gpio_msp432::setMode(unsigned short, unsigned short)
 .text._ZN11gpio_msp4328gpioModeEtt
                0x000019cc       0x1a YAHAL_ski\libYAHAL_ski.a(gpio_msp432.cpp.obj)
                0x000019cc                gpio_msp432::gpioMode(unsigned short, unsigned short)
 .text._ZNSt8functionIFvvEEC2ERKS1_
                0x000019e6       0x24 YAHAL_ski\libYAHAL_ski.a(gpio_msp432.cpp.obj)
                0x000019e6                std::function<void ()>::function(std::function<void ()> const&)
                0x000019e6                std::function<void ()>::function(std::function<void ()> const&)
 .text._ZNSt8functionIFvvEEaSEDn
                0x00001a0a       0x18 YAHAL_ski\libYAHAL_ski.a(gpio_msp432.cpp.obj)
                0x00001a0a                std::function<void ()>::operator=(decltype(nullptr))
 *fill*         0x00001a22        0x2 
 .text._ZN11gpio_msp43213gpioDetachIrqEt
                0x00001a24       0x4c YAHAL_ski\libYAHAL_ski.a(gpio_msp432.cpp.obj)
                0x00001a24                gpio_msp432::gpioDetachIrq(unsigned short)
 .text._ZNKSt8functionIFvvEEclEv
                0x00001a70       0x10 YAHAL_ski\libYAHAL_ski.a(gpio_msp432.cpp.obj)
                0x00001a70                std::function<void ()>::operator()() const
 .text._ZN11gpio_msp4329handleIrqEhh
                0x00001a80       0x48 YAHAL_ski\libYAHAL_ski.a(gpio_msp432.cpp.obj)
                0x00001a80                gpio_msp432::handleIrq(unsigned char, unsigned char)
 .text.PORT1_IRQHandler
                0x00001ac8       0x24 YAHAL_ski\libYAHAL_ski.a(gpio_msp432.cpp.obj)
                0x00001ac8                PORT1_IRQHandler
 .text.PORT2_IRQHandler
                0x00001aec       0x24 YAHAL_ski\libYAHAL_ski.a(gpio_msp432.cpp.obj)
                0x00001aec                PORT2_IRQHandler
 .text.PORT3_IRQHandler
                0x00001b10       0x24 YAHAL_ski\libYAHAL_ski.a(gpio_msp432.cpp.obj)
                0x00001b10                PORT3_IRQHandler
 .text.PORT4_IRQHandler
                0x00001b34       0x24 YAHAL_ski\libYAHAL_ski.a(gpio_msp432.cpp.obj)
                0x00001b34                PORT4_IRQHandler
 .text.PORT5_IRQHandler
                0x00001b58       0x28 YAHAL_ski\libYAHAL_ski.a(gpio_msp432.cpp.obj)
                0x00001b58                PORT5_IRQHandler
 .text.PORT6_IRQHandler
                0x00001b80       0x28 YAHAL_ski\libYAHAL_ski.a(gpio_msp432.cpp.obj)
                0x00001b80                PORT6_IRQHandler
 .text._ZSt4swapISt9_Any_dataENSt9enable_ifIXsrSt6__and_IJSt6__not_ISt15__is_tuple_likeIT_EESt21is_move_constructibleIS5_ESt18is_move_assignableIS5_EEE5valueEvE4typeERS5_SF_
                0x00001ba8       0x24 YAHAL_ski\libYAHAL_ski.a(gpio_msp432.cpp.obj)
                0x00001ba8                std::enable_if<std::__and_<std::__not_<std::__is_tuple_like<std::_Any_data> >, std::is_move_constructible<std::_Any_data>, std::is_move_assignable<std::_Any_data> >::value, void>::type std::swap<std::_Any_data>(std::_Any_data&, std::_Any_data&)
 .text._ZNSt8functionIFvvEE4swapERS1_
                0x00001bcc       0x1c YAHAL_ski\libYAHAL_ski.a(gpio_msp432.cpp.obj)
                0x00001bcc                std::function<void ()>::swap(std::function<void ()>&)
 .text._ZNSt8functionIFvvEEaSERKS1_
                0x00001be8       0x20 YAHAL_ski\libYAHAL_ski.a(gpio_msp432.cpp.obj)
                0x00001be8                std::function<void ()>::operator=(std::function<void ()> const&)
 .text._ZN11gpio_msp43213gpioAttachIrqEttSt8functionIFvvEE
                0x00001c08       0xf8 YAHAL_ski\libYAHAL_ski.a(gpio_msp432.cpp.obj)
                0x00001c08                gpio_msp432::gpioAttachIrq(unsigned short, unsigned short, std::function<void ()>)
 .text._GLOBAL__sub_I_port_base
                0x00001d00        0xe YAHAL_ski\libYAHAL_ski.a(gpio_msp432.cpp.obj)
 *fill*         0x00001d0e        0x2 
 .text.__NVIC_EnableIRQ
                0x00001d10       0x1c YAHAL_ski\libYAHAL_ski.a(spi_msp432.cpp.obj)
 .text._ZL17yahal_assert_funcv
                0x00001d2c        0x2 YAHAL_ski\libYAHAL_ski.a(spi_msp432.cpp.obj)
 *fill*         0x00001d2e        0x2 
 .text._ZN10spi_msp432D2Ev
                0x00001d30       0x24 YAHAL_ski\libYAHAL_ski.a(spi_msp432.cpp.obj)
                0x00001d30                spi_msp432::~spi_msp432()
                0x00001d30                spi_msp432::~spi_msp432()
 .text._ZN10spi_msp432D0Ev
                0x00001d54       0x14 YAHAL_ski\libYAHAL_ski.a(spi_msp432.cpp.obj)
                0x00001d54                spi_msp432::~spi_msp432()
 .text._Z41__static_initialization_and_destruction_0ii
                0x00001d68       0x54 YAHAL_ski\libYAHAL_ski.a(spi_msp432.cpp.obj)
 .text.__tcf_0  0x00001dbc       0x20 YAHAL_ski\libYAHAL_ski.a(spi_msp432.cpp.obj)
 .text._ZN10spi_msp432C2EP16EUSCI_B_SPI_TypeR8gpio_pinbt
                0x00001ddc      0x118 YAHAL_ski\libYAHAL_ski.a(spi_msp432.cpp.obj)
                0x00001ddc                spi_msp432::spi_msp432(EUSCI_B_SPI_Type*, gpio_pin&, bool, unsigned short)
                0x00001ddc                spi_msp432::spi_msp432(EUSCI_B_SPI_Type*, gpio_pin&, bool, unsigned short)
 .text._ZN10spi_msp43210initializeEv
                0x00001ef4       0xc8 YAHAL_ski\libYAHAL_ski.a(spi_msp432.cpp.obj)
                0x00001ef4                spi_msp432::initialize()
 .text._ZN10spi_msp4327spiTxRxEPKhPht
                0x00001fbc       0xa8 YAHAL_ski\libYAHAL_ski.a(spi_msp432.cpp.obj)
                0x00001fbc                spi_msp432::spiTxRx(unsigned char const*, unsigned char*, unsigned short)
 .text._ZN10spi_msp4325spiTxEPKht
                0x00002064       0x88 YAHAL_ski\libYAHAL_ski.a(spi_msp432.cpp.obj)
                0x00002064                spi_msp432::spiTx(unsigned char const*, unsigned short)
 .text._ZN10spi_msp4325spiRxEhPht
                0x000020ec       0xa4 YAHAL_ski\libYAHAL_ski.a(spi_msp432.cpp.obj)
                0x000020ec                spi_msp432::spiRx(unsigned char, unsigned char*, unsigned short)
 .text._ZN10spi_msp4328setSpeedEm
                0x00002190       0x24 YAHAL_ski\libYAHAL_ski.a(spi_msp432.cpp.obj)
                0x00002190                spi_msp432::setSpeed(unsigned long)
 .text._ZN10spi_msp43210generateCSEb
                0x000021b4       0x14 YAHAL_ski\libYAHAL_ski.a(spi_msp432.cpp.obj)
                0x000021b4                spi_msp432::generateCS(bool)
 .text._ZN10spi_msp4325setCSEb
                0x000021c8       0x20 YAHAL_ski\libYAHAL_ski.a(spi_msp432.cpp.obj)
                0x000021c8                spi_msp432::setCS(bool)
 .text._ZNKSt8functionIFvhEEclEh
                0x000021e8       0x1e YAHAL_ski\libYAHAL_ski.a(spi_msp432.cpp.obj)
                0x000021e8                std::function<void (unsigned char)>::operator()(unsigned char) const
 *fill*         0x00002206        0x2 
 .text.EUSCIA0_SPI_IRQHandler
                0x00002208       0x18 YAHAL_ski\libYAHAL_ski.a(spi_msp432.cpp.obj)
                0x00002208                EUSCIA0_SPI_IRQHandler
 .text.EUSCIA1_SPI_IRQHandler
                0x00002220       0x18 YAHAL_ski\libYAHAL_ski.a(spi_msp432.cpp.obj)
                0x00002220                EUSCIA1_SPI_IRQHandler
 .text.EUSCIA2_SPI_IRQHandler
                0x00002238       0x18 YAHAL_ski\libYAHAL_ski.a(spi_msp432.cpp.obj)
                0x00002238                EUSCIA2_SPI_IRQHandler
 .text.EUSCIA3_SPI_IRQHandler
                0x00002250       0x18 YAHAL_ski\libYAHAL_ski.a(spi_msp432.cpp.obj)
                0x00002250                EUSCIA3_SPI_IRQHandler
 .text.EUSCIB0_SPI_IRQHandler
                0x00002268       0x18 YAHAL_ski\libYAHAL_ski.a(spi_msp432.cpp.obj)
                0x00002268                EUSCIB0_SPI_IRQHandler
 .text.EUSCIB1_SPI_IRQHandler
                0x00002280       0x18 YAHAL_ski\libYAHAL_ski.a(spi_msp432.cpp.obj)
                0x00002280                EUSCIB1_SPI_IRQHandler
 .text.EUSCIB2_SPI_IRQHandler
                0x00002298       0x18 YAHAL_ski\libYAHAL_ski.a(spi_msp432.cpp.obj)
                0x00002298                EUSCIB2_SPI_IRQHandler
 .text.EUSCIB3_SPI_IRQHandler
                0x000022b0       0x18 YAHAL_ski\libYAHAL_ski.a(spi_msp432.cpp.obj)
                0x000022b0                EUSCIB3_SPI_IRQHandler
 .text._ZNSt8functionIFvhEEC2ERKS1_
                0x000022c8       0x24 YAHAL_ski\libYAHAL_ski.a(spi_msp432.cpp.obj)
                0x000022c8                std::function<void (unsigned char)>::function(std::function<void (unsigned char)> const&)
                0x000022c8                std::function<void (unsigned char)>::function(std::function<void (unsigned char)> const&)
 .text._ZNSt8functionIFvhEE4swapERS1_
                0x000022ec       0x1c YAHAL_ski\libYAHAL_ski.a(spi_msp432.cpp.obj)
                0x000022ec                std::function<void (unsigned char)>::swap(std::function<void (unsigned char)>&)
 .text._ZNSt8functionIFvhEEaSERKS1_
                0x00002308       0x20 YAHAL_ski\libYAHAL_ski.a(spi_msp432.cpp.obj)
                0x00002308                std::function<void (unsigned char)>::operator=(std::function<void (unsigned char)> const&)
 .text._ZN10spi_msp43214spiAttachRxIrqESt8functionIFvhEE
                0x00002328       0x28 YAHAL_ski\libYAHAL_ski.a(spi_msp432.cpp.obj)
                0x00002328                spi_msp432::spiAttachRxIrq(std::function<void (unsigned char)>)
 .text._GLOBAL__sub_I_SPI_CLK
                0x00002350        0xe YAHAL_ski\libYAHAL_ski.a(spi_msp432.cpp.obj)
 .text.Default_Handler
                0x0000235e        0x2 YAHAL_ski\libYAHAL_ski.a(startup_msp432p401r_gcc.cpp.obj)
                0x0000235e                CS_IRQHandler
                0x0000235e                DebugMon_Handler
                0x0000235e                AES256_IRQHandler
                0x0000235e                HardFault_Handler
                0x0000235e                NMI_Handler
                0x0000235e                RTC_C_IRQHandler
                0x0000235e                FPU_IRQHandler
                0x0000235e                TA3_0_IRQHandler
                0x0000235e                UsageFault_Handler
                0x0000235e                DMA_INT3_IRQHandler
                0x0000235e                TA2_0_IRQHandler
                0x0000235e                DMA_INT1_IRQHandler
                0x0000235e                WDT_A_IRQHandler
                0x0000235e                TA2_N_IRQHandler
                0x0000235e                TA1_0_IRQHandler
                0x0000235e                PSS_IRQHandler
                0x0000235e                DMA_INT2_IRQHandler
                0x0000235e                DMA_INT0_IRQHandler
                0x0000235e                Default_Handler
                0x0000235e                T32_INTC_IRQHandler
                0x0000235e                TA3_N_IRQHandler
                0x0000235e                TA0_0_IRQHandler
                0x0000235e                MemManage_Handler
                0x0000235e                TA1_N_IRQHandler
                0x0000235e                COMP_E1_IRQHandler
                0x0000235e                FLCTL_IRQHandler
                0x0000235e                T32_INT1_IRQHandler
                0x0000235e                DMA_ERR_IRQHandler
                0x0000235e                BusFault_Handler
                0x0000235e                PCM_IRQHandler
                0x0000235e                TA0_N_IRQHandler
                0x0000235e                COMP_E0_IRQHandler
                0x0000235e                T32_INT2_IRQHandler
 .text.Reset_Handler
                0x00002360       0x60 YAHAL_ski\libYAHAL_ski.a(startup_msp432p401r_gcc.cpp.obj)
                0x00002360                Reset_Handler
 .text.__NVIC_EnableIRQ
                0x000023c0       0x1c YAHAL_ski\libYAHAL_ski.a(uart_msp432.cpp.obj)
 .text.__NVIC_DisableIRQ
                0x000023dc       0x24 YAHAL_ski\libYAHAL_ski.a(uart_msp432.cpp.obj)
 .text._ZL17yahal_assert_funcv
                0x00002400        0x2 YAHAL_ski\libYAHAL_ski.a(uart_msp432.cpp.obj)
 .text._ZN11uart_msp4328uartModeEt
                0x00002402       0xc0 YAHAL_ski\libYAHAL_ski.a(uart_msp432.cpp.obj)
                0x00002402                uart_msp432::uartMode(unsigned short)
 *fill*         0x000024c2        0x2 
 .text._ZN11uart_msp43211setBaudrateEm
                0x000024c4       0x18 YAHAL_ski\libYAHAL_ski.a(uart_msp432.cpp.obj)
                0x000024c4                uart_msp432::setBaudrate(unsigned long)
 .text._ZN11uart_msp43213uartEnableIrqEv
                0x000024dc        0x8 YAHAL_ski\libYAHAL_ski.a(uart_msp432.cpp.obj)
                0x000024dc                uart_msp432::uartEnableIrq()
 .text._ZN11uart_msp43214uartDisableIrqEv
                0x000024e4        0x8 YAHAL_ski\libYAHAL_ski.a(uart_msp432.cpp.obj)
                0x000024e4                uart_msp432::uartDisableIrq()
 .text._ZN11uart_msp432D2Ev
                0x000024ec       0x58 YAHAL_ski\libYAHAL_ski.a(uart_msp432.cpp.obj)
                0x000024ec                uart_msp432::~uart_msp432()
                0x000024ec                uart_msp432::~uart_msp432()
 .text._ZN11uart_msp432D0Ev
                0x00002544       0x14 YAHAL_ski\libYAHAL_ski.a(uart_msp432.cpp.obj)
                0x00002544                uart_msp432::~uart_msp432()
 .text._Z41__static_initialization_and_destruction_0ii
                0x00002558       0x5c YAHAL_ski\libYAHAL_ski.a(uart_msp432.cpp.obj)
 .text.__tcf_0  0x000025b4       0x20 YAHAL_ski\libYAHAL_ski.a(uart_msp432.cpp.obj)
 .text._ZN11uart_msp432C2EP12EUSCI_A_Typemt
                0x000025d4       0x2c YAHAL_ski\libYAHAL_ski.a(uart_msp432.cpp.obj)
                0x000025d4                uart_msp432::uart_msp432(EUSCI_A_Type*, unsigned long, unsigned short)
                0x000025d4                uart_msp432::uart_msp432(EUSCI_A_Type*, unsigned long, unsigned short)
 .text._ZN11uart_msp4324initEv
                0x00002600       0xe4 YAHAL_ski\libYAHAL_ski.a(uart_msp432.cpp.obj)
                0x00002600                uart_msp432::init()
 .text._ZN11uart_msp4329availableEv
                0x000026e4       0x18 YAHAL_ski\libYAHAL_ski.a(uart_msp432.cpp.obj)
                0x000026e4                uart_msp432::available()
 .text._ZN11uart_msp4324getcEv
                0x000026fc       0x1e YAHAL_ski\libYAHAL_ski.a(uart_msp432.cpp.obj)
                0x000026fc                uart_msp432::getc()
 .text._ZN11uart_msp4324putcEc
                0x0000271a       0x1e YAHAL_ski\libYAHAL_ski.a(uart_msp432.cpp.obj)
                0x0000271a                uart_msp432::putc(char)
 .text._ZNSt8functionIFvcEEaSEDn
                0x00002738       0x18 YAHAL_ski\libYAHAL_ski.a(uart_msp432.cpp.obj)
                0x00002738                std::function<void (char)>::operator=(decltype(nullptr))
 .text._ZN11uart_msp43213uartDetachIrqEv
                0x00002750       0x34 YAHAL_ski\libYAHAL_ski.a(uart_msp432.cpp.obj)
                0x00002750                uart_msp432::uartDetachIrq()
 .text._ZNKSt8functionIFvcEEclEc
                0x00002784       0x1e YAHAL_ski\libYAHAL_ski.a(uart_msp432.cpp.obj)
                0x00002784                std::function<void (char)>::operator()(char) const
 *fill*         0x000027a2        0x2 
 .text._ZN11uart_msp4329handleIrqEP12EUSCI_A_Type
                0x000027a4       0x20 YAHAL_ski\libYAHAL_ski.a(uart_msp432.cpp.obj)
                0x000027a4                uart_msp432::handleIrq(EUSCI_A_Type*)
 .text.EUSCIA0_UART_IRQHandler
                0x000027c4       0x10 YAHAL_ski\libYAHAL_ski.a(uart_msp432.cpp.obj)
                0x000027c4                EUSCIA0_UART_IRQHandler
 .text.EUSCIA1_UART_IRQHandler
                0x000027d4       0x10 YAHAL_ski\libYAHAL_ski.a(uart_msp432.cpp.obj)
                0x000027d4                EUSCIA1_UART_IRQHandler
 .text.EUSCIA2_UART_IRQHandler
                0x000027e4       0x10 YAHAL_ski\libYAHAL_ski.a(uart_msp432.cpp.obj)
                0x000027e4                EUSCIA2_UART_IRQHandler
 .text.EUSCIA3_UART_IRQHandler
                0x000027f4       0x10 YAHAL_ski\libYAHAL_ski.a(uart_msp432.cpp.obj)
                0x000027f4                EUSCIA3_UART_IRQHandler
 .text._ZNSt8functionIFvcEEC2ERKS1_
                0x00002804       0x24 YAHAL_ski\libYAHAL_ski.a(uart_msp432.cpp.obj)
                0x00002804                std::function<void (char)>::function(std::function<void (char)> const&)
                0x00002804                std::function<void (char)>::function(std::function<void (char)> const&)
 .text._ZNSt8functionIFvcEE4swapERS1_
                0x00002828       0x1c YAHAL_ski\libYAHAL_ski.a(uart_msp432.cpp.obj)
                0x00002828                std::function<void (char)>::swap(std::function<void (char)>&)
 .text._ZNSt8functionIFvcEEaSERKS1_
                0x00002844       0x20 YAHAL_ski\libYAHAL_ski.a(uart_msp432.cpp.obj)
                0x00002844                std::function<void (char)>::operator=(std::function<void (char)> const&)
 .text._ZN11uart_msp43213uartAttachIrqESt8functionIFvcEE
                0x00002864       0x38 YAHAL_ski\libYAHAL_ski.a(uart_msp432.cpp.obj)
                0x00002864                uart_msp432::uartAttachIrq(std::function<void (char)>)
 .text._GLOBAL__sub_I_UART_CLK
                0x0000289c        0xe YAHAL_ski\libYAHAL_ski.a(uart_msp432.cpp.obj)
 *fill*         0x000028aa        0x2 
 .text.calculate_DCO_clock
                0x000028ac       0xd4 YAHAL_ski\libYAHAL_ski.a(system_msp432_gcc.cpp.obj)
                0x000028ac                calculate_DCO_clock
 .text.SystemCoreClockUpdate
                0x00002980      0x168 YAHAL_ski\libYAHAL_ski.a(system_msp432_gcc.cpp.obj)
                0x00002980                SystemCoreClockUpdate
 .text.SystemInit
                0x00002ae8      0x128 YAHAL_ski\libYAHAL_ski.a(system_msp432_gcc.cpp.obj)
                0x00002ae8                SystemInit
 .text._ZL17yahal_assert_funcv
                0x00002c10        0x2 YAHAL_ski\libYAHAL_ski.a(task.cpp.obj)
 *fill*         0x00002c12        0x2 
 .text._Z41__static_initialization_and_destruction_0ii
                0x00002c14       0x20 YAHAL_ski\libYAHAL_ski.a(task.cpp.obj)
 .text._ZN4taskC2EPKct
                0x00002c34       0x74 YAHAL_ski\libYAHAL_ski.a(task.cpp.obj)
                0x00002c34                task::task(char const*, unsigned short)
                0x00002c34                task::task(char const*, unsigned short)
 .text._ZN4task5sleepEm
                0x00002ca8       0x48 YAHAL_ski\libYAHAL_ski.a(task.cpp.obj)
                0x00002ca8                task::sleep(unsigned long)
 .text._ZN4task10_schedulerEv
                0x00002cf0       0xa8 YAHAL_ski\libYAHAL_ski.a(task.cpp.obj)
                0x00002cf0                task::_scheduler()
 .text._ZN4task13_tick_handlerEv
                0x00002d98       0x2c YAHAL_ski\libYAHAL_ski.a(task.cpp.obj)
                0x00002d98                task::_tick_handler()
 .text._ZN4task3runEv
                0x00002dc4        0xa YAHAL_ski\libYAHAL_ski.a(task.cpp.obj)
                0x00002dc4                task::run()
 .text._ZN13circular_listI4taskE9push_backEPS0_
                0x00002dce       0x2e YAHAL_ski\libYAHAL_ski.a(task.cpp.obj)
                0x00002dce                circular_list<task>::push_back(task*)
 .text._ZN4task5startEtb
                0x00002dfc       0x74 YAHAL_ski\libYAHAL_ski.a(task.cpp.obj)
                0x00002dfc                task::start(unsigned short, bool)
 .text._ZN13circular_listI4taskE6removeEPS0_
                0x00002e70       0x3e YAHAL_ski\libYAHAL_ski.a(task.cpp.obj)
                0x00002e70                circular_list<task>::remove(task*)
 *fill*         0x00002eae        0x2 
 .text._ZN4task4stopEv
                0x00002eb0       0x28 YAHAL_ski\libYAHAL_ski.a(task.cpp.obj)
                0x00002eb0                task::stop()
 .text._ZN4taskD2Ev
                0x00002ed8       0x28 YAHAL_ski\libYAHAL_ski.a(task.cpp.obj)
                0x00002ed8                task::~task()
                0x00002ed8                task::~task()
 .text._ZN4taskD0Ev
                0x00002f00       0x14 YAHAL_ski\libYAHAL_ski.a(task.cpp.obj)
                0x00002f00                task::~task()
 .text._ZN4task4_runEv
                0x00002f14       0x12 YAHAL_ski\libYAHAL_ski.a(task.cpp.obj)
                0x00002f14                task::_run()
 .text._GLOBAL__sub_I__ZN4task9_up_ticksE
                0x00002f26        0xe YAHAL_ski\libYAHAL_ski.a(task.cpp.obj)
 .text.__yahal_bad_function_call
                0x00002f34        0x2 YAHAL_ski\libYAHAL_ski.a(cpp_support.cpp.obj)
                0x00002f34                std::__throw_bad_function_call()
                0x00002f34                __yahal_bad_function_call
 *fill*         0x00002f36        0x2 
 .text._Z41__static_initialization_and_destruction_0ii
                0x00002f38       0x28 YAHAL_ski\libYAHAL_ski.a(posix_io.cpp.obj)
 .text._read    0x00002f60       0x78 YAHAL_ski\libYAHAL_ski.a(posix_io.cpp.obj)
                0x00002f60                _read
 .text._write   0x00002fd8      0x100 YAHAL_ski\libYAHAL_ski.a(posix_io.cpp.obj)
                0x00002fd8                _write
 .text._close   0x000030d8       0x24 YAHAL_ski\libYAHAL_ski.a(posix_io.cpp.obj)
                0x000030d8                _close
 .text._fstat   0x000030fc       0x24 YAHAL_ski\libYAHAL_ski.a(posix_io.cpp.obj)
                0x000030fc                _fstat
 .text._lseek   0x00003120       0x20 YAHAL_ski\libYAHAL_ski.a(posix_io.cpp.obj)
                0x00003120                _lseek
 .text._isatty  0x00003140       0x2c YAHAL_ski\libYAHAL_ski.a(posix_io.cpp.obj)
                0x00003140                _isatty
 .text._kill    0x0000316c       0x10 YAHAL_ski\libYAHAL_ski.a(posix_io.cpp.obj)
                0x0000316c                _kill
 .text._getpid  0x0000317c        0x6 YAHAL_ski\libYAHAL_ski.a(posix_io.cpp.obj)
                0x0000317c                _getpid
 *fill*         0x00003182        0x2 
 .text._ZN8posix_io14register_stdinER14uart_interfaceb
                0x00003184       0x1c YAHAL_ski\libYAHAL_ski.a(posix_io.cpp.obj)
                0x00003184                posix_io::register_stdin(uart_interface&, bool)
 .text._ZN8posix_io15register_stdoutER14uart_interfaceb
                0x000031a0       0x1c YAHAL_ski\libYAHAL_ski.a(posix_io.cpp.obj)
                0x000031a0                posix_io::register_stdout(uart_interface&, bool)
 .text._ZN8posix_io15register_stderrER14uart_interfaceb
                0x000031bc       0x1c YAHAL_ski\libYAHAL_ski.a(posix_io.cpp.obj)
                0x000031bc                posix_io::register_stderr(uart_interface&, bool)
 .text._GLOBAL__sub_I__ZN8posix_io4instE
                0x000031d8        0xe YAHAL_ski\libYAHAL_ski.a(posix_io.cpp.obj)
 .text._ZN14irq_dispatcher7link_inEv
                0x000031e6        0x2 YAHAL_ski\libYAHAL_ski.a(irq_dispatcher.cpp.obj)
                0x000031e6                irq_dispatcher::link_in()
 .text.Default_EUSCI_Handler
                0x000031e8        0x2 YAHAL_ski\libYAHAL_ski.a(irq_dispatcher.cpp.obj)
                0x000031e8                EUSCIB2_I2C_IRQHandler
                0x000031e8                Default_EUSCI_Handler
                0x000031e8                EUSCIB1_I2C_IRQHandler
                0x000031e8                EUSCIB3_I2C_IRQHandler
                0x000031e8                EUSCIB0_I2C_IRQHandler
 *fill*         0x000031ea        0x2 
 .text.EUSCIA0_IRQHandler
                0x000031ec       0x1c YAHAL_ski\libYAHAL_ski.a(irq_dispatcher.cpp.obj)
                0x000031ec                EUSCIA0_IRQHandler
 .text.EUSCIA1_IRQHandler
                0x00003208       0x1c YAHAL_ski\libYAHAL_ski.a(irq_dispatcher.cpp.obj)
                0x00003208                EUSCIA1_IRQHandler
 .text.EUSCIA2_IRQHandler
                0x00003224       0x1c YAHAL_ski\libYAHAL_ski.a(irq_dispatcher.cpp.obj)
                0x00003224                EUSCIA2_IRQHandler
 .text.EUSCIA3_IRQHandler
                0x00003240       0x1c YAHAL_ski\libYAHAL_ski.a(irq_dispatcher.cpp.obj)
                0x00003240                EUSCIA3_IRQHandler
 .text.EUSCIB0_IRQHandler
                0x0000325c       0x20 YAHAL_ski\libYAHAL_ski.a(irq_dispatcher.cpp.obj)
                0x0000325c                EUSCIB0_IRQHandler
 .text.EUSCIB1_IRQHandler
                0x0000327c       0x20 YAHAL_ski\libYAHAL_ski.a(irq_dispatcher.cpp.obj)
                0x0000327c                EUSCIB1_IRQHandler
 .text.EUSCIB2_IRQHandler
                0x0000329c       0x20 YAHAL_ski\libYAHAL_ski.a(irq_dispatcher.cpp.obj)
                0x0000329c                EUSCIB2_IRQHandler
 .text.EUSCIB3_IRQHandler
                0x000032bc       0x20 YAHAL_ski\libYAHAL_ski.a(irq_dispatcher.cpp.obj)
                0x000032bc                EUSCIB3_IRQHandler
 .text._ZL17yahal_assert_funcv
                0x000032dc        0x2 YAHAL_ski\libYAHAL_ski.a(task_msp432.cpp.obj)
 *fill*         0x000032de        0x2 
 .text._ZN9task_idleD2Ev
                0x000032e0       0x14 YAHAL_ski\libYAHAL_ski.a(task_msp432.cpp.obj)
                0x000032e0                task_idle::~task_idle()
                0x000032e0                task_idle::~task_idle()
 .text._ZN9task_idleD0Ev
                0x000032f4       0x1c YAHAL_ski\libYAHAL_ski.a(task_msp432.cpp.obj)
                0x000032f4                task_idle::~task_idle()
 .text._ZN4task13_switchToNextEv
                0x00003310       0x14 YAHAL_ski\libYAHAL_ski.a(task_msp432.cpp.obj)
                0x00003310                task::_switchToNext()
 .text._ZN4task13_getStackBaseEv
                0x00003324        0xc YAHAL_ski\libYAHAL_ski.a(task_msp432.cpp.obj)
                0x00003324                task::_getStackBase()
 .text._ZN4task12_getStackPtrEv
                0x00003330        0xc YAHAL_ski\libYAHAL_ski.a(task_msp432.cpp.obj)
                0x00003330                task::_getStackPtr()
 .text._ZN4task12_setStackPtrEPh
                0x0000333c        0xc YAHAL_ski\libYAHAL_ski.a(task_msp432.cpp.obj)
                0x0000333c                task::_setStackPtr(unsigned char*)
 .text._ZN4task12_setup_stackEb
                0x00003348       0x48 YAHAL_ski\libYAHAL_ski.a(task_msp432.cpp.obj)
                0x00003348                task::_setup_stack(bool)
 .text._ZN4task15_context_switchEv
                0x00003390       0x10 YAHAL_ski\libYAHAL_ski.a(task_msp432.cpp.obj)
                0x00003390                task::_context_switch()
 .text._ZN4task12_nonOS_sleepEm
                0x000033a0       0x44 YAHAL_ski\libYAHAL_ski.a(task_msp432.cpp.obj)
                0x000033a0                task::_nonOS_sleep(unsigned long)
 .text._ZN4task5yieldEv
                0x000033e4        0x4 YAHAL_ski\libYAHAL_ski.a(task_msp432.cpp.obj)
                0x000033e4                task::yield()
 .text._ZN4task9cpu_sleepEv
                0x000033e8        0x4 YAHAL_ski\libYAHAL_ski.a(task_msp432.cpp.obj)
                0x000033e8                task::cpu_sleep()
 .text._ZN9task_idle3runEv
                0x000033ec        0x8 YAHAL_ski\libYAHAL_ski.a(task_msp432.cpp.obj)
                0x000033ec                task_idle::run()
 .text._ZN4task13enterCriticalEv
                0x000033f4        0xa YAHAL_ski\libYAHAL_ski.a(task_msp432.cpp.obj)
                0x000033f4                task::enterCritical()
 .text._ZN4task13leaveCriticalEv
                0x000033fe        0x6 YAHAL_ski\libYAHAL_ski.a(task_msp432.cpp.obj)
                0x000033fe                task::leaveCritical()
 .text.SysTick_Handler
                0x00003404        0x8 YAHAL_ski\libYAHAL_ski.a(task_msp432.cpp.obj)
                0x00003404                SysTick_Handler
 .text.PendSV_Handler
                0x0000340c       0x6c YAHAL_ski\libYAHAL_ski.a(task_msp432.cpp.obj)
                0x0000340c                PendSV_Handler
 .text.SVC_Handler
                0x00003478       0x24 YAHAL_ski\libYAHAL_ski.a(task_msp432.cpp.obj)
                0x00003478                SVC_Handler
 .text.SVC_Handler_C
                0x0000349c       0xd0 YAHAL_ski\libYAHAL_ski.a(task_msp432.cpp.obj)
                0x0000349c                SVC_Handler_C
 .text._ZN4uGUI10DrawCircleEsssm.part.0
                0x0000356c      0x14c uGUI_ski\libuGUI_ski.a(uGUI.cpp.obj)
 .text._ZN4uGUIC2ER13lcd_interface
                0x000036b8       0x5c uGUI_ski\libuGUI_ski.a(uGUI.cpp.obj)
                0x000036b8                uGUI::uGUI(lcd_interface&)
                0x000036b8                uGUI::uGUI(lcd_interface&)
 .text._ZN4uGUI10DrawCircleEsssm
                0x00003714       0x18 uGUI_ski\libuGUI_ski.a(uGUI.cpp.obj)
                0x00003714                uGUI::DrawCircle(short, short, short, unsigned long)
 .text._ZN4uGUI8DrawLineEssssm
                0x0000372c      0x1b4 uGUI_ski\libuGUI_ski.a(uGUI.cpp.obj)
                0x0000372c                uGUI::DrawLine(short, short, short, short, unsigned long)
 .text._ZN4uGUI10FillCircleEsssm
                0x000038e0      0x120 uGUI_ski\libuGUI_ski.a(uGUI.cpp.obj)
                0x000038e0                uGUI::FillCircle(short, short, short, unsigned long)
 .text._ZN4uGUI8_PutTextEPNS_4TEXTE
                0x00003a00      0x2e0 uGUI_ski\libuGUI_ski.a(uGUI.cpp.obj)
                0x00003a00                uGUI::_PutText(uGUI::TEXT*)
 .text._ZN4uGUI17_ProcessTouchDataEPNS_6WINDOWE
                0x00003ce0       0xc8 uGUI_ski\libuGUI_ski.a(uGUI.cpp.obj)
                0x00003ce0                uGUI::_ProcessTouchData(uGUI::WINDOW*)
 .text._ZN4uGUI14_UpdateObjectsEPNS_6WINDOWE
                0x00003da8       0x60 uGUI_ski\libuGUI_ski.a(uGUI.cpp.obj)
                0x00003da8                uGUI::_UpdateObjects(uGUI::WINDOW*)
 .text._ZN4uGUI16_DrawObjectFrameEssssPm
                0x00003e08      0x15c uGUI_ski\libuGUI_ski.a(uGUI.cpp.obj)
                0x00003e08                uGUI::_DrawObjectFrame(short, short, short, short, unsigned long*)
 .text._ZN4uGUI13_ButtonUpdateEPS_PNS_6WINDOWEPNS_6OBJECTE
                0x00003f64      0x2c4 uGUI_ski\libuGUI_ski.a(uGUI.cpp.obj)
                0x00003f64                uGUI::_ButtonUpdate(uGUI*, uGUI::WINDOW*, uGUI::OBJECT*)
 .text._ZN4uGUI12WindowCreateEPNS_6WINDOWEPNS_6OBJECTEhPFvPNS_7MESSAGEEE
                0x00004228       0x88 uGUI_ski\libuGUI_ski.a(uGUI.cpp.obj)
                0x00004228                uGUI::WindowCreate(uGUI::WINDOW*, uGUI::OBJECT*, unsigned char, void (*)(uGUI::MESSAGE*))
 .text._ZN4uGUI10WindowShowEPNS_6WINDOWE
                0x000042b0       0x1c uGUI_ski\libuGUI_ski.a(uGUI.cpp.obj)
                0x000042b0                uGUI::WindowShow(uGUI::WINDOW*)
 .text._ZN4uGUI12WindowResizeEPNS_6WINDOWEssss
                0x000042cc      0x170 uGUI_ski\libuGUI_ski.a(uGUI.cpp.obj)
                0x000042cc                uGUI::WindowResize(uGUI::WINDOW*, short, short, short, short)
 .text._ZN4uGUI18WindowSetBackColorEPNS_6WINDOWEm
                0x0000443c       0x1c uGUI_ski\libuGUI_ski.a(uGUI.cpp.obj)
                0x0000443c                uGUI::WindowSetBackColor(uGUI::WINDOW*, unsigned long)
 .text._ZN4uGUI23WindowSetTitleTextColorEPNS_6WINDOWEm
                0x00004458       0x1c uGUI_ski\libuGUI_ski.a(uGUI.cpp.obj)
                0x00004458                uGUI::WindowSetTitleTextColor(uGUI::WINDOW*, unsigned long)
 .text._ZN4uGUI19WindowSetTitleColorEPNS_6WINDOWEm
                0x00004474       0x1c uGUI_ski\libuGUI_ski.a(uGUI.cpp.obj)
                0x00004474                uGUI::WindowSetTitleColor(uGUI::WINDOW*, unsigned long)
 .text._ZN4uGUI18WindowSetTitleTextEPNS_6WINDOWEPc
                0x00004490       0x1c uGUI_ski\libuGUI_ski.a(uGUI.cpp.obj)
                0x00004490                uGUI::WindowSetTitleText(uGUI::WINDOW*, char*)
 .text._ZN4uGUI22WindowSetTitleTextFontEPNS_6WINDOWEPKNS_4FONTE
                0x000044ac       0x38 uGUI_ski\libuGUI_ski.a(uGUI.cpp.obj)
                0x000044ac                uGUI::WindowSetTitleTextFont(uGUI::WINDOW*, uGUI::FONT const*)
 .text._ZN4uGUI20WindowSetTitleHeightEPNS_6WINDOWEh
                0x000044e4       0x20 uGUI_ski\libuGUI_ski.a(uGUI.cpp.obj)
                0x000044e4                uGUI::WindowSetTitleHeight(uGUI::WINDOW*, unsigned char)
 .text._ZN4uGUI15WindowGetXStartEPNS_6WINDOWE
                0x00004504       0x14 uGUI_ski\libuGUI_ski.a(uGUI.cpp.obj)
                0x00004504                uGUI::WindowGetXStart(uGUI::WINDOW*)
 .text._ZN4uGUI15WindowGetYStartEPNS_6WINDOWE
                0x00004518       0x14 uGUI_ski\libuGUI_ski.a(uGUI.cpp.obj)
                0x00004518                uGUI::WindowGetYStart(uGUI::WINDOW*)
 .text._ZN4uGUI13WindowGetXEndEPNS_6WINDOWE
                0x0000452c       0x14 uGUI_ski\libuGUI_ski.a(uGUI.cpp.obj)
                0x0000452c                uGUI::WindowGetXEnd(uGUI::WINDOW*)
 .text._ZN4uGUI13WindowGetYEndEPNS_6WINDOWE
                0x00004540       0x14 uGUI_ski\libuGUI_ski.a(uGUI.cpp.obj)
                0x00004540                uGUI::WindowGetYEnd(uGUI::WINDOW*)
 .text._ZN4uGUI16_WindowDrawTitleEPNS_6WINDOWE
                0x00004554      0x110 uGUI_ski\libuGUI_ski.a(uGUI.cpp.obj)
                0x00004554                uGUI::_WindowDrawTitle(uGUI::WINDOW*)
 .text._ZN4uGUI13_WindowUpdateEPNS_6WINDOWE
                0x00004664      0x128 uGUI_ski\libuGUI_ski.a(uGUI.cpp.obj)
                0x00004664                uGUI::_WindowUpdate(uGUI::WINDOW*)
 .text._ZN4uGUI6UpdateEv
                0x0000478c      0x110 uGUI_ski\libuGUI_ski.a(uGUI.cpp.obj)
                0x0000478c                uGUI::Update()
 .text._ZN4uGUI12_WindowClearEPNS_6WINDOWE
                0x0000489c       0x80 uGUI_ski\libuGUI_ski.a(uGUI.cpp.obj)
                0x0000489c                uGUI::_WindowClear(uGUI::WINDOW*)
 .text._ZN4uGUI10WindowHideEPNS_6WINDOWE
                0x0000491c       0xe4 uGUI_ski\libuGUI_ski.a(uGUI.cpp.obj)
                0x0000491c                uGUI::WindowHide(uGUI::WINDOW*)
 .text._ZN4uGUI12ButtonCreateEPNS_6WINDOWEPNS_6BUTTONEhssss
                0x00004a00       0xb4 uGUI_ski\libuGUI_ski.a(uGUI.cpp.obj)
                0x00004a00                uGUI::ButtonCreate(uGUI::WINDOW*, uGUI::BUTTON*, unsigned char, short, short, short, short)
 .text._ZN4uGUI18ButtonSetBackColorEPNS_6WINDOWEhm
                0x00004ab4       0x40 uGUI_ski\libuGUI_ski.a(uGUI.cpp.obj)
                0x00004ab4                uGUI::ButtonSetBackColor(uGUI::WINDOW*, unsigned char, unsigned long)
 .text._ZN4uGUI13ButtonSetTextEPNS_6WINDOWEhPc
                0x00004af4       0x40 uGUI_ski\libuGUI_ski.a(uGUI.cpp.obj)
                0x00004af4                uGUI::ButtonSetText(uGUI::WINDOW*, unsigned char, char*)
 .text._ZN4uGUI13ButtonSetFontEPNS_6WINDOWEhPKNS_4FONTE
                0x00004b34       0x40 uGUI_ski\libuGUI_ski.a(uGUI.cpp.obj)
                0x00004b34                uGUI::ButtonSetFont(uGUI::WINDOW*, unsigned char, uGUI::FONT const*)
 .text.__aeabi_atexit
                0x00004b74        0xa c:/progra~2/armgnu~1/12dbab~1.2re/bin/../lib/gcc/arm-none-eabi/12.2.1/thumb/v7e-m+fp/hard\libstdc++_nano.a(atexit_arm.o)
                0x00004b74                __aeabi_atexit
 .text._ZdlPvj  0x00004b7e        0x4 c:/progra~2/armgnu~1/12dbab~1.2re/bin/../lib/gcc/arm-none-eabi/12.2.1/thumb/v7e-m+fp/hard\libstdc++_nano.a(del_ops.o)
                0x00004b7e                operator delete(void*, unsigned int)
 .text._ZdaPv   0x00004b82        0x4 c:/progra~2/armgnu~1/12dbab~1.2re/bin/../lib/gcc/arm-none-eabi/12.2.1/thumb/v7e-m+fp/hard\libstdc++_nano.a(del_opv.o)
                0x00004b82                operator delete[](void*)
 .text._Znwj    0x00004b86       0x22 c:/progra~2/armgnu~1/12dbab~1.2re/bin/../lib/gcc/arm-none-eabi/12.2.1/thumb/v7e-m+fp/hard\libstdc++_nano.a(new_op.o)
                0x00004b86                operator new(unsigned int)
 .text._Znaj    0x00004ba8        0x4 c:/progra~2/armgnu~1/12dbab~1.2re/bin/../lib/gcc/arm-none-eabi/12.2.1/thumb/v7e-m+fp/hard\libstdc++_nano.a(new_opv.o)
                0x00004ba8                operator new[](unsigned int)
 .text._ZdlPv   0x00004bac        0x4 c:/progra~2/armgnu~1/12dbab~1.2re/bin/../lib/gcc/arm-none-eabi/12.2.1/thumb/v7e-m+fp/hard\libstdc++_nano.a(del_op.o)
                0x00004bac                operator delete(void*)
 .text._ZSt15get_new_handlerv
                0x00004bb0       0x10 c:/progra~2/armgnu~1/12dbab~1.2re/bin/../lib/gcc/arm-none-eabi/12.2.1/thumb/v7e-m+fp/hard\libstdc++_nano.a(new_handler.o)
                0x00004bb0                std::get_new_handler()
 .text.abort    0x00004bc0        0xe c:/progra~2/armgnu~1/12dbab~1.2re/bin/../lib/gcc/arm-none-eabi/12.2.1/thumb/v7e-m+fp/hard\libc_nano.a(libc_a-abort.o)
                0x00004bc0                abort
 *fill*         0x00004bce        0x2 
 .text.exit     0x00004bd0       0x24 c:/progra~2/armgnu~1/12dbab~1.2re/bin/../lib/gcc/arm-none-eabi/12.2.1/thumb/v7e-m+fp/hard\libc_nano.a(libc_a-exit.o)
                0x00004bd0                exit
 .text.malloc   0x00004bf4       0x10 c:/progra~2/armgnu~1/12dbab~1.2re/bin/../lib/gcc/arm-none-eabi/12.2.1/thumb/v7e-m+fp/hard\libc_nano.a(libc_a-malloc.o)
                0x00004bf4                malloc
 .text.free     0x00004c04       0x10 c:/progra~2/armgnu~1/12dbab~1.2re/bin/../lib/gcc/arm-none-eabi/12.2.1/thumb/v7e-m+fp/hard\libc_nano.a(libc_a-malloc.o)
                0x00004c04                free
 .text.sbrk_aligned
                0x00004c14       0x44 c:/progra~2/armgnu~1/12dbab~1.2re/bin/../lib/gcc/arm-none-eabi/12.2.1/thumb/v7e-m+fp/hard\libc_nano.a(libc_a-mallocr.o)
 .text._malloc_r
                0x00004c58       0xf0 c:/progra~2/armgnu~1/12dbab~1.2re/bin/../lib/gcc/arm-none-eabi/12.2.1/thumb/v7e-m+fp/hard\libc_nano.a(libc_a-mallocr.o)
                0x00004c58                _malloc_r
 .text.__malloc_lock
                0x00004d48        0xc c:/progra~2/armgnu~1/12dbab~1.2re/bin/../lib/gcc/arm-none-eabi/12.2.1/thumb/v7e-m+fp/hard\libc_nano.a(libc_a-mlock.o)
                0x00004d48                __malloc_lock
 .text.__malloc_unlock
                0x00004d54        0xc c:/progra~2/armgnu~1/12dbab~1.2re/bin/../lib/gcc/arm-none-eabi/12.2.1/thumb/v7e-m+fp/hard\libc_nano.a(libc_a-mlock.o)
                0x00004d54                __malloc_unlock
 .text.__cxa_atexit
                0x00004d60       0x1c c:/progra~2/armgnu~1/12dbab~1.2re/bin/../lib/gcc/arm-none-eabi/12.2.1/thumb/v7e-m+fp/hard\libc_nano.a(libc_a-cxa_atexit.o)
                0x00004d60                __cxa_atexit
 .text.__sflush_r
                0x00004d7c      0x108 c:/progra~2/armgnu~1/12dbab~1.2re/bin/../lib/gcc/arm-none-eabi/12.2.1/thumb/v7e-m+fp/hard\libc_nano.a(libc_a-fflush.o)
                0x00004d7c                __sflush_r
 .text._fflush_r
                0x00004e84       0x50 c:/progra~2/armgnu~1/12dbab~1.2re/bin/../lib/gcc/arm-none-eabi/12.2.1/thumb/v7e-m+fp/hard\libc_nano.a(libc_a-fflush.o)
                0x00004e84                _fflush_r
 .text.fflush   0x00004ed4       0x28 c:/progra~2/armgnu~1/12dbab~1.2re/bin/../lib/gcc/arm-none-eabi/12.2.1/thumb/v7e-m+fp/hard\libc_nano.a(libc_a-fflush.o)
                0x00004ed4                fflush
 .text.std      0x00004efc       0x6c c:/progra~2/armgnu~1/12dbab~1.2re/bin/../lib/gcc/arm-none-eabi/12.2.1/thumb/v7e-m+fp/hard\libc_nano.a(libc_a-findfp.o)
 .text.stdio_exit_handler
                0x00004f68       0x18 c:/progra~2/armgnu~1/12dbab~1.2re/bin/../lib/gcc/arm-none-eabi/12.2.1/thumb/v7e-m+fp/hard\libc_nano.a(libc_a-findfp.o)
 .text.cleanup_stdio
                0x00004f80       0x40 c:/progra~2/armgnu~1/12dbab~1.2re/bin/../lib/gcc/arm-none-eabi/12.2.1/thumb/v7e-m+fp/hard\libc_nano.a(libc_a-findfp.o)
 .text.global_stdio_init.part.0
                0x00004fc0       0x3c c:/progra~2/armgnu~1/12dbab~1.2re/bin/../lib/gcc/arm-none-eabi/12.2.1/thumb/v7e-m+fp/hard\libc_nano.a(libc_a-findfp.o)
 .text.__sfp_lock_acquire
                0x00004ffc        0xc c:/progra~2/armgnu~1/12dbab~1.2re/bin/../lib/gcc/arm-none-eabi/12.2.1/thumb/v7e-m+fp/hard\libc_nano.a(libc_a-findfp.o)
                0x00004ffc                __sfp_lock_acquire
 .text.__sfp_lock_release
                0x00005008        0xc c:/progra~2/armgnu~1/12dbab~1.2re/bin/../lib/gcc/arm-none-eabi/12.2.1/thumb/v7e-m+fp/hard\libc_nano.a(libc_a-findfp.o)
                0x00005008                __sfp_lock_release
 .text.__sinit  0x00005014       0x30 c:/progra~2/armgnu~1/12dbab~1.2re/bin/../lib/gcc/arm-none-eabi/12.2.1/thumb/v7e-m+fp/hard\libc_nano.a(libc_a-findfp.o)
                0x00005014                __sinit
 .text._fwalk_sglue
                0x00005044       0x3c c:/progra~2/armgnu~1/12dbab~1.2re/bin/../lib/gcc/arm-none-eabi/12.2.1/thumb/v7e-m+fp/hard\libc_nano.a(libc_a-fwalk.o)
                0x00005044                _fwalk_sglue
 .text.printf   0x00005080       0x24 c:/progra~2/armgnu~1/12dbab~1.2re/bin/../lib/gcc/arm-none-eabi/12.2.1/thumb/v7e-m+fp/hard\libc_nano.a(libc_a-printf.o)
                0x00005080                iprintf
                0x00005080                printf
 .text.scanf    0x000050a4       0x24 c:/progra~2/armgnu~1/12dbab~1.2re/bin/../lib/gcc/arm-none-eabi/12.2.1/thumb/v7e-m+fp/hard\libc_nano.a(libc_a-scanf.o)
                0x000050a4                scanf
                0x000050a4                iscanf
 .text.setvbuf  0x000050c8      0x168 c:/progra~2/armgnu~1/12dbab~1.2re/bin/../lib/gcc/arm-none-eabi/12.2.1/thumb/v7e-m+fp/hard\libc_nano.a(libc_a-setvbuf.o)
                0x000050c8                setvbuf
 .text.__sread  0x00005230       0x22 c:/progra~2/armgnu~1/12dbab~1.2re/bin/../lib/gcc/arm-none-eabi/12.2.1/thumb/v7e-m+fp/hard\libc_nano.a(libc_a-stdio.o)
                0x00005230                __sread
 .text.__swrite
                0x00005252       0x38 c:/progra~2/armgnu~1/12dbab~1.2re/bin/../lib/gcc/arm-none-eabi/12.2.1/thumb/v7e-m+fp/hard\libc_nano.a(libc_a-stdio.o)
                0x00005252                __swrite
 .text.__sseek  0x0000528a       0x24 c:/progra~2/armgnu~1/12dbab~1.2re/bin/../lib/gcc/arm-none-eabi/12.2.1/thumb/v7e-m+fp/hard\libc_nano.a(libc_a-stdio.o)
                0x0000528a                __sseek
 .text.__sclose
                0x000052ae        0x8 c:/progra~2/armgnu~1/12dbab~1.2re/bin/../lib/gcc/arm-none-eabi/12.2.1/thumb/v7e-m+fp/hard\libc_nano.a(libc_a-stdio.o)
                0x000052ae                __sclose
 .text.memset   0x000052b6       0x10 c:/progra~2/armgnu~1/12dbab~1.2re/bin/../lib/gcc/arm-none-eabi/12.2.1/thumb/v7e-m+fp/hard\libc_nano.a(libc_a-memset.o)
                0x000052b6                memset
 .text.strncpy  0x000052c6       0x26 c:/progra~2/armgnu~1/12dbab~1.2re/bin/../lib/gcc/arm-none-eabi/12.2.1/thumb/v7e-m+fp/hard\libc_nano.a(libc_a-strncpy.o)
                0x000052c6                strncpy
 .text._raise_r
                0x000052ec       0x50 c:/progra~2/armgnu~1/12dbab~1.2re/bin/../lib/gcc/arm-none-eabi/12.2.1/thumb/v7e-m+fp/hard\libc_nano.a(libc_a-signal.o)
                0x000052ec                _raise_r
 .text.raise    0x0000533c       0x10 c:/progra~2/armgnu~1/12dbab~1.2re/bin/../lib/gcc/arm-none-eabi/12.2.1/thumb/v7e-m+fp/hard\libc_nano.a(libc_a-signal.o)
                0x0000533c                raise
 .text._close_r
                0x0000534c       0x20 c:/progra~2/armgnu~1/12dbab~1.2re/bin/../lib/gcc/arm-none-eabi/12.2.1/thumb/v7e-m+fp/hard\libc_nano.a(libc_a-closer.o)
                0x0000534c                _close_r
 .text._lseek_r
                0x0000536c       0x24 c:/progra~2/armgnu~1/12dbab~1.2re/bin/../lib/gcc/arm-none-eabi/12.2.1/thumb/v7e-m+fp/hard\libc_nano.a(libc_a-lseekr.o)
                0x0000536c                _lseek_r
 .text._read_r  0x00005390       0x24 c:/progra~2/armgnu~1/12dbab~1.2re/bin/../lib/gcc/arm-none-eabi/12.2.1/thumb/v7e-m+fp/hard\libc_nano.a(libc_a-readr.o)
                0x00005390                _read_r
 .text._kill_r  0x000053b4       0x24 c:/progra~2/armgnu~1/12dbab~1.2re/bin/../lib/gcc/arm-none-eabi/12.2.1/thumb/v7e-m+fp/hard\libc_nano.a(libc_a-signalr.o)
                0x000053b4                _kill_r
 .text._getpid_r
                0x000053d8        0x4 c:/progra~2/armgnu~1/12dbab~1.2re/bin/../lib/gcc/arm-none-eabi/12.2.1/thumb/v7e-m+fp/hard\libc_nano.a(libc_a-signalr.o)
                0x000053d8                _getpid_r
 .text._sbrk_r  0x000053dc       0x20 c:/progra~2/armgnu~1/12dbab~1.2re/bin/../lib/gcc/arm-none-eabi/12.2.1/thumb/v7e-m+fp/hard\libc_nano.a(libc_a-sbrkr.o)
                0x000053dc                _sbrk_r
 .text._write_r
                0x000053fc       0x24 c:/progra~2/armgnu~1/12dbab~1.2re/bin/../lib/gcc/arm-none-eabi/12.2.1/thumb/v7e-m+fp/hard\libc_nano.a(libc_a-writer.o)
                0x000053fc                _write_r
 .text.__errno  0x00005420        0xc c:/progra~2/armgnu~1/12dbab~1.2re/bin/../lib/gcc/arm-none-eabi/12.2.1/thumb/v7e-m+fp/hard\libc_nano.a(libc_a-errno.o)
                0x00005420                __errno
 .text.__libc_init_array
                0x0000542c       0x48 c:/progra~2/armgnu~1/12dbab~1.2re/bin/../lib/gcc/arm-none-eabi/12.2.1/thumb/v7e-m+fp/hard\libc_nano.a(libc_a-init.o)
                0x0000542c                __libc_init_array
 .text.__retarget_lock_init_recursive
                0x00005474        0x2 c:/progra~2/armgnu~1/12dbab~1.2re/bin/../lib/gcc/arm-none-eabi/12.2.1/thumb/v7e-m+fp/hard\libc_nano.a(libc_a-lock.o)
                0x00005474                __retarget_lock_init_recursive
 .text.__retarget_lock_acquire_recursive
                0x00005476        0x2 c:/progra~2/armgnu~1/12dbab~1.2re/bin/../lib/gcc/arm-none-eabi/12.2.1/thumb/v7e-m+fp/hard\libc_nano.a(libc_a-lock.o)
                0x00005476                __retarget_lock_acquire_recursive
 .text.__retarget_lock_release_recursive
                0x00005478        0x2 c:/progra~2/armgnu~1/12dbab~1.2re/bin/../lib/gcc/arm-none-eabi/12.2.1/thumb/v7e-m+fp/hard\libc_nano.a(libc_a-lock.o)
                0x00005478                __retarget_lock_release_recursive
 *fill*         0x0000547a        0x2 
 .text._free_r  0x0000547c       0x94 c:/progra~2/armgnu~1/12dbab~1.2re/bin/../lib/gcc/arm-none-eabi/12.2.1/thumb/v7e-m+fp/hard\libc_nano.a(libc_a-freer.o)
                0x0000547c                _free_r
 .text.__sfputc_r
                0x00005510       0x2e c:/progra~2/armgnu~1/12dbab~1.2re/bin/../lib/gcc/arm-none-eabi/12.2.1/thumb/v7e-m+fp/hard\libc_nano.a(libc_a-nano-vfprintf.o)
 .text.__sfputs_r
                0x0000553e       0x24 c:/progra~2/armgnu~1/12dbab~1.2re/bin/../lib/gcc/arm-none-eabi/12.2.1/thumb/v7e-m+fp/hard\libc_nano.a(libc_a-nano-vfprintf.o)
                0x0000553e                __sfputs_r
 *fill*         0x00005562        0x2 
 .text._vfprintf_r
                0x00005564      0x230 c:/progra~2/armgnu~1/12dbab~1.2re/bin/../lib/gcc/arm-none-eabi/12.2.1/thumb/v7e-m+fp/hard\libc_nano.a(libc_a-nano-vfprintf.o)
                0x00005564                _vfprintf_r
                0x00005564                _vfiprintf_r
 .text._printf_common
                0x00005794       0xda c:/progra~2/armgnu~1/12dbab~1.2re/bin/../lib/gcc/arm-none-eabi/12.2.1/thumb/v7e-m+fp/hard\libc_nano.a(libc_a-nano-vfprintf_i.o)
                0x00005794                _printf_common
 *fill*         0x0000586e        0x2 
 .text._printf_i
                0x00005870      0x258 c:/progra~2/armgnu~1/12dbab~1.2re/bin/../lib/gcc/arm-none-eabi/12.2.1/thumb/v7e-m+fp/hard\libc_nano.a(libc_a-nano-vfprintf_i.o)
                0x00005870                _printf_i
 .text.__svfscanf_r
                0x00005ac8      0x33c c:/progra~2/armgnu~1/12dbab~1.2re/bin/../lib/gcc/arm-none-eabi/12.2.1/thumb/v7e-m+fp/hard\libc_nano.a(libc_a-nano-vfscanf.o)
                0x00005ac8                __svfscanf_r
                0x00005ac8                __svfiscanf_r
 .text._vfscanf_r
                0x00005e04       0x26 c:/progra~2/armgnu~1/12dbab~1.2re/bin/../lib/gcc/arm-none-eabi/12.2.1/thumb/v7e-m+fp/hard\libc_nano.a(libc_a-nano-vfscanf.o)
                0x00005e04                _vfscanf_r
                0x00005e04                _vfiscanf_r
 *fill*         0x00005e2a        0x2 
 .text._scanf_chars
                0x00005e2c       0xb4 c:/progra~2/armgnu~1/12dbab~1.2re/bin/../lib/gcc/arm-none-eabi/12.2.1/thumb/v7e-m+fp/hard\libc_nano.a(libc_a-nano-vfscanf_i.o)
                0x00005e2c                _scanf_chars
 .text._scanf_i
                0x00005ee0      0x200 c:/progra~2/armgnu~1/12dbab~1.2re/bin/../lib/gcc/arm-none-eabi/12.2.1/thumb/v7e-m+fp/hard\libc_nano.a(libc_a-nano-vfscanf_i.o)
                0x00005ee0                _scanf_i
 .text.__swhatbuf_r
                0x000060e0       0x4c c:/progra~2/armgnu~1/12dbab~1.2re/bin/../lib/gcc/arm-none-eabi/12.2.1/thumb/v7e-m+fp/hard\libc_nano.a(libc_a-makebuf.o)
                0x000060e0                __swhatbuf_r
 .text.__smakebuf_r
                0x0000612c       0x78 c:/progra~2/armgnu~1/12dbab~1.2re/bin/../lib/gcc/arm-none-eabi/12.2.1/thumb/v7e-m+fp/hard\libc_nano.a(libc_a-makebuf.o)
                0x0000612c                __smakebuf_r
 .text.lflush   0x000061a4       0x1c c:/progra~2/armgnu~1/12dbab~1.2re/bin/../lib/gcc/arm-none-eabi/12.2.1/thumb/v7e-m+fp/hard\libc_nano.a(libc_a-refill.o)
 .text.__srefill_r
                0x000061c0       0xe8 c:/progra~2/armgnu~1/12dbab~1.2re/bin/../lib/gcc/arm-none-eabi/12.2.1/thumb/v7e-m+fp/hard\libc_nano.a(libc_a-refill.o)
                0x000061c0                __srefill_r
 .text.__sccl   0x000062a8       0x72 c:/progra~2/armgnu~1/12dbab~1.2re/bin/../lib/gcc/arm-none-eabi/12.2.1/thumb/v7e-m+fp/hard\libc_nano.a(libc_a-sccl.o)
                0x000062a8                __sccl
 .text.__submore
                0x0000631a       0x74 c:/progra~2/armgnu~1/12dbab~1.2re/bin/../lib/gcc/arm-none-eabi/12.2.1/thumb/v7e-m+fp/hard\libc_nano.a(libc_a-ungetc.o)
                0x0000631a                __submore
 .text._ungetc_r
                0x0000638e       0xfe c:/progra~2/armgnu~1/12dbab~1.2re/bin/../lib/gcc/arm-none-eabi/12.2.1/thumb/v7e-m+fp/hard\libc_nano.a(libc_a-ungetc.o)
                0x0000638e                _ungetc_r
 .text.__swbuf_r
                0x0000648c       0x7c c:/progra~2/armgnu~1/12dbab~1.2re/bin/../lib/gcc/arm-none-eabi/12.2.1/thumb/v7e-m+fp/hard\libc_nano.a(libc_a-wbuf.o)
                0x0000648c                __swbuf_r
 .text.__swsetup_r
                0x00006508       0xac c:/progra~2/armgnu~1/12dbab~1.2re/bin/../lib/gcc/arm-none-eabi/12.2.1/thumb/v7e-m+fp/hard\libc_nano.a(libc_a-wsetup.o)
                0x00006508                __swsetup_r
 .text._fstat_r
                0x000065b4       0x24 c:/progra~2/armgnu~1/12dbab~1.2re/bin/../lib/gcc/arm-none-eabi/12.2.1/thumb/v7e-m+fp/hard\libc_nano.a(libc_a-fstatr.o)
                0x000065b4                _fstat_r
 .text._isatty_r
                0x000065d8       0x20 c:/progra~2/armgnu~1/12dbab~1.2re/bin/../lib/gcc/arm-none-eabi/12.2.1/thumb/v7e-m+fp/hard\libc_nano.a(libc_a-isattyr.o)
                0x000065d8                _isatty_r
 .text.memcpy   0x000065f8       0x1c c:/progra~2/armgnu~1/12dbab~1.2re/bin/../lib/gcc/arm-none-eabi/12.2.1/thumb/v7e-m+fp/hard\libc_nano.a(libc_a-memcpy-stub.o)
                0x000065f8                memcpy
 .text._realloc_r
                0x00006614       0x5c c:/progra~2/armgnu~1/12dbab~1.2re/bin/../lib/gcc/arm-none-eabi/12.2.1/thumb/v7e-m+fp/hard\libc_nano.a(libc_a-reallocr.o)
                0x00006614                _realloc_r
 .text._strtol_l.constprop.0
                0x00006670       0xfc c:/progra~2/armgnu~1/12dbab~1.2re/bin/../lib/gcc/arm-none-eabi/12.2.1/thumb/v7e-m+fp/hard\libc_nano.a(libc_a-strtol.o)
 .text._strtol_r
                0x0000676c        0x4 c:/progra~2/armgnu~1/12dbab~1.2re/bin/../lib/gcc/arm-none-eabi/12.2.1/thumb/v7e-m+fp/hard\libc_nano.a(libc_a-strtol.o)
                0x0000676c                _strtol_r
 .text._strtoul_l.constprop.0
                0x00006770       0xe4 c:/progra~2/armgnu~1/12dbab~1.2re/bin/../lib/gcc/arm-none-eabi/12.2.1/thumb/v7e-m+fp/hard\libc_nano.a(libc_a-strtoul.o)
 .text._strtoul_r
                0x00006854        0x4 c:/progra~2/armgnu~1/12dbab~1.2re/bin/../lib/gcc/arm-none-eabi/12.2.1/thumb/v7e-m+fp/hard\libc_nano.a(libc_a-strtoul.o)
                0x00006854                _strtoul_r
 .text._malloc_usable_size_r
                0x00006858       0x10 c:/progra~2/armgnu~1/12dbab~1.2re/bin/../lib/gcc/arm-none-eabi/12.2.1/thumb/v7e-m+fp/hard\libc_nano.a(libc_a-msizer.o)
                0x00006858                _malloc_usable_size_r
 .text._sbrk    0x00006868       0x1c c:/progra~2/armgnu~1/12dbab~1.2re/bin/../lib/gcc/arm-none-eabi/12.2.1/thumb/v7e-m+fp/hard\libnosys.a(sbrk.o)
                0x00006868                _sbrk
 .text._exit    0x00006884        0x4 c:/progra~2/armgnu~1/12dbab~1.2re/bin/../lib/gcc/arm-none-eabi/12.2.1/thumb/v7e-m+fp/hard\libnosys.a(_exit.o)
                0x00006884                _exit
 *(SORT_BY_NAME(.ctors.*))
 *(.ctors)
 *(SORT_BY_NAME(.dtors.*))
 *(.dtors)
 *(.init)
 .init          0x00006888        0x4 c:/progra~2/armgnu~1/12dbab~1.2re/bin/../lib/gcc/arm-none-eabi/12.2.1/thumb/v7e-m+fp/hard/crti.o
                0x00006888                _init
 .init          0x0000688c        0x8 c:/progra~2/armgnu~1/12dbab~1.2re/bin/../lib/gcc/arm-none-eabi/12.2.1/thumb/v7e-m+fp/hard/crtn.o
 *(.fini)
 .fini          0x00006894        0x4 c:/progra~2/armgnu~1/12dbab~1.2re/bin/../lib/gcc/arm-none-eabi/12.2.1/thumb/v7e-m+fp/hard/crti.o
                0x00006894                _fini
 .fini          0x00006898        0x8 c:/progra~2/armgnu~1/12dbab~1.2re/bin/../lib/gcc/arm-none-eabi/12.2.1/thumb/v7e-m+fp/hard/crtn.o
                0x000068a0                __preinit_array_start = .
 *(.preinit_array*)
                0x000068a0                __preinit_array_end = .
                0x000068a0                __init_array_start = .
 *(.init_array*)
 .init_array    0x000068a0        0x4 c:/progra~2/armgnu~1/12dbab~1.2re/bin/../lib/gcc/arm-none-eabi/12.2.1/thumb/v7e-m+fp/hard/crtbegin.o
 .init_array    0x000068a4        0x4 YAHAL_ski\libYAHAL_ski.a(st7735s_drv.cpp.obj)
 .init_array    0x000068a8        0x4 YAHAL_ski\libYAHAL_ski.a(adc14_msp432.cpp.obj)
 .init_array    0x000068ac        0x4 YAHAL_ski\libYAHAL_ski.a(gpio_msp432.cpp.obj)
 .init_array    0x000068b0        0x4 YAHAL_ski\libYAHAL_ski.a(spi_msp432.cpp.obj)
 .init_array    0x000068b4        0x4 YAHAL_ski\libYAHAL_ski.a(uart_msp432.cpp.obj)
 .init_array    0x000068b8        0x4 YAHAL_ski\libYAHAL_ski.a(task.cpp.obj)
 .init_array    0x000068bc        0x4 YAHAL_ski\libYAHAL_ski.a(posix_io.cpp.obj)
                0x000068c0                __init_array_end = .
                0x000068c0                __fini_array_start = .
 *(.fini_array*)
 .fini_array    0x000068c0        0x4 c:/progra~2/armgnu~1/12dbab~1.2re/bin/../lib/gcc/arm-none-eabi/12.2.1/thumb/v7e-m+fp/hard/crtbegin.o
                0x000068c4                __fini_array_end = .
 .text          0x000068c4       0x7c c:/progra~2/armgnu~1/12dbab~1.2re/bin/../lib/gcc/arm-none-eabi/12.2.1/thumb/v7e-m+fp/hard/crt0.o
                0x000068c4                _stack_init
                0x000068cc                _start
                0x000068cc                _mainCRTStartup
 .text          0x00006940       0xa0 c:/progra~2/armgnu~1/12dbab~1.2re/bin/../lib/gcc/arm-none-eabi/12.2.1/thumb/v7e-m+fp/hard\libc_nano.a(libc_a-memchr.o)
                0x00006940                memchr

.glue_7         0x000069e0        0x0
 .glue_7        0x000069e0        0x0 linker stubs

.glue_7t        0x000069e0        0x0
 .glue_7t       0x000069e0        0x0 linker stubs

.vfp11_veneer   0x000069e0        0x0
 .vfp11_veneer  0x000069e0        0x0 linker stubs

.v4_bx          0x000069e0        0x0
 .v4_bx         0x000069e0        0x0 linker stubs

.iplt           0x000069e0        0x0
 .iplt          0x000069e0        0x0 c:/progra~2/armgnu~1/12dbab~1.2re/bin/../lib/gcc/arm-none-eabi/12.2.1/thumb/v7e-m+fp/hard/crtbegin.o

.ARM.extab      0x000069e0        0x0
 *(.ARM.extab* .gnu.linkonce.armextab.*)
 .ARM.extab     0x000069e0        0x0 c:/progra~2/armgnu~1/12dbab~1.2re/bin/../lib/gcc/arm-none-eabi/12.2.1/thumb/v7e-m+fp/hard/crt0.o

.ARM.exidx      0x000069e0        0x8
                0x000069e0                __exidx_start = .
 *(.ARM.exidx* .gnu.linkonce.armexidx.*)
 .ARM.exidx     0x000069e0        0x8 c:/progra~2/armgnu~1/12dbab~1.2re/bin/../lib/gcc/arm-none-eabi/12.2.1/thumb/v7e-m+fp/hard/crt0.o
                                 0x10 (size before relaxing)
                0x000069e8                __exidx_end = .

.rodata         0x000069e8     0x8ec7
 *(.rodata)
 .rodata        0x000069e8       0x59 YAHAL_ski\libYAHAL_ski.a(task_msp432.cpp.obj)
 *fill*         0x00006a41        0x3 
 .rodata        0x00006a44        0xc c:/progra~2/armgnu~1/12dbab~1.2re/bin/../lib/gcc/arm-none-eabi/12.2.1/thumb/v7e-m+fp/hard\libc_nano.a(libc_a-nano-vfscanf_i.o)
 *(.rodata.*)
 .rodata._Z17window_1_callbackPN4uGUI7MESSAGEE.str1.4
                0x00006a50        0x4 CMakeFiles/ski.dir/ski.cpp.obj
 .rodata._Z8setSpeedv.str1.4
                0x00006a54       0x31 CMakeFiles/ski.dir/ski.cpp.obj
 *fill*         0x00006a85        0x3 
 .rodata.main.str1.4
                0x00006a88       0x38 CMakeFiles/ski.dir/ski.cpp.obj
 .rodata.mario  0x00006ac0     0x8000 CMakeFiles/ski.dir/gen/mario.cpp.obj
                0x00006ac0                mario
 .rodata._ZN13lcd_interface12convertColorEmm.str1.4
                0x0000eac0       0x4f YAHAL_ski\libYAHAL_ski.a(st7735s_drv.cpp.obj)
 *fill*         0x0000eb0f        0x1 
 .rodata._ZTV12pixel_stream
                0x0000eb10       0x14 YAHAL_ski\libYAHAL_ski.a(st7735s_drv.cpp.obj)
                0x0000eb10                vtable for pixel_stream
 .rodata._ZTV13lcd_interface
                0x0000eb24       0x2c YAHAL_ski\libYAHAL_ski.a(st7735s_drv.cpp.obj)
                0x0000eb24                vtable for lcd_interface
 .rodata._ZTV11st7735s_drv
                0x0000eb50       0x2c YAHAL_ski\libYAHAL_ski.a(st7735s_drv.cpp.obj)
                0x0000eb50                vtable for st7735s_drv
 .rodata._ZTV18pixel_stream_const
                0x0000eb7c       0x1c YAHAL_ski\libYAHAL_ski.a(st7735s_drv.cpp.obj)
                0x0000eb7c                vtable for pixel_stream_const
 .rodata._ZN12adc14_msp4327getModeEh.str1.4
                0x0000eb98       0x52 YAHAL_ski\libYAHAL_ski.a(adc14_msp432.cpp.obj)
 *fill*         0x0000ebea        0x2 
 .rodata._ZTV13adc_interface
                0x0000ebec       0x24 YAHAL_ski\libYAHAL_ski.a(adc14_msp432.cpp.obj)
                0x0000ebec                vtable for adc_interface
 .rodata._ZTV12adc14_msp432
                0x0000ec10       0x24 YAHAL_ski\libYAHAL_ski.a(adc14_msp432.cpp.obj)
                0x0000ec10                vtable for adc14_msp432
 .rodata._ZN11gpio_msp4328gpioReadEt.str1.4
                0x0000ec34       0x51 YAHAL_ski\libYAHAL_ski.a(gpio_msp432.cpp.obj)
 *fill*         0x0000ec85        0x3 
 .rodata._ZTV14gpio_interface
                0x0000ec88       0x30 YAHAL_ski\libYAHAL_ski.a(gpio_msp432.cpp.obj)
                0x0000ec88                vtable for gpio_interface
 .rodata._ZTV11gpio_msp432
                0x0000ecb8       0x30 YAHAL_ski\libYAHAL_ski.a(gpio_msp432.cpp.obj)
                0x0000ecb8                vtable for gpio_msp432
 .rodata._ZN10spi_msp432C2EP16EUSCI_A_SPI_TypeR8gpio_pinbt.str1.4
                0x0000ece8       0x50 YAHAL_ski\libYAHAL_ski.a(spi_msp432.cpp.obj)
 .rodata._ZTV13spi_interface
                0x0000ed38       0x2c YAHAL_ski\libYAHAL_ski.a(spi_msp432.cpp.obj)
                0x0000ed38                vtable for spi_interface
 .rodata._ZTV10spi_msp432
                0x0000ed64       0x2c YAHAL_ski\libYAHAL_ski.a(spi_msp432.cpp.obj)
                0x0000ed64                vtable for spi_msp432
 .rodata._ZN11uart_msp4324initEv.str1.4
                0x0000ed90       0x51 YAHAL_ski\libYAHAL_ski.a(uart_msp432.cpp.obj)
 *fill*         0x0000ede1        0x3 
 .rodata._ZTV14uart_interface
                0x0000ede4       0x34 YAHAL_ski\libYAHAL_ski.a(uart_msp432.cpp.obj)
                0x0000ede4                vtable for uart_interface
 .rodata._ZTV11uart_msp432
                0x0000ee18       0x34 YAHAL_ski\libYAHAL_ski.a(uart_msp432.cpp.obj)
                0x0000ee18                vtable for uart_msp432
 .rodata._ZN4taskC2EPKct.str1.4
                0x0000ee4c       0x3f YAHAL_ski\libYAHAL_ski.a(task.cpp.obj)
 *fill*         0x0000ee8b        0x1 
 .rodata._ZTV4task
                0x0000ee8c       0x14 YAHAL_ski\libYAHAL_ski.a(task.cpp.obj)
                0x0000ee8c                vtable for task
 .rodata._write.str1.4
                0x0000eea0        0xd YAHAL_ski\libYAHAL_ski.a(posix_io.cpp.obj)
 *fill*         0x0000eead        0x3 
 .rodata._ZTV9task_idle
                0x0000eeb0       0x14 YAHAL_ski\libYAHAL_ski.a(task_msp432.cpp.obj)
                0x0000eeb0                vtable for task_idle
 .rodata._ZN4uGUI12ButtonCreateEPNS_6WINDOWEPNS_6BUTTONEhssss.str1.4
                0x0000eec4        0x2 uGUI_ski\libuGUI_ski.a(uGUI.cpp.obj)
 *fill*         0x0000eec6        0x2 
 .rodata._ZL19pal_button_released
                0x0000eec8       0x30 uGUI_ski\libuGUI_ski.a(uGUI.cpp.obj)
 .rodata._ZL18pal_button_pressed
                0x0000eef8       0x30 uGUI_ski\libuGUI_ski.a(uGUI.cpp.obj)
 .rodata._ZL10pal_window
                0x0000ef28       0x30 uGUI_ski\libuGUI_ski.a(uGUI.cpp.obj)
 .rodata.FONT_6X8
                0x0000ef58        0x8 uGUI_ski\libuGUI_ski.a(font_6x8.cpp.obj)
                0x0000ef58                FONT_6X8
 .rodata.font_6x8
                0x0000ef60      0x800 uGUI_ski\libuGUI_ski.a(font_6x8.cpp.obj)
                0x0000ef60                font_6x8
 .rodata._vfprintf_r.str1.1
                0x0000f760       0x11 c:/progra~2/armgnu~1/12dbab~1.2re/bin/../lib/gcc/arm-none-eabi/12.2.1/thumb/v7e-m+fp/hard\libc_nano.a(libc_a-nano-vfprintf.o)
 .rodata._printf_i.str1.1
                0x0000f771       0x22 c:/progra~2/armgnu~1/12dbab~1.2re/bin/../lib/gcc/arm-none-eabi/12.2.1/thumb/v7e-m+fp/hard\libc_nano.a(libc_a-nano-vfprintf_i.o)
 .rodata.__svfscanf_r.str1.1
                0x0000f793        0x4 c:/progra~2/armgnu~1/12dbab~1.2re/bin/../lib/gcc/arm-none-eabi/12.2.1/thumb/v7e-m+fp/hard\libc_nano.a(libc_a-nano-vfscanf.o)
 .rodata._scanf_i.str1.1
                0x0000f793       0x12 c:/progra~2/armgnu~1/12dbab~1.2re/bin/../lib/gcc/arm-none-eabi/12.2.1/thumb/v7e-m+fp/hard\libc_nano.a(libc_a-nano-vfscanf_i.o)
 .rodata.str1.1
                0x0000f7a5        0x9 c:/progra~2/armgnu~1/12dbab~1.2re/bin/../lib/gcc/arm-none-eabi/12.2.1/thumb/v7e-m+fp/hard\libc_nano.a(libc_a-nano-vfscanf_i.o)
 .rodata._ctype_
                0x0000f7ae      0x101 c:/progra~2/armgnu~1/12dbab~1.2re/bin/../lib/gcc/arm-none-eabi/12.2.1/thumb/v7e-m+fp/hard\libc_nano.a(libc_a-ctype_.o)
                0x0000f7ae                _ctype_

.eh_frame       0x0000f8b0        0x0
 .eh_frame      0x0000f8b0        0x0 c:/progra~2/armgnu~1/12dbab~1.2re/bin/../lib/gcc/arm-none-eabi/12.2.1/thumb/v7e-m+fp/hard/crtbegin.o

.rel.dyn        0x0000f8b0        0x0
 .rel.iplt      0x0000f8b0        0x0 c:/progra~2/armgnu~1/12dbab~1.2re/bin/../lib/gcc/arm-none-eabi/12.2.1/thumb/v7e-m+fp/hard/crtbegin.o

.copy.table     0x0000f8af        0xd
                0x0000f8b0                . = ALIGN (0x8)
 *fill*         0x0000f8af        0x1 
                0x0000f8b0                __copy_table_start__ = .
                0x0000f8b0        0x4 LONG 0xf8c8 __data_load__
                0x0000f8b4        0x4 LONG 0x20000000 __data_start__
                0x0000f8b8        0x4 LONG 0x98 (__data_end__ - __data_start__)
                0x0000f8bc                __copy_table_end__ = .

.zero.table     0x0000f8bc        0xc
                0x0000f8c0                . = ALIGN (0x8)
 *fill*         0x0000f8bc        0x4 
                0x0000f8c0                __zero_table_start__ = .
                0x0000f8c0        0x4 LONG 0x20000098 __bss_start__
                0x0000f8c4        0x4 LONG 0x778 (__bss_end__ - __bss_start__)
                0x0000f8c8                __zero_table_end__ = .
                0x0000f8c8                __etext = .

.data           0x20000000       0x98 load address 0x0000f8c8
                0x20000000                . = ALIGN (0x4)
                0x0000f8c8                __data_load__ = LOADADDR (.data)
                0x20000000                __data_start__ = .
 *(.vtable)
 *(.data*)
 .data.__dso_handle
                0x20000000        0x4 c:/progra~2/armgnu~1/12dbab~1.2re/bin/../lib/gcc/arm-none-eabi/12.2.1/thumb/v7e-m+fp/hard/crtbegin.o
                0x20000000                __dso_handle
 .data.dy_speed
                0x20000004        0x4 CMakeFiles/ski.dir/ski.cpp.obj
                0x20000004                dy_speed
 .data.dx_speed
                0x20000008        0x4 CMakeFiles/ski.dir/ski.cpp.obj
                0x20000008                dx_speed
 .data.port_base
                0x2000000c       0x28 YAHAL_ski\libYAHAL_ski.a(gpio_msp432.cpp.obj)
                0x2000000c                port_base
 .data.SubsystemMasterClock
                0x20000034        0x4 YAHAL_ski\libYAHAL_ski.a(system_msp432_gcc.cpp.obj)
                0x20000034                SubsystemMasterClock
 .data.SystemCoreClock
                0x20000038        0x4 YAHAL_ski\libYAHAL_ski.a(system_msp432_gcc.cpp.obj)
                0x20000038                SystemCoreClock
 .data.__sglue  0x2000003c        0xc c:/progra~2/armgnu~1/12dbab~1.2re/bin/../lib/gcc/arm-none-eabi/12.2.1/thumb/v7e-m+fp/hard\libc_nano.a(libc_a-findfp.o)
                0x2000003c                __sglue
 .data._impure_ptr
                0x20000048        0x4 c:/progra~2/armgnu~1/12dbab~1.2re/bin/../lib/gcc/arm-none-eabi/12.2.1/thumb/v7e-m+fp/hard\libc_nano.a(libc_a-impure.o)
                0x20000048                _impure_ptr
 .data._impure_data
                0x2000004c       0x4c c:/progra~2/armgnu~1/12dbab~1.2re/bin/../lib/gcc/arm-none-eabi/12.2.1/thumb/v7e-m+fp/hard\libc_nano.a(libc_a-impure.o)
                0x2000004c                _impure_data
                0x20000098                . = ALIGN (0x4)
                0x20000098                __data_end__ = .

.tm_clone_table
                0x20000098        0x0 load address 0x0000f960
 .tm_clone_table
                0x20000098        0x0 c:/progra~2/armgnu~1/12dbab~1.2re/bin/../lib/gcc/arm-none-eabi/12.2.1/thumb/v7e-m+fp/hard/crtbegin.o
 .tm_clone_table
                0x20000098        0x0 c:/progra~2/armgnu~1/12dbab~1.2re/bin/../lib/gcc/arm-none-eabi/12.2.1/thumb/v7e-m+fp/hard/crtend.o

.igot.plt       0x20000098        0x0 load address 0x0000f960
 .igot.plt      0x20000098        0x0 c:/progra~2/armgnu~1/12dbab~1.2re/bin/../lib/gcc/arm-none-eabi/12.2.1/thumb/v7e-m+fp/hard/crtbegin.o

.bss            0x20000098      0x778 load address 0x0000f960
                0x20000098                . = ALIGN (0x4)
                0x20000098                __bss_start__ = .
 *(SORT_BY_ALIGNMENT(SORT_BY_NAME(.bss*)))
 .bss._ZN4task9_up_ticksE
                0x20000098        0x8 YAHAL_ski\libYAHAL_ski.a(task.cpp.obj)
                0x20000098                task::_up_ticks
 .bss.HfxtFrequency
                0x200000a0        0x4 YAHAL_ski\libYAHAL_ski.a(system_msp432_gcc.cpp.obj)
                0x200000a0                HfxtFrequency
 .bss.LfxtFrequency
                0x200000a4        0x4 YAHAL_ski\libYAHAL_ski.a(system_msp432_gcc.cpp.obj)
                0x200000a4                LfxtFrequency
 .bss.SPI_CLK   0x200000a8        0x4 YAHAL_ski\libYAHAL_ski.a(spi_msp432.cpp.obj)
                0x200000a8                SPI_CLK
 .bss.UART_CLK  0x200000ac        0x4 YAHAL_ski\libYAHAL_ski.a(uart_msp432.cpp.obj)
                0x200000ac                UART_CLK
 .bss._ZL17yahal_assert_file
                0x200000b0        0x4 YAHAL_ski\libYAHAL_ski.a(st7735s_drv.cpp.obj)
 .bss._ZL17yahal_assert_file
                0x200000b4        0x4 YAHAL_ski\libYAHAL_ski.a(adc14_msp432.cpp.obj)
 .bss._ZL17yahal_assert_file
                0x200000b8        0x4 YAHAL_ski\libYAHAL_ski.a(gpio_msp432.cpp.obj)
 .bss._ZL17yahal_assert_file
                0x200000bc        0x4 YAHAL_ski\libYAHAL_ski.a(spi_msp432.cpp.obj)
 .bss._ZL17yahal_assert_file
                0x200000c0        0x4 YAHAL_ski\libYAHAL_ski.a(uart_msp432.cpp.obj)
 .bss._ZL17yahal_assert_file
                0x200000c4        0x4 YAHAL_ski\libYAHAL_ski.a(task.cpp.obj)
 .bss._ZL17yahal_assert_file
                0x200000c8        0x4 YAHAL_ski\libYAHAL_ski.a(task_msp432.cpp.obj)
 .bss._ZL17yahal_assert_line
                0x200000cc        0x4 YAHAL_ski\libYAHAL_ski.a(st7735s_drv.cpp.obj)
 .bss._ZL17yahal_assert_line
                0x200000d0        0x4 YAHAL_ski\libYAHAL_ski.a(adc14_msp432.cpp.obj)
 .bss._ZL17yahal_assert_line
                0x200000d4        0x4 YAHAL_ski\libYAHAL_ski.a(gpio_msp432.cpp.obj)
 .bss._ZL17yahal_assert_line
                0x200000d8        0x4 YAHAL_ski\libYAHAL_ski.a(spi_msp432.cpp.obj)
 .bss._ZL17yahal_assert_line
                0x200000dc        0x4 YAHAL_ski\libYAHAL_ski.a(uart_msp432.cpp.obj)
 .bss._ZL17yahal_assert_line
                0x200000e0        0x4 YAHAL_ski\libYAHAL_ski.a(task.cpp.obj)
 .bss._ZL17yahal_assert_line
                0x200000e4        0x4 YAHAL_ski\libYAHAL_ski.a(task_msp432.cpp.obj)
 .bss._ZL9_exec_ret
                0x200000e8        0x4 YAHAL_ski\libYAHAL_ski.a(task_msp432.cpp.obj)
 .bss._ZN10spi_msp43211_intHandlerE
                0x200000ec       0x80 YAHAL_ski\libYAHAL_ski.a(spi_msp432.cpp.obj)
                0x200000ec                spi_msp432::_intHandler
 .bss._ZN11gpio_msp4324instE
                0x2000016c      0x41c YAHAL_ski\libYAHAL_ski.a(gpio_msp432.cpp.obj)
                0x2000016c                gpio_msp432::inst
 .bss._ZN11st7735s_drv20Crystalfontz_128x128E
                0x20000588        0xc YAHAL_ski\libYAHAL_ski.a(st7735s_drv.cpp.obj)
                0x20000588                st7735s_drv::Crystalfontz_128x128
 .bss._ZN11uart_msp43211_intHandlerE
                0x20000594       0x40 YAHAL_ski\libYAHAL_ski.a(uart_msp432.cpp.obj)
                0x20000594                uart_msp432::_intHandler
 .bss._ZN12_GLOBAL__N_113__new_handlerE
                0x200005d4        0x4 c:/progra~2/armgnu~1/12dbab~1.2re/bin/../lib/gcc/arm-none-eabi/12.2.1/thumb/v7e-m+fp/hard\libstdc++_nano.a(new_handler.o)
 .bss._ZN12adc14_msp4324instE
                0x200005d8       0xa0 YAHAL_ski\libYAHAL_ski.a(adc14_msp432.cpp.obj)
                0x200005d8                adc14_msp432::inst
 .bss._ZN4task5_listE
                0x20000678        0xc YAHAL_ski\libYAHAL_ski.a(task.cpp.obj)
                0x20000678                task::_list
 .bss._ZN4task8_run_ptrE
                0x20000684        0x4 YAHAL_ski\libYAHAL_ski.a(task.cpp.obj)
                0x20000684                task::_run_ptr
 .bss._ZN4task9_run_nextE
                0x20000688        0x4 YAHAL_ski\libYAHAL_ski.a(task.cpp.obj)
                0x20000688                task::_run_next
 .bss._ZN8posix_io4instE
                0x2000068c       0x14 YAHAL_ski\libYAHAL_ski.a(posix_io.cpp.obj)
                0x2000068c                posix_io::inst
 .bss._ZZN4uGUI13_HandleEventsEPNS_6WINDOWEE3msg
                0x200006a0        0x8 uGUI_ski\libuGUI_ski.a(uGUI.cpp.obj)
 .bss.__malloc_free_list
                0x200006a8        0x4 c:/progra~2/armgnu~1/12dbab~1.2re/bin/../lib/gcc/arm-none-eabi/12.2.1/thumb/v7e-m+fp/hard\libc_nano.a(libc_a-mallocr.o)
                0x200006a8                __malloc_free_list
 .bss.__malloc_sbrk_start
                0x200006ac        0x4 c:/progra~2/armgnu~1/12dbab~1.2re/bin/../lib/gcc/arm-none-eabi/12.2.1/thumb/v7e-m+fp/hard\libc_nano.a(libc_a-mallocr.o)
                0x200006ac                __malloc_sbrk_start
 .bss.__sf      0x200006b0      0x138 c:/progra~2/armgnu~1/12dbab~1.2re/bin/../lib/gcc/arm-none-eabi/12.2.1/thumb/v7e-m+fp/hard\libc_nano.a(libc_a-findfp.o)
                0x200006b0                __sf
 .bss.__stdio_exit_handler
                0x200007e8        0x4 c:/progra~2/armgnu~1/12dbab~1.2re/bin/../lib/gcc/arm-none-eabi/12.2.1/thumb/v7e-m+fp/hard\libc_nano.a(libc_a-findfp.o)
                0x200007e8                __stdio_exit_handler
 .bss.errno     0x200007ec        0x4 c:/progra~2/armgnu~1/12dbab~1.2re/bin/../lib/gcc/arm-none-eabi/12.2.1/thumb/v7e-m+fp/hard\libc_nano.a(libc_a-reent.o)
                0x200007ec                errno
 .bss.heap_end.0
                0x200007f0        0x4 c:/progra~2/armgnu~1/12dbab~1.2re/bin/../lib/gcc/arm-none-eabi/12.2.1/thumb/v7e-m+fp/hard\libnosys.a(sbrk.o)
 .bss.object.0  0x200007f4       0x18 c:/progra~2/armgnu~1/12dbab~1.2re/bin/../lib/gcc/arm-none-eabi/12.2.1/thumb/v7e-m+fp/hard/crtbegin.o
 .bss.__lock___malloc_recursive_mutex
                0x2000080c        0x1 c:/progra~2/armgnu~1/12dbab~1.2re/bin/../lib/gcc/arm-none-eabi/12.2.1/thumb/v7e-m+fp/hard\libc_nano.a(libc_a-lock.o)
                0x2000080c                __lock___malloc_recursive_mutex
 .bss.__lock___sfp_recursive_mutex
                0x2000080d        0x1 c:/progra~2/armgnu~1/12dbab~1.2re/bin/../lib/gcc/arm-none-eabi/12.2.1/thumb/v7e-m+fp/hard\libc_nano.a(libc_a-lock.o)
                0x2000080d                __lock___sfp_recursive_mutex
 .bss.completed.1
                0x2000080e        0x1 c:/progra~2/armgnu~1/12dbab~1.2re/bin/../lib/gcc/arm-none-eabi/12.2.1/thumb/v7e-m+fp/hard/crtbegin.o
 *(COMMON)
                0x20000810                . = ALIGN (0x4)
 *fill*         0x2000080f        0x1 
                0x20000810                __bss_end__ = .
                0x20000810                __end__ = .
                0x20000810                end = __end__

.heap           0x20000810        0x0 load address 0x0000f960
                0x20000810                __heap_start__ = .
                0x20000810                __HeapBase = .
 *(.heap*)
                0x20000810                __heap_end__ = .
                0x2000ffff                __HeapLimit = ((ORIGIN (RAM) + LENGTH (RAM)) - 0x1)

.stack          0x20000810        0x0 load address 0x0000f960
                0x20000810                _stack = .
 *(.stack)
                0x20010000                __StackTop = (ORIGIN (RAM) + LENGTH (RAM))
                0x20010000                PROVIDE (__stack = __StackTop)
LOAD CMakeFiles/ski.dir/ski.cpp.obj
LOAD CMakeFiles/ski.dir/gen/mario.cpp.obj
LOAD CMakeFiles/ski.dir/gen/stein.cpp.obj
LOAD YAHAL_ski\libYAHAL_ski.a
LOAD uGUI_ski\libuGUI_ski.a
LOAD c:/progra~2/armgnu~1/12dbab~1.2re/bin/../lib/gcc/arm-none-eabi/12.2.1/thumb/v7e-m+fp/hard\libstdc++_nano.a
LOAD c:/progra~2/armgnu~1/12dbab~1.2re/bin/../lib/gcc/arm-none-eabi/12.2.1/thumb/v7e-m+fp/hard\libm.a
START GROUP
LOAD c:/progra~2/armgnu~1/12dbab~1.2re/bin/../lib/gcc/arm-none-eabi/12.2.1/thumb/v7e-m+fp/hard\libgcc.a
LOAD c:/progra~2/armgnu~1/12dbab~1.2re/bin/../lib/gcc/arm-none-eabi/12.2.1/thumb/v7e-m+fp/hard\libc_nano.a
END GROUP
START GROUP
LOAD c:/progra~2/armgnu~1/12dbab~1.2re/bin/../lib/gcc/arm-none-eabi/12.2.1/thumb/v7e-m+fp/hard\libgcc.a
LOAD c:/progra~2/armgnu~1/12dbab~1.2re/bin/../lib/gcc/arm-none-eabi/12.2.1/thumb/v7e-m+fp/hard\libc_nano.a
LOAD c:/progra~2/armgnu~1/12dbab~1.2re/bin/../lib/gcc/arm-none-eabi/12.2.1/thumb/v7e-m+fp/hard\libnosys.a
END GROUP
START GROUP
LOAD c:/progra~2/armgnu~1/12dbab~1.2re/bin/../lib/gcc/arm-none-eabi/12.2.1/thumb/v7e-m+fp/hard\libgcc.a
LOAD c:/progra~2/armgnu~1/12dbab~1.2re/bin/../lib/gcc/arm-none-eabi/12.2.1/thumb/v7e-m+fp/hard\libc_nano.a
LOAD c:/progra~2/armgnu~1/12dbab~1.2re/bin/../lib/gcc/arm-none-eabi/12.2.1/thumb/v7e-m+fp/hard\libnosys.a
END GROUP
LOAD c:/progra~2/armgnu~1/12dbab~1.2re/bin/../lib/gcc/arm-none-eabi/12.2.1/thumb/v7e-m+fp/hard/crtend.o
LOAD c:/progra~2/armgnu~1/12dbab~1.2re/bin/../lib/gcc/arm-none-eabi/12.2.1/thumb/v7e-m+fp/hard/crtn.o
OUTPUT(ski.elf elf32-littlearm)
LOAD linker stubs

.ARM.attributes
                0x00000000       0x30
 .ARM.attributes
                0x00000000       0x22 c:/progra~2/armgnu~1/12dbab~1.2re/bin/../lib/gcc/arm-none-eabi/12.2.1/thumb/v7e-m+fp/hard/crti.o
 .ARM.attributes
                0x00000022       0x34 c:/progra~2/armgnu~1/12dbab~1.2re/bin/../lib/gcc/arm-none-eabi/12.2.1/thumb/v7e-m+fp/hard/crtbegin.o
 .ARM.attributes
                0x00000056       0x20 c:/progra~2/armgnu~1/12dbab~1.2re/bin/../lib/gcc/arm-none-eabi/12.2.1/thumb/v7e-m+fp/hard/crt0.o
 .ARM.attributes
                0x00000076       0x34 CMakeFiles/ski.dir/ski.cpp.obj
 .ARM.attributes
                0x000000aa       0x34 CMakeFiles/ski.dir/gen/mario.cpp.obj
 .ARM.attributes
                0x000000de       0x34 YAHAL_ski\libYAHAL_ski.a(st7735s_drv.cpp.obj)
 .ARM.attributes
                0x00000112       0x34 YAHAL_ski\libYAHAL_ski.a(adc14_msp432.cpp.obj)
 .ARM.attributes
                0x00000146       0x34 YAHAL_ski\libYAHAL_ski.a(gpio_msp432.cpp.obj)
 .ARM.attributes
                0x0000017a       0x34 YAHAL_ski\libYAHAL_ski.a(spi_msp432.cpp.obj)
 .ARM.attributes
                0x000001ae       0x34 YAHAL_ski\libYAHAL_ski.a(startup_msp432p401r_gcc.cpp.obj)
 .ARM.attributes
                0x000001e2       0x34 YAHAL_ski\libYAHAL_ski.a(uart_msp432.cpp.obj)
 .ARM.attributes
                0x00000216       0x34 YAHAL_ski\libYAHAL_ski.a(system_msp432_gcc.cpp.obj)
 .ARM.attributes
                0x0000024a       0x34 YAHAL_ski\libYAHAL_ski.a(task.cpp.obj)
 .ARM.attributes
                0x0000027e       0x34 YAHAL_ski\libYAHAL_ski.a(cpp_support.cpp.obj)
 .ARM.attributes
                0x000002b2       0x34 YAHAL_ski\libYAHAL_ski.a(posix_io.cpp.obj)
 .ARM.attributes
                0x000002e6       0x34 YAHAL_ski\libYAHAL_ski.a(irq_dispatcher.cpp.obj)
 .ARM.attributes
                0x0000031a       0x34 YAHAL_ski\libYAHAL_ski.a(task_msp432.cpp.obj)
 .ARM.attributes
                0x0000034e       0x30 uGUI_ski\libuGUI_ski.a(uGUI.cpp.obj)
 .ARM.attributes
                0x0000037e       0x30 uGUI_ski\libuGUI_ski.a(font_6x8.cpp.obj)
 .ARM.attributes
                0x000003ae       0x34 c:/progra~2/armgnu~1/12dbab~1.2re/bin/../lib/gcc/arm-none-eabi/12.2.1/thumb/v7e-m+fp/hard\libstdc++_nano.a(atexit_arm.o)
 .ARM.attributes
                0x000003e2       0x34 c:/progra~2/armgnu~1/12dbab~1.2re/bin/../lib/gcc/arm-none-eabi/12.2.1/thumb/v7e-m+fp/hard\libstdc++_nano.a(del_ops.o)
 .ARM.attributes
                0x00000416       0x34 c:/progra~2/armgnu~1/12dbab~1.2re/bin/../lib/gcc/arm-none-eabi/12.2.1/thumb/v7e-m+fp/hard\libstdc++_nano.a(del_opv.o)
 .ARM.attributes
                0x0000044a       0x34 c:/progra~2/armgnu~1/12dbab~1.2re/bin/../lib/gcc/arm-none-eabi/12.2.1/thumb/v7e-m+fp/hard\libstdc++_nano.a(new_op.o)
 .ARM.attributes
                0x0000047e       0x34 c:/progra~2/armgnu~1/12dbab~1.2re/bin/../lib/gcc/arm-none-eabi/12.2.1/thumb/v7e-m+fp/hard\libstdc++_nano.a(new_opv.o)
 .ARM.attributes
                0x000004b2       0x34 c:/progra~2/armgnu~1/12dbab~1.2re/bin/../lib/gcc/arm-none-eabi/12.2.1/thumb/v7e-m+fp/hard\libstdc++_nano.a(del_op.o)
 .ARM.attributes
                0x000004e6       0x34 c:/progra~2/armgnu~1/12dbab~1.2re/bin/../lib/gcc/arm-none-eabi/12.2.1/thumb/v7e-m+fp/hard\libstdc++_nano.a(new_handler.o)
 .ARM.attributes
                0x0000051a       0x34 c:/progra~2/armgnu~1/12dbab~1.2re/bin/../lib/gcc/arm-none-eabi/12.2.1/thumb/v7e-m+fp/hard\libc_nano.a(libc_a-abort.o)
 .ARM.attributes
                0x0000054e       0x34 c:/progra~2/armgnu~1/12dbab~1.2re/bin/../lib/gcc/arm-none-eabi/12.2.1/thumb/v7e-m+fp/hard\libc_nano.a(libc_a-exit.o)
 .ARM.attributes
                0x00000582       0x34 c:/progra~2/armgnu~1/12dbab~1.2re/bin/../lib/gcc/arm-none-eabi/12.2.1/thumb/v7e-m+fp/hard\libc_nano.a(libc_a-malloc.o)
 .ARM.attributes
                0x000005b6       0x34 c:/progra~2/armgnu~1/12dbab~1.2re/bin/../lib/gcc/arm-none-eabi/12.2.1/thumb/v7e-m+fp/hard\libc_nano.a(libc_a-mallocr.o)
 .ARM.attributes
                0x000005ea       0x34 c:/progra~2/armgnu~1/12dbab~1.2re/bin/../lib/gcc/arm-none-eabi/12.2.1/thumb/v7e-m+fp/hard\libc_nano.a(libc_a-mlock.o)
 .ARM.attributes
                0x0000061e       0x34 c:/progra~2/armgnu~1/12dbab~1.2re/bin/../lib/gcc/arm-none-eabi/12.2.1/thumb/v7e-m+fp/hard\libc_nano.a(libc_a-cxa_atexit.o)
 .ARM.attributes
                0x00000652       0x34 c:/progra~2/armgnu~1/12dbab~1.2re/bin/../lib/gcc/arm-none-eabi/12.2.1/thumb/v7e-m+fp/hard\libc_nano.a(libc_a-fflush.o)
 .ARM.attributes